
> rest-express@1.0.0 dev
> NODE_ENV=development tsx server/index.ts

2:44:26 PM [express] serving on port 5000
2:44:32 PM [express] GET /api/auth/me 304 in 14ms :: {"user":{"id":"f6849053-994c-4c43-8e28-2f8fcf3cc8d5","username":"Sanduo","email":"nichenavigator88@gmail.com","emailVerified":false,"verificationToken":null,"passwordResetToken":"9r49SbjDWxwCZ4qC-sI5V...
2:44:32 PM [express] GET /api/courses 304 in 14ms :: {"courses":[{"id":"1c1410f1-5fbb-4ecb-8975-962084c4419a","title":"AI CINEMATOGRAPHY & DIRECTION","slug":"ai-cinematography-and-direction","description":"Master the visual language of AI filmmaking. Fr...
2:44:32 PM [express] GET /api/auth/me 401 in 1ms :: {"message":"Not authenticated"}
2:44:32 PM [express] GET /api/courses 304 in 3ms :: {"courses":[{"id":"1c1410f1-5fbb-4ecb-8975-962084c4419a","title":"AI CINEMATOGRAPHY & DIRECTION","slug":"ai-cinematography-and-direction","description":"Master the visual language of AI filmmaking. Fr...
2:44:37 PM [express] GET /api/auth/me 401 in 0ms :: {"message":"Not authenticated"}
2:44:37 PM [express] GET /api/courses 304 in 3ms :: {"courses":[{"id":"1c1410f1-5fbb-4ecb-8975-962084c4419a","title":"AI CINEMATOGRAPHY & DIRECTION","slug":"ai-cinematography-and-direction","description":"Master the visual language of AI filmmaking. Fr...
2:44:37 PM [express] GET /api/auth/me 304 in 7ms :: {"user":{"id":"f6849053-994c-4c43-8e28-2f8fcf3cc8d5","username":"Sanduo","email":"nichenavigator88@gmail.com","emailVerified":false,"verificationToken":null,"passwordResetToken":"9r49SbjDWxwCZ4qC-sI5V...
2:44:37 PM [express] GET /api/courses 304 in 5ms :: {"courses":[{"id":"1c1410f1-5fbb-4ecb-8975-962084c4419a","title":"AI CINEMATOGRAPHY & DIRECTION","slug":"ai-cinematography-and-direction","description":"Master the visual language of AI filmmaking. Fr...
2:49:11 PM [express] GET /api/course-tiers 304 in 43ms :: {"tiers":[{"id":"568d3daf-117b-4513-b86d-84e9b9b9b86f","name":"Foundation","slug":"foundation","color":"#2962FF","sortOrder":0,"createdAt":"2026-02-22T18:06:42.931Z"},{"id":"999f52a8-feb6-4e16-99b1-18...
2:50:18 PM [express] GET /api/courses 304 in 102ms :: {"courses":[{"id":"1c1410f1-5fbb-4ecb-8975-962084c4419a","title":"AI CINEMATOGRAPHY & DIRECTION","slug":"ai-cinematography-and-direction","description":"Master the visual language of AI filmmaking. Fr...
2:50:18 PM [express] GET /api/enrollments 304 in 123ms :: {"enrollments":[{"id":"4f069a05-b888-46bd-9477-c83f39afeff0","userId":"f6849053-994c-4c43-8e28-2f8fcf3cc8d5","courseId":"3da54ea4-8f54-4633-95b7-79860259a295","enrolledAt":"2025-12-16T10:06:08.502Z","...

> rest-express@1.0.0 dev
> NODE_ENV=development tsx server/index.ts

2:58:30 PM [express] serving on port 5000
2:58:35 PM [express] GET /api/auth/me 304 in 10ms :: {"user":{"id":"f6849053-994c-4c43-8e28-2f8fcf3cc8d5","username":"Sanduo","email":"nichenavigator88@gmail.com","emailVerified":false,"verificationToken":null,"passwordResetToken":"9r49SbjDWxwCZ4qC-sI5V...
2:58:35 PM [express] GET /api/courses 304 in 10ms :: {"courses":[{"id":"1c1410f1-5fbb-4ecb-8975-962084c4419a","title":"AI CINEMATOGRAPHY & DIRECTION","slug":"ai-cinematography-and-direction","description":"Master the visual language of AI filmmaking. Fr...
2:58:36 PM [express] GET /api/auth/me 401 in 0ms :: {"message":"Not authenticated"}
2:58:36 PM [express] GET /api/courses 200 in 3ms :: {"courses":[{"id":"1c1410f1-5fbb-4ecb-8975-962084c4419a","title":"AI CINEMATOGRAPHY & DIRECTION","slug":"ai-cinematography-and-direction","description":"Master the visual language of AI filmmaking. Fr...

> rest-express@1.0.0 dev
> NODE_ENV=development tsx server/index.ts

3:00:26 PM [express] serving on port 5000
3:00:30 PM [express] GET /api/auth/me 304 in 8ms :: {"user":{"id":"f6849053-994c-4c43-8e28-2f8fcf3cc8d5","username":"Sanduo","email":"nichenavigator88@gmail.com","emailVerified":false,"verificationToken":null,"passwordResetToken":"9r49SbjDWxwCZ4qC-sI5V...
3:00:30 PM [express] GET /api/courses 304 in 6ms :: {"courses":[{"id":"1c1410f1-5fbb-4ecb-8975-962084c4419a","title":"AI CINEMATOGRAPHY & DIRECTION","slug":"ai-cinematography-and-direction","description":"Master the visual language of AI filmmaking. Fr...
3:00:31 PM [express] GET /api/auth/me 304 in 4ms :: {"user":{"id":"f6849053-994c-4c43-8e28-2f8fcf3cc8d5","username":"Sanduo","email":"nichenavigator88@gmail.com","emailVerified":false,"verificationToken":null,"passwordResetToken":"9r49SbjDWxwCZ4qC-sI5V...
3:00:31 PM [express] GET /api/courses 304 in 9ms :: {"courses":[{"id":"1c1410f1-5fbb-4ecb-8975-962084c4419a","title":"AI CINEMATOGRAPHY & DIRECTION","slug":"ai-cinematography-and-direction","description":"Master the visual language of AI filmmaking. Fr...
3:00:31 PM [express] GET /api/auth/me 401 in 1ms :: {"message":"Not authenticated"}
3:00:31 PM [express] GET /api/courses 304 in 2ms :: {"courses":[{"id":"1c1410f1-5fbb-4ecb-8975-962084c4419a","title":"AI CINEMATOGRAPHY & DIRECTION","slug":"ai-cinematography-and-direction","description":"Master the visual language of AI filmmaking. Fr...
3:00:32 PM [vite] (client) hmr update /src/index.css, /src/pages/admin-dashboard.tsx
3:00:38 PM [vite] (client) hmr update /src/index.css, /src/pages/admin-dashboard.tsx

> rest-express@1.0.0 dev
> NODE_ENV=development tsx server/index.ts

3:02:44 PM [express] serving on port 5000
3:02:49 PM [express] GET /api/auth/me 304 in 6ms :: {"user":{"id":"f6849053-994c-4c43-8e28-2f8fcf3cc8d5","username":"Sanduo","email":"nichenavigator88@gmail.com","emailVerified":false,"verificationToken":null,"passwordResetToken":"9r49SbjDWxwCZ4qC-sI5V...
3:02:49 PM [express] GET /api/featured-videos 200 in 12ms :: {"videos":[]}
3:02:49 PM [express] GET /api/courses 304 in 8ms :: {"courses":[{"id":"1c1410f1-5fbb-4ecb-8975-962084c4419a","title":"AI CINEMATOGRAPHY & DIRECTION","slug":"ai-cinematography-and-direction","description":"Master the visual language of AI filmmaking. Fr...
3:02:49 PM [express] GET /api/auth/me 401 in 1ms :: {"message":"Not authenticated"}
3:02:49 PM [express] GET /api/featured-videos 200 in 2ms :: {"videos":[]}
3:02:49 PM [express] GET /api/courses 304 in 2ms :: {"courses":[{"id":"1c1410f1-5fbb-4ecb-8975-962084c4419a","title":"AI CINEMATOGRAPHY & DIRECTION","slug":"ai-cinematography-and-direction","description":"Master the visual language of AI filmmaking. Fr...
3:02:50 PM [express] GET /api/featured-videos 200 in 6ms :: {"videos":[]}
3:02:50 PM [express] GET /api/auth/me 304 in 5ms :: {"user":{"id":"f6849053-994c-4c43-8e28-2f8fcf3cc8d5","username":"Sanduo","email":"nichenavigator88@gmail.com","emailVerified":false,"verificationToken":null,"passwordResetToken":"9r49SbjDWxwCZ4qC-sI5V...
3:02:50 PM [express] GET /api/courses 304 in 6ms :: {"courses":[{"id":"1c1410f1-5fbb-4ecb-8975-962084c4419a","title":"AI CINEMATOGRAPHY & DIRECTION","slug":"ai-cinematography-and-direction","description":"Master the visual language of AI filmmaking. Fr...

> rest-express@1.0.0 dev
> NODE_ENV=development tsx server/index.ts

3:03:38 PM [express] serving on port 5000
3:03:42 PM [express] GET /api/featured-videos 304 in 10ms :: {"videos":[]}
3:03:42 PM [express] GET /api/courses 304 in 19ms :: {"courses":[{"id":"1c1410f1-5fbb-4ecb-8975-962084c4419a","title":"AI CINEMATOGRAPHY & DIRECTION","slug":"ai-cinematography-and-direction","description":"Master the visual language of AI filmmaking. Fr...
3:03:42 PM [express] GET /api/auth/me 304 in 19ms :: {"user":{"id":"f6849053-994c-4c43-8e28-2f8fcf3cc8d5","username":"Sanduo","email":"nichenavigator88@gmail.com","emailVerified":false,"verificationToken":null,"passwordResetToken":"9r49SbjDWxwCZ4qC-sI5V...
3:03:43 PM [express] GET /api/auth/me 401 in 0ms :: {"message":"Not authenticated"}
3:03:43 PM [express] GET /api/featured-videos 200 in 3ms :: {"videos":[]}
3:03:43 PM [express] GET /api/courses 304 in 2ms :: {"courses":[{"id":"1c1410f1-5fbb-4ecb-8975-962084c4419a","title":"AI CINEMATOGRAPHY & DIRECTION","slug":"ai-cinematography-and-direction","description":"Master the visual language of AI filmmaking. Fr...
3:03:44 PM [express] GET /api/auth/me 304 in 5ms :: {"user":{"id":"f6849053-994c-4c43-8e28-2f8fcf3cc8d5","username":"Sanduo","email":"nichenavigator88@gmail.com","emailVerified":false,"verificationToken":null,"passwordResetToken":"9r49SbjDWxwCZ4qC-sI5V...
3:03:44 PM [express] GET /api/courses 304 in 6ms :: {"courses":[{"id":"1c1410f1-5fbb-4ecb-8975-962084c4419a","title":"AI CINEMATOGRAPHY & DIRECTION","slug":"ai-cinematography-and-direction","description":"Master the visual language of AI filmmaking. Fr...
3:03:44 PM [express] GET /api/featured-videos 304 in 5ms :: {"videos":[]}

> rest-express@1.0.0 dev
> NODE_ENV=development tsx server/index.ts

3:04:13 PM [express] serving on port 5000
3:04:17 PM [express] GET /api/auth/me 304 in 8ms :: {"user":{"id":"f6849053-994c-4c43-8e28-2f8fcf3cc8d5","username":"Sanduo","email":"nichenavigator88@gmail.com","emailVerified":false,"verificationToken":null,"passwordResetToken":"9r49SbjDWxwCZ4qC-sI5V...
3:04:17 PM [express] GET /api/featured-videos 304 in 6ms :: {"videos":[]}
3:04:17 PM [express] GET /api/courses 304 in 8ms :: {"courses":[{"id":"1c1410f1-5fbb-4ecb-8975-962084c4419a","title":"AI CINEMATOGRAPHY & DIRECTION","slug":"ai-cinematography-and-direction","description":"Master the visual language of AI filmmaking. Fr...
3:04:17 PM [express] GET /api/auth/me 304 in 4ms :: {"user":{"id":"f6849053-994c-4c43-8e28-2f8fcf3cc8d5","username":"Sanduo","email":"nichenavigator88@gmail.com","emailVerified":false,"verificationToken":null,"passwordResetToken":"9r49SbjDWxwCZ4qC-sI5V...
3:04:17 PM [express] GET /api/featured-videos 304 in 6ms :: {"videos":[]}
3:04:17 PM [express] GET /api/courses 304 in 6ms :: {"courses":[{"id":"1c1410f1-5fbb-4ecb-8975-962084c4419a","title":"AI CINEMATOGRAPHY & DIRECTION","slug":"ai-cinematography-and-direction","description":"Master the visual language of AI filmmaking. Fr...

> rest-express@1.0.0 dev
> NODE_ENV=development tsx server/index.ts

3:04:37 PM [express] serving on port 5000
3:04:40 PM [express] GET /api/auth/me 401 in 2ms :: {"message":"Not authenticated"}
3:04:40 PM [express] GET /api/courses 200 in 18ms :: {"courses":[{"id":"1c1410f1-5fbb-4ecb-8975-962084c4419a","title":"AI CINEMATOGRAPHY & DIRECTION","slug":"ai-cinematography-and-direction","description":"Master the visual language of AI filmmaking. Fr...
3:04:40 PM [express] GET /api/featured-videos 200 in 5ms :: {"videos":[]}
3:04:42 PM [express] GET /api/auth/me 304 in 8ms :: {"user":{"id":"f6849053-994c-4c43-8e28-2f8fcf3cc8d5","username":"Sanduo","email":"nichenavigator88@gmail.com","emailVerified":false,"verificationToken":null,"passwordResetToken":"9r49SbjDWxwCZ4qC-sI5V...
3:04:42 PM [express] GET /api/featured-videos 304 in 9ms :: {"videos":[]}
3:04:42 PM [express] GET /api/courses 304 in 19ms :: {"courses":[{"id":"1c1410f1-5fbb-4ecb-8975-962084c4419a","title":"AI CINEMATOGRAPHY & DIRECTION","slug":"ai-cinematography-and-direction","description":"Master the visual language of AI filmmaking. Fr...
3:04:42 PM [express] GET /api/auth/me 401 in 0ms :: {"message":"Not authenticated"}
3:04:42 PM [express] GET /api/courses 304 in 10ms :: {"courses":[{"id":"1c1410f1-5fbb-4ecb-8975-962084c4419a","title":"AI CINEMATOGRAPHY & DIRECTION","slug":"ai-cinematography-and-direction","description":"Master the visual language of AI filmmaking. Fr...
3:04:42 PM [express] GET /api/featured-videos 304 in 5ms :: {"videos":[]}
3:04:42 PM [express] GET /api/auth/me 304 in 6ms :: {"user":{"id":"f6849053-994c-4c43-8e28-2f8fcf3cc8d5","username":"Sanduo","email":"nichenavigator88@gmail.com","emailVerified":false,"verificationToken":null,"passwordResetToken":"9r49SbjDWxwCZ4qC-sI5V...
3:04:42 PM [express] GET /api/courses 304 in 9ms :: {"courses":[{"id":"1c1410f1-5fbb-4ecb-8975-962084c4419a","title":"AI CINEMATOGRAPHY & DIRECTION","slug":"ai-cinematography-and-direction","description":"Master the visual language of AI filmmaking. Fr...
3:04:42 PM [express] GET /api/featured-videos 304 in 11ms :: {"videos":[]}
3:04:48 PM [express] POST /api/auth/login 401 in 135ms :: {"message":"Invalid credentials"}

> rest-express@1.0.0 dev
> NODE_ENV=development tsx server/index.ts

3:05:19 PM [express] serving on port 5000
3:05:24 PM [express] GET /api/auth/me 304 in 9ms :: {"user":{"id":"f6849053-994c-4c43-8e28-2f8fcf3cc8d5","username":"Sanduo","email":"nichenavigator88@gmail.com","emailVerified":false,"verificationToken":null,"passwordResetToken":"9r49SbjDWxwCZ4qC-sI5V...
3:05:24 PM [express] GET /api/featured-videos 304 in 10ms :: {"videos":[]}
3:05:24 PM [express] GET /api/courses 304 in 8ms :: {"courses":[{"id":"1c1410f1-5fbb-4ecb-8975-962084c4419a","title":"AI CINEMATOGRAPHY & DIRECTION","slug":"ai-cinematography-and-direction","description":"Master the visual language of AI filmmaking. Fr...
3:05:24 PM [express] GET /api/auth/me 304 in 4ms :: {"user":{"id":"f6849053-994c-4c43-8e28-2f8fcf3cc8d5","username":"Sanduo","email":"nichenavigator88@gmail.com","emailVerified":false,"verificationToken":null,"passwordResetToken":"9r49SbjDWxwCZ4qC-sI5V...
3:05:24 PM [express] GET /api/courses 304 in 6ms :: {"courses":[{"id":"1c1410f1-5fbb-4ecb-8975-962084c4419a","title":"AI CINEMATOGRAPHY & DIRECTION","slug":"ai-cinematography-and-direction","description":"Master the visual language of AI filmmaking. Fr...
3:05:24 PM [express] GET /api/featured-videos 304 in 5ms :: {"videos":[]}
3:05:30 PM [express] GET /api/featured-videos 200 in 2ms :: {"videos":[]}

> rest-express@1.0.0 dev
> NODE_ENV=development tsx server/index.ts

3:05:53 PM [express] serving on port 5000
3:05:56 PM [express] GET /api/auth/me 401 in 2ms :: {"message":"Not authenticated"}
3:05:56 PM [express] GET /api/courses 200 in 11ms :: {"courses":[{"id":"1c1410f1-5fbb-4ecb-8975-962084c4419a","title":"AI CINEMATOGRAPHY & DIRECTION","slug":"ai-cinematography-and-direction","description":"Master the visual language of AI filmmaking. Fr...
3:05:56 PM [express] GET /api/featured-videos 200 in 4ms :: {"videos":[]}
3:05:57 PM [express] GET /api/courses 304 in 13ms :: {"courses":[{"id":"1c1410f1-5fbb-4ecb-8975-962084c4419a","title":"AI CINEMATOGRAPHY & DIRECTION","slug":"ai-cinematography-and-direction","description":"Master the visual language of AI filmmaking. Fr...
3:05:57 PM [express] GET /api/featured-videos 304 in 18ms :: {"videos":[]}
3:05:57 PM [express] GET /api/auth/me 304 in 16ms :: {"user":{"id":"f6849053-994c-4c43-8e28-2f8fcf3cc8d5","username":"Sanduo","email":"nichenavigator88@gmail.com","emailVerified":false,"verificationToken":null,"passwordResetToken":"9r49SbjDWxwCZ4qC-sI5V...
3:05:58 PM [express] GET /api/auth/me 401 in 1ms :: {"message":"Not authenticated"}
3:05:58 PM [express] GET /api/courses 304 in 3ms :: {"courses":[{"id":"1c1410f1-5fbb-4ecb-8975-962084c4419a","title":"AI CINEMATOGRAPHY & DIRECTION","slug":"ai-cinematography-and-direction","description":"Master the visual language of AI filmmaking. Fr...
3:05:58 PM [express] GET /api/featured-videos 304 in 2ms :: {"videos":[]}
3:05:59 PM [express] GET /api/courses 304 in 6ms :: {"courses":[{"id":"1c1410f1-5fbb-4ecb-8975-962084c4419a","title":"AI CINEMATOGRAPHY & DIRECTION","slug":"ai-cinematography-and-direction","description":"Master the visual language of AI filmmaking. Fr...
3:05:59 PM [express] GET /api/featured-videos 304 in 8ms :: {"videos":[]}
3:05:59 PM [express] GET /api/auth/me 304 in 8ms :: {"user":{"id":"f6849053-994c-4c43-8e28-2f8fcf3cc8d5","username":"Sanduo","email":"nichenavigator88@gmail.com","emailVerified":false,"verificationToken":null,"passwordResetToken":"9r49SbjDWxwCZ4qC-sI5V...
3:06:03 PM [express] POST /api/auth/login 401 in 122ms :: {"message":"Invalid credentials"}
3:06:11 PM [express] POST /api/auth/login 401 in 108ms :: {"message":"Invalid credentials"}

> rest-express@1.0.0 dev
> NODE_ENV=development tsx server/index.ts

3:06:55 PM [express] serving on port 5000
3:07:00 PM [express] GET /api/auth/me 304 in 8ms :: {"user":{"id":"f6849053-994c-4c43-8e28-2f8fcf3cc8d5","username":"Sanduo","email":"nichenavigator88@gmail.com","emailVerified":false,"verificationToken":null,"passwordResetToken":"9r49SbjDWxwCZ4qC-sI5V...
3:07:00 PM [express] GET /api/courses 304 in 9ms :: {"courses":[{"id":"1c1410f1-5fbb-4ecb-8975-962084c4419a","title":"AI CINEMATOGRAPHY & DIRECTION","slug":"ai-cinematography-and-direction","description":"Master the visual language of AI filmmaking. Fr...
3:07:00 PM [express] GET /api/featured-videos 304 in 6ms :: {"videos":[]}
3:07:05 PM [express] POST /api/auth/login 401 in 92ms :: {"message":"Invalid credentials"}
3:07:13 PM [express] GET /api/auth/me 304 in 6ms :: {"user":{"id":"f6849053-994c-4c43-8e28-2f8fcf3cc8d5","username":"Sanduo","email":"nichenavigator88@gmail.com","emailVerified":false,"verificationToken":null,"passwordResetToken":"9r49SbjDWxwCZ4qC-sI5V...
3:07:13 PM [express] GET /api/featured-videos 304 in 9ms :: {"videos":[]}
3:07:13 PM [express] GET /api/courses 304 in 7ms :: {"courses":[{"id":"1c1410f1-5fbb-4ecb-8975-962084c4419a","title":"AI CINEMATOGRAPHY & DIRECTION","slug":"ai-cinematography-and-direction","description":"Master the visual language of AI filmmaking. Fr...

> rest-express@1.0.0 dev
> NODE_ENV=development tsx server/index.ts

3:07:31 PM [express] serving on port 5000
3:07:35 PM [express] GET /api/auth/me 401 in 2ms :: {"message":"Not authenticated"}
3:07:35 PM [express] GET /api/featured-videos 304 in 6ms :: {"videos":[]}
3:07:35 PM [express] GET /api/courses 304 in 7ms :: {"courses":[{"id":"1c1410f1-5fbb-4ecb-8975-962084c4419a","title":"AI CINEMATOGRAPHY & DIRECTION","slug":"ai-cinematography-and-direction","description":"Master the visual language of AI filmmaking. Fr...
3:07:35 PM [express] GET /api/auth/me 304 in 5ms :: {"user":{"id":"f6849053-994c-4c43-8e28-2f8fcf3cc8d5","username":"Sanduo","email":"nichenavigator88@gmail.com","emailVerified":false,"verificationToken":null,"passwordResetToken":"9r49SbjDWxwCZ4qC-sI5V...
3:07:35 PM [express] GET /api/courses 304 in 7ms :: {"courses":[{"id":"1c1410f1-5fbb-4ecb-8975-962084c4419a","title":"AI CINEMATOGRAPHY & DIRECTION","slug":"ai-cinematography-and-direction","description":"Master the visual language of AI filmmaking. Fr...
3:07:35 PM [express] GET /api/featured-videos 304 in 10ms :: {"videos":[]}
3:07:35 PM [express] GET /api/auth/me 304 in 5ms :: {"user":{"id":"f6849053-994c-4c43-8e28-2f8fcf3cc8d5","username":"Sanduo","email":"nichenavigator88@gmail.com","emailVerified":false,"verificationToken":null,"passwordResetToken":"9r49SbjDWxwCZ4qC-sI5V...
3:07:35 PM [express] GET /api/courses 304 in 8ms :: {"courses":[{"id":"1c1410f1-5fbb-4ecb-8975-962084c4419a","title":"AI CINEMATOGRAPHY & DIRECTION","slug":"ai-cinematography-and-direction","description":"Master the visual language of AI filmmaking. Fr...
3:07:35 PM [express] GET /api/featured-videos 304 in 6ms :: {"videos":[]}
3:07:44 PM [express] POST /api/auth/login 200 in 101ms :: {"user":{"id":"f6849053-994c-4c43-8e28-2f8fcf3cc8d5","username":"Sanduo","email":"nichenavigator88@gmail.com","emailVerified":false,"verificationToken":null,"passwordResetToken":"9r49SbjDWxwCZ4qC-sI5V...
3:07:52 PM [express] POST /api/featured-videos 201 in 11ms :: {"video":{"id":"7b4374bd-ddb5-4174-9946-4d886cdb09ec","title":"ECHO PROTOCOL","category":"Sci-Fi Short Film","description":"A cyberpunk detective navigates neon-soaked streets.","thumbnailUrl":"https:...
3:07:56 PM [express] GET /api/featured-videos 200 in 2ms :: {"videos":[{"id":"7b4374bd-ddb5-4174-9946-4d886cdb09ec","title":"ECHO PROTOCOL","category":"Sci-Fi Short Film","description":"A cyberpunk detective navigates neon-soaked streets.","thumbnailUrl":"http...

> rest-express@1.0.0 dev
> NODE_ENV=development tsx server/index.ts

3:08:06 PM [express] serving on port 5000
3:08:11 PM [express] GET /api/auth/me 401 in 1ms :: {"message":"Not authenticated"}
3:08:11 PM [express] GET /api/featured-videos 200 in 7ms :: {"videos":[{"id":"7b4374bd-ddb5-4174-9946-4d886cdb09ec","title":"ECHO PROTOCOL","category":"Sci-Fi Short Film","description":"A cyberpunk detective navigates neon-soaked streets.","thumbnailUrl":"http...
3:08:11 PM [express] GET /api/courses 304 in 3ms :: {"courses":[{"id":"1c1410f1-5fbb-4ecb-8975-962084c4419a","title":"AI CINEMATOGRAPHY & DIRECTION","slug":"ai-cinematography-and-direction","description":"Master the visual language of AI filmmaking. Fr...
3:08:11 PM [express] GET /api/auth/me 304 in 5ms :: {"user":{"id":"f6849053-994c-4c43-8e28-2f8fcf3cc8d5","username":"Sanduo","email":"nichenavigator88@gmail.com","emailVerified":false,"verificationToken":null,"passwordResetToken":"9r49SbjDWxwCZ4qC-sI5V...
3:08:11 PM [express] GET /api/featured-videos 200 in 6ms :: {"videos":[{"id":"7b4374bd-ddb5-4174-9946-4d886cdb09ec","title":"ECHO PROTOCOL","category":"Sci-Fi Short Film","description":"A cyberpunk detective navigates neon-soaked streets.","thumbnailUrl":"http...
3:08:11 PM [express] GET /api/courses 304 in 7ms :: {"courses":[{"id":"1c1410f1-5fbb-4ecb-8975-962084c4419a","title":"AI CINEMATOGRAPHY & DIRECTION","slug":"ai-cinematography-and-direction","description":"Master the visual language of AI filmmaking. Fr...
3:08:11 PM [express] GET /api/auth/me 304 in 4ms :: {"user":{"id":"f6849053-994c-4c43-8e28-2f8fcf3cc8d5","username":"Sanduo","email":"nichenavigator88@gmail.com","emailVerified":false,"verificationToken":null,"passwordResetToken":"9r49SbjDWxwCZ4qC-sI5V...
3:08:11 PM [express] GET /api/courses 304 in 6ms :: {"courses":[{"id":"1c1410f1-5fbb-4ecb-8975-962084c4419a","title":"AI CINEMATOGRAPHY & DIRECTION","slug":"ai-cinematography-and-direction","description":"Master the visual language of AI filmmaking. Fr...
3:08:11 PM [express] GET /api/featured-videos 200 in 8ms :: {"videos":[{"id":"7b4374bd-ddb5-4174-9946-4d886cdb09ec","title":"ECHO PROTOCOL","category":"Sci-Fi Short Film","description":"A cyberpunk detective navigates neon-soaked streets.","thumbnailUrl":"http...
3:08:13 PM [express] GET /api/featured-videos 200 in 2ms :: {"videos":[{"id":"7b4374bd-ddb5-4174-9946-4d886cdb09ec","title":"ECHO PROTOCOL","category":"Sci-Fi Short Film","description":"A cyberpunk detective navigates neon-soaked streets.","thumbnailUrl":"http...

> rest-express@1.0.0 dev
> NODE_ENV=development tsx server/index.ts

3:08:35 PM [express] serving on port 5000
3:08:37 PM [express] GET /api/auth/me 401 in 2ms :: {"message":"Not authenticated"}
3:08:37 PM [express] GET /api/courses 200 in 15ms :: {"courses":[{"id":"1c1410f1-5fbb-4ecb-8975-962084c4419a","title":"AI CINEMATOGRAPHY & DIRECTION","slug":"ai-cinematography-and-direction","description":"Master the visual language of AI filmmaking. Fr...
3:08:37 PM [express] GET /api/featured-videos 200 in 22ms :: {"videos":[{"id":"7b4374bd-ddb5-4174-9946-4d886cdb09ec","title":"ECHO PROTOCOL","category":"Sci-Fi Short Film","description":"A cyberpunk detective navigates neon-soaked streets.","thumbnailUrl":"http...
3:08:39 PM [express] GET /api/auth/me 401 in 0ms :: {"message":"Not authenticated"}
3:08:39 PM [express] GET /api/courses 304 in 3ms :: {"courses":[{"id":"1c1410f1-5fbb-4ecb-8975-962084c4419a","title":"AI CINEMATOGRAPHY & DIRECTION","slug":"ai-cinematography-and-direction","description":"Master the visual language of AI filmmaking. Fr...
3:08:39 PM [express] GET /api/featured-videos 304 in 2ms :: {"videos":[{"id":"7b4374bd-ddb5-4174-9946-4d886cdb09ec","title":"ECHO PROTOCOL","category":"Sci-Fi Short Film","description":"A cyberpunk detective navigates neon-soaked streets.","thumbnailUrl":"http...
3:08:40 PM [express] GET /api/auth/me 304 in 6ms :: {"user":{"id":"f6849053-994c-4c43-8e28-2f8fcf3cc8d5","username":"Sanduo","email":"nichenavigator88@gmail.com","emailVerified":false,"verificationToken":null,"passwordResetToken":"9r49SbjDWxwCZ4qC-sI5V...
3:08:40 PM [express] GET /api/courses 304 in 7ms :: {"courses":[{"id":"1c1410f1-5fbb-4ecb-8975-962084c4419a","title":"AI CINEMATOGRAPHY & DIRECTION","slug":"ai-cinematography-and-direction","description":"Master the visual language of AI filmmaking. Fr...
3:08:40 PM [express] GET /api/featured-videos 304 in 6ms :: {"videos":[{"id":"7b4374bd-ddb5-4174-9946-4d886cdb09ec","title":"ECHO PROTOCOL","category":"Sci-Fi Short Film","description":"A cyberpunk detective navigates neon-soaked streets.","thumbnailUrl":"http...
3:08:44 PM [express] POST /api/auth/login 200 in 118ms :: {"user":{"id":"f6849053-994c-4c43-8e28-2f8fcf3cc8d5","username":"Sanduo","email":"nichenavigator88@gmail.com","emailVerified":false,"verificationToken":null,"passwordResetToken":"9r49SbjDWxwCZ4qC-sI5V...
3:08:47 PM [express] GET /api/auth/me 304 in 5ms :: {"user":{"id":"f6849053-994c-4c43-8e28-2f8fcf3cc8d5","username":"Sanduo","email":"nichenavigator88@gmail.com","emailVerified":false,"verificationToken":null,"passwordResetToken":"9r49SbjDWxwCZ4qC-sI5V...
3:08:47 PM [express] GET /api/courses 304 in 11ms :: {"courses":[{"id":"1c1410f1-5fbb-4ecb-8975-962084c4419a","title":"AI CINEMATOGRAPHY & DIRECTION","slug":"ai-cinematography-and-direction","description":"Master the visual language of AI filmmaking. Fr...
3:08:47 PM [express] GET /api/featured-videos 304 in 7ms :: {"videos":[{"id":"7b4374bd-ddb5-4174-9946-4d886cdb09ec","title":"ECHO PROTOCOL","category":"Sci-Fi Short Film","description":"A cyberpunk detective navigates neon-soaked streets.","thumbnailUrl":"http...
3:08:57 PM [express] GET /api/auth/me 200 in 14ms :: {"user":{"id":"f6849053-994c-4c43-8e28-2f8fcf3cc8d5","username":"Sanduo","email":"nichenavigator88@gmail.com","emailVerified":false,"verificationToken":null,"passwordResetToken":"9r49SbjDWxwCZ4qC-sI5V...
3:08:57 PM [express] GET /api/enrollments 200 in 22ms :: {"enrollments":[{"id":"4f069a05-b888-46bd-9477-c83f39afeff0","userId":"f6849053-994c-4c43-8e28-2f8fcf3cc8d5","courseId":"3da54ea4-8f54-4633-95b7-79860259a295","enrolledAt":"2025-12-16T10:06:08.502Z","...
3:08:57 PM [express] GET /api/featured-videos 304 in 8ms :: {"videos":[{"id":"7b4374bd-ddb5-4174-9946-4d886cdb09ec","title":"ECHO PROTOCOL","category":"Sci-Fi Short Film","description":"A cyberpunk detective navigates neon-soaked streets.","thumbnailUrl":"http...
3:08:57 PM [express] GET /api/course-tiers 200 in 9ms :: {"tiers":[{"id":"568d3daf-117b-4513-b86d-84e9b9b9b86f","name":"Foundation","slug":"foundation","color":"#2962FF","sortOrder":0,"createdAt":"2026-02-22T18:06:42.931Z"},{"id":"999f52a8-feb6-4e16-99b1-18...
3:08:57 PM [express] GET /api/courses 200 in 15ms :: {"courses":[{"id":"1c1410f1-5fbb-4ecb-8975-962084c4419a","title":"AI CINEMATOGRAPHY & DIRECTION","slug":"ai-cinematography-and-direction","description":"Master the visual language of AI filmmaking. Fr...

> rest-express@1.0.0 dev
> NODE_ENV=development tsx server/index.ts

3:10:04 PM [express] serving on port 5000
3:10:09 PM [express] GET /api/auth/me 401 in 2ms :: {"message":"Not authenticated"}
3:10:09 PM [express] GET /api/courses 304 in 10ms :: {"courses":[{"id":"1c1410f1-5fbb-4ecb-8975-962084c4419a","title":"AI CINEMATOGRAPHY & DIRECTION","slug":"ai-cinematography-and-direction","description":"Master the visual language of AI filmmaking. Fr...
3:10:09 PM [express] GET /api/featured-videos 304 in 5ms :: {"videos":[{"id":"7b4374bd-ddb5-4174-9946-4d886cdb09ec","title":"ECHO PROTOCOL","category":"Sci-Fi Short Film","description":"A cyberpunk detective navigates neon-soaked streets.","thumbnailUrl":"http...
3:10:09 PM [express] GET /api/auth/me 304 in 6ms :: {"user":{"id":"f6849053-994c-4c43-8e28-2f8fcf3cc8d5","username":"Sanduo","email":"nichenavigator88@gmail.com","emailVerified":false,"verificationToken":null,"passwordResetToken":"9r49SbjDWxwCZ4qC-sI5V...
3:10:09 PM [express] GET /api/courses 304 in 9ms :: {"courses":[{"id":"1c1410f1-5fbb-4ecb-8975-962084c4419a","title":"AI CINEMATOGRAPHY & DIRECTION","slug":"ai-cinematography-and-direction","description":"Master the visual language of AI filmmaking. Fr...
3:10:09 PM [express] GET /api/featured-videos 304 in 7ms :: {"videos":[{"id":"7b4374bd-ddb5-4174-9946-4d886cdb09ec","title":"ECHO PROTOCOL","category":"Sci-Fi Short Film","description":"A cyberpunk detective navigates neon-soaked streets.","thumbnailUrl":"http...
3:10:09 PM [express] GET /api/auth/me 304 in 7ms :: {"user":{"id":"f6849053-994c-4c43-8e28-2f8fcf3cc8d5","username":"Sanduo","email":"nichenavigator88@gmail.com","emailVerified":false,"verificationToken":null,"passwordResetToken":"9r49SbjDWxwCZ4qC-sI5V...
3:10:09 PM [express] GET /api/courses 304 in 9ms :: {"courses":[{"id":"1c1410f1-5fbb-4ecb-8975-962084c4419a","title":"AI CINEMATOGRAPHY & DIRECTION","slug":"ai-cinematography-and-direction","description":"Master the visual language of AI filmmaking. Fr...
3:10:09 PM [express] GET /api/featured-videos 304 in 8ms :: {"videos":[{"id":"7b4374bd-ddb5-4174-9946-4d886cdb09ec","title":"ECHO PROTOCOL","category":"Sci-Fi Short Film","description":"A cyberpunk detective navigates neon-soaked streets.","thumbnailUrl":"http...
3:10:26 PM [express] POST /api/auth/login 200 in 109ms :: {"user":{"id":"f6849053-994c-4c43-8e28-2f8fcf3cc8d5","username":"Sanduo","email":"nichenavigator88@gmail.com","emailVerified":false,"verificationToken":null,"passwordResetToken":"9r49SbjDWxwCZ4qC-sI5V...
3:10:26 PM [express] POST /api/featured-videos 201 in 9ms :: {"video":{"id":"49c689e2-cc2b-4ec3-90a1-68138282cbc1","title":"AURUM DYNAMICS","category":"Luxury Brand Commercial","description":"Visual journey through liquid gold","thumbnailUrl":"https://images.un...

> rest-express@1.0.0 dev
> NODE_ENV=development tsx server/index.ts

3:10:46 PM [express] serving on port 5000
3:10:50 PM [express] GET /api/auth/me 401 in 2ms :: {"message":"Not authenticated"}
3:10:50 PM [express] GET /api/courses 200 in 17ms :: {"courses":[{"id":"1c1410f1-5fbb-4ecb-8975-962084c4419a","title":"AI CINEMATOGRAPHY & DIRECTION","slug":"ai-cinematography-and-direction","description":"Master the visual language of AI filmmaking. Fr...
3:10:50 PM [express] GET /api/featured-videos 200 in 12ms :: {"videos":[{"id":"7b4374bd-ddb5-4174-9946-4d886cdb09ec","title":"ECHO PROTOCOL","category":"Sci-Fi Short Film","description":"A cyberpunk detective navigates neon-soaked streets.","thumbnailUrl":"http...
3:10:51 PM [express] GET /api/auth/me 401 in 3ms :: {"message":"Not authenticated"}
3:10:51 PM [express] GET /api/courses 304 in 4ms :: {"courses":[{"id":"1c1410f1-5fbb-4ecb-8975-962084c4419a","title":"AI CINEMATOGRAPHY & DIRECTION","slug":"ai-cinematography-and-direction","description":"Master the visual language of AI filmmaking. Fr...
3:10:51 PM [express] GET /api/featured-videos 200 in 4ms :: {"videos":[{"id":"7b4374bd-ddb5-4174-9946-4d886cdb09ec","title":"ECHO PROTOCOL","category":"Sci-Fi Short Film","description":"A cyberpunk detective navigates neon-soaked streets.","thumbnailUrl":"http...
3:10:52 PM [express] GET /api/auth/me 304 in 6ms :: {"user":{"id":"f6849053-994c-4c43-8e28-2f8fcf3cc8d5","username":"Sanduo","email":"nichenavigator88@gmail.com","emailVerified":false,"verificationToken":null,"passwordResetToken":"9r49SbjDWxwCZ4qC-sI5V...
3:10:52 PM [express] GET /api/featured-videos 200 in 17ms :: {"videos":[{"id":"7b4374bd-ddb5-4174-9946-4d886cdb09ec","title":"ECHO PROTOCOL","category":"Sci-Fi Short Film","description":"A cyberpunk detective navigates neon-soaked streets.","thumbnailUrl":"http...
3:10:52 PM [express] GET /api/courses 304 in 13ms :: {"courses":[{"id":"1c1410f1-5fbb-4ecb-8975-962084c4419a","title":"AI CINEMATOGRAPHY & DIRECTION","slug":"ai-cinematography-and-direction","description":"Master the visual language of AI filmmaking. Fr...
3:10:52 PM [express] GET /api/auth/me 304 in 7ms :: {"user":{"id":"f6849053-994c-4c43-8e28-2f8fcf3cc8d5","username":"Sanduo","email":"nichenavigator88@gmail.com","emailVerified":false,"verificationToken":null,"passwordResetToken":"9r49SbjDWxwCZ4qC-sI5V...
3:10:52 PM [express] GET /api/courses 304 in 9ms :: {"courses":[{"id":"1c1410f1-5fbb-4ecb-8975-962084c4419a","title":"AI CINEMATOGRAPHY & DIRECTION","slug":"ai-cinematography-and-direction","description":"Master the visual language of AI filmmaking. Fr...
3:10:52 PM [express] GET /api/featured-videos 200 in 6ms :: {"videos":[{"id":"7b4374bd-ddb5-4174-9946-4d886cdb09ec","title":"ECHO PROTOCOL","category":"Sci-Fi Short Film","description":"A cyberpunk detective navigates neon-soaked streets.","thumbnailUrl":"http...
3:10:56 PM [express] POST /api/auth/login 200 in 121ms :: {"user":{"id":"f6849053-994c-4c43-8e28-2f8fcf3cc8d5","username":"Sanduo","email":"nichenavigator88@gmail.com","emailVerified":false,"verificationToken":null,"passwordResetToken":"9r49SbjDWxwCZ4qC-sI5V...
3:11:03 PM [express] GET /api/auth/me 200 in 8ms :: {"user":{"id":"f6849053-994c-4c43-8e28-2f8fcf3cc8d5","username":"Sanduo","email":"nichenavigator88@gmail.com","emailVerified":false,"verificationToken":null,"passwordResetToken":"9r49SbjDWxwCZ4qC-sI5V...
3:11:03 PM [express] GET /api/enrollments 200 in 12ms :: {"enrollments":[{"id":"4f069a05-b888-46bd-9477-c83f39afeff0","userId":"f6849053-994c-4c43-8e28-2f8fcf3cc8d5","courseId":"3da54ea4-8f54-4633-95b7-79860259a295","enrolledAt":"2025-12-16T10:06:08.502Z","...
3:11:03 PM [express] GET /api/course-tiers 200 in 9ms :: {"tiers":[{"id":"568d3daf-117b-4513-b86d-84e9b9b9b86f","name":"Foundation","slug":"foundation","color":"#2962FF","sortOrder":0,"createdAt":"2026-02-22T18:06:42.931Z"},{"id":"999f52a8-feb6-4e16-99b1-18...
3:11:03 PM [express] GET /api/featured-videos 304 in 11ms :: {"videos":[{"id":"7b4374bd-ddb5-4174-9946-4d886cdb09ec","title":"ECHO PROTOCOL","category":"Sci-Fi Short Film","description":"A cyberpunk detective navigates neon-soaked streets.","thumbnailUrl":"http...
3:11:03 PM [express] GET /api/courses 200 in 14ms :: {"courses":[{"id":"1c1410f1-5fbb-4ecb-8975-962084c4419a","title":"AI CINEMATOGRAPHY & DIRECTION","slug":"ai-cinematography-and-direction","description":"Master the visual language of AI filmmaking. Fr...

> rest-express@1.0.0 dev
> NODE_ENV=development tsx server/index.ts

3:11:32 PM [express] serving on port 5000
3:11:37 PM [express] GET /api/auth/me 304 in 9ms :: {"user":{"id":"f6849053-994c-4c43-8e28-2f8fcf3cc8d5","username":"Sanduo","email":"nichenavigator88@gmail.com","emailVerified":false,"verificationToken":null,"passwordResetToken":"9r49SbjDWxwCZ4qC-sI5V...
3:11:37 PM [express] GET /api/courses 304 in 8ms :: {"courses":[{"id":"1c1410f1-5fbb-4ecb-8975-962084c4419a","title":"AI CINEMATOGRAPHY & DIRECTION","slug":"ai-cinematography-and-direction","description":"Master the visual language of AI filmmaking. Fr...
3:11:37 PM [express] GET /api/featured-videos 304 in 8ms :: {"videos":[{"id":"7b4374bd-ddb5-4174-9946-4d886cdb09ec","title":"ECHO PROTOCOL","category":"Sci-Fi Short Film","description":"A cyberpunk detective navigates neon-soaked streets.","thumbnailUrl":"http...

> rest-express@1.0.0 dev
> NODE_ENV=development tsx server/index.ts

3:11:47 PM [express] serving on port 5000
3:11:52 PM [express] GET /api/auth/me 304 in 11ms :: {"user":{"id":"f6849053-994c-4c43-8e28-2f8fcf3cc8d5","username":"Sanduo","email":"nichenavigator88@gmail.com","emailVerified":false,"verificationToken":null,"passwordResetToken":"9r49SbjDWxwCZ4qC-sI5V...
3:11:52 PM [express] GET /api/courses 304 in 7ms :: {"courses":[{"id":"1c1410f1-5fbb-4ecb-8975-962084c4419a","title":"AI CINEMATOGRAPHY & DIRECTION","slug":"ai-cinematography-and-direction","description":"Master the visual language of AI filmmaking. Fr...
3:11:52 PM [express] GET /api/featured-videos 304 in 9ms :: {"videos":[{"id":"7b4374bd-ddb5-4174-9946-4d886cdb09ec","title":"ECHO PROTOCOL","category":"Sci-Fi Short Film","description":"A cyberpunk detective navigates neon-soaked streets.","thumbnailUrl":"http...
3:12:07 PM [express] GET /api/auth/me 304 in 5ms :: {"user":{"id":"f6849053-994c-4c43-8e28-2f8fcf3cc8d5","username":"Sanduo","email":"nichenavigator88@gmail.com","emailVerified":false,"verificationToken":null,"passwordResetToken":"9r49SbjDWxwCZ4qC-sI5V...
3:12:07 PM [express] GET /api/courses 304 in 9ms :: {"courses":[{"id":"1c1410f1-5fbb-4ecb-8975-962084c4419a","title":"AI CINEMATOGRAPHY & DIRECTION","slug":"ai-cinematography-and-direction","description":"Master the visual language of AI filmmaking. Fr...
3:12:07 PM [express] GET /api/auth/me 401 in 0ms :: {"message":"Not authenticated"}
3:12:07 PM [express] GET /api/featured-videos 304 in 7ms :: {"videos":[{"id":"7b4374bd-ddb5-4174-9946-4d886cdb09ec","title":"ECHO PROTOCOL","category":"Sci-Fi Short Film","description":"A cyberpunk detective navigates neon-soaked streets.","thumbnailUrl":"http...
3:12:07 PM [express] GET /api/featured-videos 304 in 2ms :: {"videos":[{"id":"7b4374bd-ddb5-4174-9946-4d886cdb09ec","title":"ECHO PROTOCOL","category":"Sci-Fi Short Film","description":"A cyberpunk detective navigates neon-soaked streets.","thumbnailUrl":"http...
3:12:07 PM [express] GET /api/courses 304 in 2ms :: {"courses":[{"id":"1c1410f1-5fbb-4ecb-8975-962084c4419a","title":"AI CINEMATOGRAPHY & DIRECTION","slug":"ai-cinematography-and-direction","description":"Master the visual language of AI filmmaking. Fr...
3:12:09 PM [express] GET /api/courses 304 in 7ms :: {"courses":[{"id":"1c1410f1-5fbb-4ecb-8975-962084c4419a","title":"AI CINEMATOGRAPHY & DIRECTION","slug":"ai-cinematography-and-direction","description":"Master the visual language of AI filmmaking. Fr...
3:12:09 PM [express] GET /api/course-tiers 304 in 5ms :: {"tiers":[{"id":"568d3daf-117b-4513-b86d-84e9b9b9b86f","name":"Foundation","slug":"foundation","color":"#2962FF","sortOrder":0,"createdAt":"2026-02-22T18:06:42.931Z"},{"id":"999f52a8-feb6-4e16-99b1-18...
3:12:09 PM [express] GET /api/enrollments 304 in 9ms :: {"enrollments":[{"id":"4f069a05-b888-46bd-9477-c83f39afeff0","userId":"f6849053-994c-4c43-8e28-2f8fcf3cc8d5","courseId":"3da54ea4-8f54-4633-95b7-79860259a295","enrolledAt":"2025-12-16T10:06:08.502Z","...

> rest-express@1.0.0 dev
> NODE_ENV=development tsx server/index.ts

3:12:17 PM [express] serving on port 5000
3:12:22 PM [express] GET /api/auth/me 401 in 1ms :: {"message":"Not authenticated"}
3:12:22 PM [express] GET /api/courses 304 in 7ms :: {"courses":[{"id":"1c1410f1-5fbb-4ecb-8975-962084c4419a","title":"AI CINEMATOGRAPHY & DIRECTION","slug":"ai-cinematography-and-direction","description":"Master the visual language of AI filmmaking. Fr...
3:12:22 PM [express] GET /api/featured-videos 304 in 3ms :: {"videos":[{"id":"7b4374bd-ddb5-4174-9946-4d886cdb09ec","title":"ECHO PROTOCOL","category":"Sci-Fi Short Film","description":"A cyberpunk detective navigates neon-soaked streets.","thumbnailUrl":"http...
3:12:22 PM [express] GET /api/auth/me 304 in 5ms :: {"user":{"id":"f6849053-994c-4c43-8e28-2f8fcf3cc8d5","username":"Sanduo","email":"nichenavigator88@gmail.com","emailVerified":false,"verificationToken":null,"passwordResetToken":"9r49SbjDWxwCZ4qC-sI5V...
3:12:22 PM [express] GET /api/courses 304 in 8ms :: {"courses":[{"id":"1c1410f1-5fbb-4ecb-8975-962084c4419a","title":"AI CINEMATOGRAPHY & DIRECTION","slug":"ai-cinematography-and-direction","description":"Master the visual language of AI filmmaking. Fr...
3:12:22 PM [express] GET /api/featured-videos 304 in 9ms :: {"videos":[{"id":"7b4374bd-ddb5-4174-9946-4d886cdb09ec","title":"ECHO PROTOCOL","category":"Sci-Fi Short Film","description":"A cyberpunk detective navigates neon-soaked streets.","thumbnailUrl":"http...
3:12:23 PM [express] GET /api/courses 304 in 5ms :: {"courses":[{"id":"1c1410f1-5fbb-4ecb-8975-962084c4419a","title":"AI CINEMATOGRAPHY & DIRECTION","slug":"ai-cinematography-and-direction","description":"Master the visual language of AI filmmaking. Fr...
3:12:23 PM [express] GET /api/auth/me 304 in 5ms :: {"user":{"id":"f6849053-994c-4c43-8e28-2f8fcf3cc8d5","username":"Sanduo","email":"nichenavigator88@gmail.com","emailVerified":false,"verificationToken":null,"passwordResetToken":"9r49SbjDWxwCZ4qC-sI5V...
3:12:23 PM [express] GET /api/featured-videos 304 in 6ms :: {"videos":[{"id":"7b4374bd-ddb5-4174-9946-4d886cdb09ec","title":"ECHO PROTOCOL","category":"Sci-Fi Short Film","description":"A cyberpunk detective navigates neon-soaked streets.","thumbnailUrl":"http...
3:12:25 PM [express] GET /api/courses 304 in 5ms :: {"courses":[{"id":"1c1410f1-5fbb-4ecb-8975-962084c4419a","title":"AI CINEMATOGRAPHY & DIRECTION","slug":"ai-cinematography-and-direction","description":"Master the visual language of AI filmmaking. Fr...
3:12:25 PM [express] GET /api/course-tiers 304 in 4ms :: {"tiers":[{"id":"568d3daf-117b-4513-b86d-84e9b9b9b86f","name":"Foundation","slug":"foundation","color":"#2962FF","sortOrder":0,"createdAt":"2026-02-22T18:06:42.931Z"},{"id":"999f52a8-feb6-4e16-99b1-18...
3:12:25 PM [express] GET /api/enrollments 304 in 7ms :: {"enrollments":[{"id":"4f069a05-b888-46bd-9477-c83f39afeff0","userId":"f6849053-994c-4c43-8e28-2f8fcf3cc8d5","courseId":"3da54ea4-8f54-4633-95b7-79860259a295","enrolledAt":"2025-12-16T10:06:08.502Z","...
3:16:27 PM [vite] (client) hmr update /src/index.css, /src/pages/admin-dashboard.tsx
3:16:48 PM [express] GET /api/courses/nano-banana-mastery 304 in 10ms :: {"course":{"id":"b1d2a61f-7698-4313-923f-3e6ab511aa11","title":"NANO BANANA MASTERY","slug":"nano-banana-mastery","description":"Create Consistent Digital Actors. Stop Rolling the Dice. Master charact...
3:17:03 PM [vite] (client) hmr update /src/index.css, /src/pages/admin-dashboard.tsx

> rest-express@1.0.0 dev
> NODE_ENV=development tsx server/index.ts

3:17:15 PM [express] serving on port 5000
3:17:22 PM [express] GET /api/auth/me 304 in 10ms :: {"user":{"id":"f6849053-994c-4c43-8e28-2f8fcf3cc8d5","username":"Sanduo","email":"nichenavigator88@gmail.com","emailVerified":false,"verificationToken":null,"passwordResetToken":"9r49SbjDWxwCZ4qC-sI5V...
3:17:22 PM [express] GET /api/courses 304 in 8ms :: {"courses":[{"id":"1c1410f1-5fbb-4ecb-8975-962084c4419a","title":"AI CINEMATOGRAPHY & DIRECTION","slug":"ai-cinematography-and-direction","description":"Master the visual language of AI filmmaking. Fr...
3:17:22 PM [express] GET /api/featured-videos 304 in 9ms :: {"videos":[{"id":"7b4374bd-ddb5-4174-9946-4d886cdb09ec","title":"ECHO PROTOCOL","category":"Sci-Fi Short Film","description":"A cyberpunk detective navigates neon-soaked streets.","thumbnailUrl":"http...
3:17:26 PM [express] GET /api/courses 304 in 41ms :: {"courses":[{"id":"1c1410f1-5fbb-4ecb-8975-962084c4419a","title":"AI CINEMATOGRAPHY & DIRECTION","slug":"ai-cinematography-and-direction","description":"Master the visual language of AI filmmaking. Fr...
3:17:26 PM [express] GET /api/course-tiers 304 in 40ms :: {"tiers":[{"id":"568d3daf-117b-4513-b86d-84e9b9b9b86f","name":"Foundation","slug":"foundation","color":"#2962FF","sortOrder":0,"createdAt":"2026-02-22T18:06:42.931Z"},{"id":"999f52a8-feb6-4e16-99b1-18...
3:17:26 PM [express] GET /api/enrollments 304 in 47ms :: {"enrollments":[{"id":"4f069a05-b888-46bd-9477-c83f39afeff0","userId":"f6849053-994c-4c43-8e28-2f8fcf3cc8d5","courseId":"3da54ea4-8f54-4633-95b7-79860259a295","enrolledAt":"2025-12-16T10:06:08.502Z","...

> rest-express@1.0.0 dev
> NODE_ENV=development tsx server/index.ts

3:17:59 PM [express] serving on port 5000
3:18:03 PM [express] GET /api/auth/me 304 in 9ms :: {"user":{"id":"f6849053-994c-4c43-8e28-2f8fcf3cc8d5","username":"Sanduo","email":"nichenavigator88@gmail.com","emailVerified":false,"verificationToken":null,"passwordResetToken":"9r49SbjDWxwCZ4qC-sI5V...
3:18:03 PM [express] GET /api/courses 304 in 10ms :: {"courses":[{"id":"1c1410f1-5fbb-4ecb-8975-962084c4419a","title":"AI CINEMATOGRAPHY & DIRECTION","slug":"ai-cinematography-and-direction","description":"Master the visual language of AI filmmaking. Fr...
3:18:03 PM [express] GET /api/featured-videos 304 in 8ms :: {"videos":[{"id":"7b4374bd-ddb5-4174-9946-4d886cdb09ec","title":"ECHO PROTOCOL","category":"Sci-Fi Short Film","description":"A cyberpunk detective navigates neon-soaked streets.","thumbnailUrl":"http...
3:18:05 PM [express] GET /api/auth/me 401 in 1ms :: {"message":"Not authenticated"}
3:18:05 PM [express] GET /api/featured-videos 304 in 3ms :: {"videos":[{"id":"7b4374bd-ddb5-4174-9946-4d886cdb09ec","title":"ECHO PROTOCOL","category":"Sci-Fi Short Film","description":"A cyberpunk detective navigates neon-soaked streets.","thumbnailUrl":"http...
3:18:05 PM [express] GET /api/courses 304 in 3ms :: {"courses":[{"id":"1c1410f1-5fbb-4ecb-8975-962084c4419a","title":"AI CINEMATOGRAPHY & DIRECTION","slug":"ai-cinematography-and-direction","description":"Master the visual language of AI filmmaking. Fr...
3:18:05 PM [express] GET /api/featured-videos 304 in 5ms :: {"videos":[{"id":"7b4374bd-ddb5-4174-9946-4d886cdb09ec","title":"ECHO PROTOCOL","category":"Sci-Fi Short Film","description":"A cyberpunk detective navigates neon-soaked streets.","thumbnailUrl":"http...
3:18:05 PM [express] GET /api/auth/me 304 in 4ms :: {"user":{"id":"f6849053-994c-4c43-8e28-2f8fcf3cc8d5","username":"Sanduo","email":"nichenavigator88@gmail.com","emailVerified":false,"verificationToken":null,"passwordResetToken":"9r49SbjDWxwCZ4qC-sI5V...
3:18:05 PM [express] GET /api/courses 304 in 6ms :: {"courses":[{"id":"1c1410f1-5fbb-4ecb-8975-962084c4419a","title":"AI CINEMATOGRAPHY & DIRECTION","slug":"ai-cinematography-and-direction","description":"Master the visual language of AI filmmaking. Fr...
3:18:08 PM [express] GET /api/courses 304 in 5ms :: {"courses":[{"id":"1c1410f1-5fbb-4ecb-8975-962084c4419a","title":"AI CINEMATOGRAPHY & DIRECTION","slug":"ai-cinematography-and-direction","description":"Master the visual language of AI filmmaking. Fr...
3:18:08 PM [express] GET /api/course-tiers 304 in 4ms :: {"tiers":[{"id":"568d3daf-117b-4513-b86d-84e9b9b9b86f","name":"Foundation","slug":"foundation","color":"#2962FF","sortOrder":0,"createdAt":"2026-02-22T18:06:42.931Z"},{"id":"999f52a8-feb6-4e16-99b1-18...
3:18:08 PM [express] GET /api/enrollments 304 in 6ms :: {"enrollments":[{"id":"4f069a05-b888-46bd-9477-c83f39afeff0","userId":"f6849053-994c-4c43-8e28-2f8fcf3cc8d5","courseId":"3da54ea4-8f54-4633-95b7-79860259a295","enrolledAt":"2025-12-16T10:06:08.502Z","...
3:20:20 PM [express] GET /api/featured-videos 200 in 11ms :: {"videos":[{"id":"7b4374bd-ddb5-4174-9946-4d886cdb09ec","title":"ECHO PROTOCOL","category":"Sci-Fi Short Film","description":"A cyberpunk detective navigates neon-soaked streets.","thumbnailUrl":"http...
3:20:37 PM [express] POST /api/auth/login 200 in 126ms :: {"user":{"id":"f6849053-994c-4c43-8e28-2f8fcf3cc8d5","username":"Sanduo","email":"nichenavigator88@gmail.com","emailVerified":false,"verificationToken":null,"passwordResetToken":"9r49SbjDWxwCZ4qC-sI5V...
3:20:37 PM [express] POST /api/featured-videos 201 in 10ms :: {"video":{"id":"36d018c5-5a44-4cf6-ab6d-34322a026875","title":"NEURAL BLOOM","category":"Experimental Art Film","description":"An abstract exploration of consciousness, where neural networks blossom i...
3:20:38 PM [express] POST /api/featured-videos 201 in 9ms :: {"video":{"id":"b3d6c119-8a3b-40e7-8c33-7580add3fed2","title":"PHANTOM SIGNAL","category":"Sci-Fi Short Film","description":"A lone astronaut receives a mysterious transmission that challenges everyth...
3:22:02 PM [express] GET /api/auth/me 304 in 5ms :: {"user":{"id":"f6849053-994c-4c43-8e28-2f8fcf3cc8d5","username":"Sanduo","email":"nichenavigator88@gmail.com","emailVerified":false,"verificationToken":null,"passwordResetToken":"9r49SbjDWxwCZ4qC-sI5V...
3:22:02 PM [express] GET /api/enrollments 304 in 10ms :: {"enrollments":[{"id":"4f069a05-b888-46bd-9477-c83f39afeff0","userId":"f6849053-994c-4c43-8e28-2f8fcf3cc8d5","courseId":"3da54ea4-8f54-4633-95b7-79860259a295","enrolledAt":"2025-12-16T10:06:08.502Z","...
3:22:02 PM [express] GET /api/course-tiers 304 in 5ms :: {"tiers":[{"id":"568d3daf-117b-4513-b86d-84e9b9b9b86f","name":"Foundation","slug":"foundation","color":"#2962FF","sortOrder":0,"createdAt":"2026-02-22T18:06:42.931Z"},{"id":"999f52a8-feb6-4e16-99b1-18...
3:22:02 PM [express] GET /api/featured-videos 200 in 6ms :: {"videos":[{"id":"7b4374bd-ddb5-4174-9946-4d886cdb09ec","title":"ECHO PROTOCOL","category":"Sci-Fi Short Film","description":"A cyberpunk detective navigates neon-soaked streets.","thumbnailUrl":"http...
3:22:02 PM [express] GET /api/courses 304 in 8ms :: {"courses":[{"id":"1c1410f1-5fbb-4ecb-8975-962084c4419a","title":"AI CINEMATOGRAPHY & DIRECTION","slug":"ai-cinematography-and-direction","description":"Master the visual language of AI filmmaking. Fr...
3:22:20 PM [express] PUT /api/featured-videos/b3d6c119-8a3b-40e7-8c33-7580add3fed2 200 in 56ms :: {"video":{"id":"b3d6c119-8a3b-40e7-8c33-7580add3fed2","title":"PHANTOM SIGNAL","category":"Sci-Fi Short Film","description":"A lone astronaut receives a mysterious transmission that challenges everyth...
3:22:20 PM [express] GET /api/featured-videos 200 in 5ms :: {"videos":[{"id":"7b4374bd-ddb5-4174-9946-4d886cdb09ec","title":"ECHO PROTOCOL","category":"Sci-Fi Short Film","description":"A cyberpunk detective navigates neon-soaked streets.","thumbnailUrl":"http...
3:22:32 PM [express] GET /api/courses 304 in 6ms :: {"courses":[{"id":"1c1410f1-5fbb-4ecb-8975-962084c4419a","title":"AI CINEMATOGRAPHY & DIRECTION","slug":"ai-cinematography-and-direction","description":"Master the visual language of AI filmmaking. Fr...
3:22:32 PM [express] GET /api/featured-videos 200 in 9ms :: {"videos":[{"id":"7b4374bd-ddb5-4174-9946-4d886cdb09ec","title":"ECHO PROTOCOL","category":"Sci-Fi Short Film","description":"A cyberpunk detective navigates neon-soaked streets.","thumbnailUrl":"http...
3:22:32 PM [express] GET /api/auth/me 304 in 4ms :: {"user":{"id":"f6849053-994c-4c43-8e28-2f8fcf3cc8d5","username":"Sanduo","email":"nichenavigator88@gmail.com","emailVerified":false,"verificationToken":null,"passwordResetToken":"9r49SbjDWxwCZ4qC-sI5V...
3:23:43 PM [vite] (client) hmr update /src/pages/home.tsx, /src/index.css

> rest-express@1.0.0 dev
> NODE_ENV=development tsx server/index.ts

3:23:45 PM [express] serving on port 5000
3:23:49 PM [express] GET /api/auth/me 304 in 9ms :: {"user":{"id":"f6849053-994c-4c43-8e28-2f8fcf3cc8d5","username":"Sanduo","email":"nichenavigator88@gmail.com","emailVerified":false,"verificationToken":null,"passwordResetToken":"9r49SbjDWxwCZ4qC-sI5V...
3:23:49 PM [express] GET /api/courses 304 in 7ms :: {"courses":[{"id":"1c1410f1-5fbb-4ecb-8975-962084c4419a","title":"AI CINEMATOGRAPHY & DIRECTION","slug":"ai-cinematography-and-direction","description":"Master the visual language of AI filmmaking. Fr...
3:23:49 PM [express] GET /api/featured-videos 304 in 9ms :: {"videos":[{"id":"7b4374bd-ddb5-4174-9946-4d886cdb09ec","title":"ECHO PROTOCOL","category":"Sci-Fi Short Film","description":"A cyberpunk detective navigates neon-soaked streets.","thumbnailUrl":"http...

> rest-express@1.0.0 dev
> NODE_ENV=development tsx server/index.ts


> rest-express@1.0.0 dev
> NODE_ENV=development tsx server/index.ts

3:25:07 PM [express] serving on port 5000
Uncaught Exception: Error: listen EADDRINUSE: address already in use 0.0.0.0:5000
    at Server.setupListenHandle [as _listen2] (node:net:1908:16)
    at listenInCluster (node:net:1965:12)
    at doListen (node:net:2139:7)
    at process.processTicksAndRejections (node:internal/process/task_queues:83:21) {
  code: 'EADDRINUSE',
  errno: -98,
  syscall: 'listen',
  address: '0.0.0.0',
  port: 5000
}
3:25:10 PM [express] GET /api/courses 304 in 10ms :: {"courses":[{"id":"1c1410f1-5fbb-4ecb-8975-962084c4419a","title":"AI CINEMATOGRAPHY & DIRECTION","slug":"ai-cinematography-and-direction","description":"Master the visual language of AI filmmaking. Fr...
3:25:10 PM [express] GET /api/featured-videos 304 in 6ms :: {"videos":[{"id":"7b4374bd-ddb5-4174-9946-4d886cdb09ec","title":"ECHO PROTOCOL","category":"Sci-Fi Short Film","description":"A cyberpunk detective navigates neon-soaked streets.","thumbnailUrl":"http...
3:25:10 PM [express] GET /api/auth/me 304 in 13ms :: {"user":{"id":"f6849053-994c-4c43-8e28-2f8fcf3cc8d5","username":"Sanduo","email":"nichenavigator88@gmail.com","emailVerified":false,"verificationToken":null,"passwordResetToken":"9r49SbjDWxwCZ4qC-sI5V...
3:25:11 PM [express] GET /api/auth/me 401 in 1ms :: {"message":"Not authenticated"}
3:25:11 PM [express] GET /api/courses 304 in 3ms :: {"courses":[{"id":"1c1410f1-5fbb-4ecb-8975-962084c4419a","title":"AI CINEMATOGRAPHY & DIRECTION","slug":"ai-cinematography-and-direction","description":"Master the visual language of AI filmmaking. Fr...
3:25:11 PM [express] GET /api/featured-videos 200 in 3ms :: {"videos":[{"id":"7b4374bd-ddb5-4174-9946-4d886cdb09ec","title":"ECHO PROTOCOL","category":"Sci-Fi Short Film","description":"A cyberpunk detective navigates neon-soaked streets.","thumbnailUrl":"http...
3:25:12 PM [express] GET /api/auth/me 304 in 3ms :: {"user":{"id":"f6849053-994c-4c43-8e28-2f8fcf3cc8d5","username":"Sanduo","email":"nichenavigator88@gmail.com","emailVerified":false,"verificationToken":null,"passwordResetToken":"9r49SbjDWxwCZ4qC-sI5V...
3:25:12 PM [express] GET /api/featured-videos 200 in 6ms :: {"videos":[{"id":"7b4374bd-ddb5-4174-9946-4d886cdb09ec","title":"ECHO PROTOCOL","category":"Sci-Fi Short Film","description":"A cyberpunk detective navigates neon-soaked streets.","thumbnailUrl":"http...
3:25:12 PM [express] GET /api/courses 304 in 5ms :: {"courses":[{"id":"1c1410f1-5fbb-4ecb-8975-962084c4419a","title":"AI CINEMATOGRAPHY & DIRECTION","slug":"ai-cinematography-and-direction","description":"Master the visual language of AI filmmaking. Fr...
3:29:10 PM [express] GET /api/courses 304 in 36ms :: {"courses":[{"id":"1c1410f1-5fbb-4ecb-8975-962084c4419a","title":"AI CINEMATOGRAPHY & DIRECTION","slug":"ai-cinematography-and-direction","description":"Master the visual language of AI filmmaking. Fr...
3:29:10 PM [express] GET /api/course-tiers 304 in 35ms :: {"tiers":[{"id":"568d3daf-117b-4513-b86d-84e9b9b9b86f","name":"Foundation","slug":"foundation","color":"#2962FF","sortOrder":0,"createdAt":"2026-02-22T18:06:42.931Z"},{"id":"999f52a8-feb6-4e16-99b1-18...
3:29:10 PM [express] GET /api/enrollments 304 in 42ms :: {"enrollments":[{"id":"4f069a05-b888-46bd-9477-c83f39afeff0","userId":"f6849053-994c-4c43-8e28-2f8fcf3cc8d5","courseId":"3da54ea4-8f54-4633-95b7-79860259a295","enrolledAt":"2025-12-16T10:06:08.502Z","...

> rest-express@1.0.0 dev
> NODE_ENV=development tsx server/index.ts

3:33:18 PM [express] serving on port 5000
3:33:22 PM [express] GET /api/auth/me 304 in 10ms :: {"user":{"id":"f6849053-994c-4c43-8e28-2f8fcf3cc8d5","username":"Sanduo","email":"nichenavigator88@gmail.com","emailVerified":false,"verificationToken":null,"passwordResetToken":"9r49SbjDWxwCZ4qC-sI5V...
3:33:22 PM [express] GET /api/featured-videos 304 in 8ms :: {"videos":[{"id":"7b4374bd-ddb5-4174-9946-4d886cdb09ec","title":"ECHO PROTOCOL","category":"Sci-Fi Short Film","description":"A cyberpunk detective navigates neon-soaked streets.","thumbnailUrl":"http...
3:33:22 PM [express] GET /api/courses 304 in 8ms :: {"courses":[{"id":"1c1410f1-5fbb-4ecb-8975-962084c4419a","title":"AI CINEMATOGRAPHY & DIRECTION","slug":"ai-cinematography-and-direction","description":"Master the visual language of AI filmmaking. Fr...
3:33:23 PM [express] GET /api/auth/me 401 in 0ms :: {"message":"Not authenticated"}
3:33:23 PM [express] GET /api/courses 200 in 6ms :: {"courses":[{"id":"1c1410f1-5fbb-4ecb-8975-962084c4419a","title":"AI CINEMATOGRAPHY & DIRECTION","slug":"ai-cinematography-and-direction","description":"Master the visual language of AI filmmaking. Fr...
3:33:23 PM [express] GET /api/featured-videos 200 in 6ms :: {"videos":[{"id":"7b4374bd-ddb5-4174-9946-4d886cdb09ec","title":"ECHO PROTOCOL","category":"Sci-Fi Short Film","description":"A cyberpunk detective navigates neon-soaked streets.","thumbnailUrl":"http...

> rest-express@1.0.0 dev
> NODE_ENV=development tsx server/index.ts

3:34:33 PM [express] serving on port 5000
3:34:42 PM [express] GET /api/courses 304 in 12ms :: {"courses":[{"id":"1c1410f1-5fbb-4ecb-8975-962084c4419a","title":"AI CINEMATOGRAPHY & DIRECTION","slug":"ai-cinematography-and-direction","description":"Master the visual language of AI filmmaking. Fr...
3:34:42 PM [express] GET /api/featured-videos 304 in 11ms :: {"videos":[{"id":"7b4374bd-ddb5-4174-9946-4d886cdb09ec","title":"ECHO PROTOCOL","category":"Sci-Fi Short Film","description":"A cyberpunk detective navigates neon-soaked streets.","thumbnailUrl":"http...
3:34:42 PM [express] GET /api/auth/me 304 in 5ms :: {"user":{"id":"f6849053-994c-4c43-8e28-2f8fcf3cc8d5","username":"Sanduo","email":"nichenavigator88@gmail.com","emailVerified":false,"verificationToken":null,"passwordResetToken":"9r49SbjDWxwCZ4qC-sI5V...

> rest-express@1.0.0 dev
> NODE_ENV=development tsx server/index.ts

3:35:58 PM [express] serving on port 5000
3:36:02 PM [express] GET /api/auth/me 304 in 7ms :: {"user":{"id":"f6849053-994c-4c43-8e28-2f8fcf3cc8d5","username":"Sanduo","email":"nichenavigator88@gmail.com","emailVerified":false,"verificationToken":null,"passwordResetToken":"9r49SbjDWxwCZ4qC-sI5V...
3:36:02 PM [express] GET /api/featured-videos 304 in 10ms :: {"videos":[{"id":"7b4374bd-ddb5-4174-9946-4d886cdb09ec","title":"ECHO PROTOCOL","category":"Sci-Fi Short Film","description":"A cyberpunk detective navigates neon-soaked streets.","thumbnailUrl":"http...
3:36:02 PM [express] GET /api/courses 304 in 17ms :: {"courses":[{"id":"1c1410f1-5fbb-4ecb-8975-962084c4419a","title":"AI CINEMATOGRAPHY & DIRECTION","slug":"ai-cinematography-and-direction","description":"Master the visual language of AI filmmaking. Fr...
3:36:05 PM [vite] (client) hmr update /src/index.css, /src/pages/admin-dashboard.tsx
3:36:15 PM [express] GET /api/courses 304 in 8ms :: {"courses":[{"id":"1c1410f1-5fbb-4ecb-8975-962084c4419a","title":"AI CINEMATOGRAPHY & DIRECTION","slug":"ai-cinematography-and-direction","description":"Master the visual language of AI filmmaking. Fr...
3:36:15 PM [express] GET /api/featured-videos 304 in 9ms :: {"videos":[{"id":"7b4374bd-ddb5-4174-9946-4d886cdb09ec","title":"ECHO PROTOCOL","category":"Sci-Fi Short Film","description":"A cyberpunk detective navigates neon-soaked streets.","thumbnailUrl":"http...
3:36:15 PM [express] GET /api/auth/me 304 in 7ms :: {"user":{"id":"f6849053-994c-4c43-8e28-2f8fcf3cc8d5","username":"Sanduo","email":"nichenavigator88@gmail.com","emailVerified":false,"verificationToken":null,"passwordResetToken":"9r49SbjDWxwCZ4qC-sI5V...
3:36:20 PM [vite] (client) hmr update /src/index.css, /src/pages/admin-dashboard.tsx

> rest-express@1.0.0 dev
> NODE_ENV=development tsx server/index.ts

3:37:42 PM [express] serving on port 5000
3:37:47 PM [express] GET /api/auth/me 401 in 2ms :: {"message":"Not authenticated"}
3:37:47 PM [express] GET /api/featured-videos 304 in 6ms :: {"videos":[{"id":"7b4374bd-ddb5-4174-9946-4d886cdb09ec","title":"ECHO PROTOCOL","category":"Sci-Fi Short Film","description":"A cyberpunk detective navigates neon-soaked streets.","thumbnailUrl":"http...
3:37:47 PM [express] GET /api/courses 304 in 3ms :: {"courses":[{"id":"1c1410f1-5fbb-4ecb-8975-962084c4419a","title":"AI CINEMATOGRAPHY & DIRECTION","slug":"ai-cinematography-and-direction","description":"Master the visual language of AI filmmaking. Fr...
3:37:47 PM [express] GET /api/courses 304 in 9ms :: {"courses":[{"id":"1c1410f1-5fbb-4ecb-8975-962084c4419a","title":"AI CINEMATOGRAPHY & DIRECTION","slug":"ai-cinematography-and-direction","description":"Master the visual language of AI filmmaking. Fr...
3:37:47 PM [express] GET /api/auth/me 304 in 8ms :: {"user":{"id":"f6849053-994c-4c43-8e28-2f8fcf3cc8d5","username":"Sanduo","email":"nichenavigator88@gmail.com","emailVerified":false,"verificationToken":null,"passwordResetToken":"9r49SbjDWxwCZ4qC-sI5V...
3:37:47 PM [express] GET /api/featured-videos 304 in 11ms :: {"videos":[{"id":"7b4374bd-ddb5-4174-9946-4d886cdb09ec","title":"ECHO PROTOCOL","category":"Sci-Fi Short Film","description":"A cyberpunk detective navigates neon-soaked streets.","thumbnailUrl":"http...
3:37:47 PM [express] GET /api/courses 304 in 7ms :: {"courses":[{"id":"1c1410f1-5fbb-4ecb-8975-962084c4419a","title":"AI CINEMATOGRAPHY & DIRECTION","slug":"ai-cinematography-and-direction","description":"Master the visual language of AI filmmaking. Fr...
3:37:47 PM [express] GET /api/auth/me 304 in 9ms :: {"user":{"id":"f6849053-994c-4c43-8e28-2f8fcf3cc8d5","username":"Sanduo","email":"nichenavigator88@gmail.com","emailVerified":false,"verificationToken":null,"passwordResetToken":"9r49SbjDWxwCZ4qC-sI5V...
3:37:47 PM [express] GET /api/featured-videos 304 in 10ms :: {"videos":[{"id":"7b4374bd-ddb5-4174-9946-4d886cdb09ec","title":"ECHO PROTOCOL","category":"Sci-Fi Short Film","description":"A cyberpunk detective navigates neon-soaked streets.","thumbnailUrl":"http...
3:37:49 PM [express] GET /api/auth/me 304 in 7ms :: {"user":{"id":"f6849053-994c-4c43-8e28-2f8fcf3cc8d5","username":"Sanduo","email":"nichenavigator88@gmail.com","emailVerified":false,"verificationToken":null,"passwordResetToken":"9r49SbjDWxwCZ4qC-sI5V...
3:37:49 PM [express] GET /api/courses 304 in 11ms :: {"courses":[{"id":"1c1410f1-5fbb-4ecb-8975-962084c4419a","title":"AI CINEMATOGRAPHY & DIRECTION","slug":"ai-cinematography-and-direction","description":"Master the visual language of AI filmmaking. Fr...
3:37:49 PM [express] GET /api/featured-videos 304 in 6ms :: {"videos":[{"id":"7b4374bd-ddb5-4174-9946-4d886cdb09ec","title":"ECHO PROTOCOL","category":"Sci-Fi Short Film","description":"A cyberpunk detective navigates neon-soaked streets.","thumbnailUrl":"http...
3:37:52 PM [vite] (client) hmr update /src/pages/home.tsx, /src/index.css
3:37:59 PM [vite] (client) hmr update /src/pages/home.tsx, /src/index.css
3:38:00 PM [express] GET /api/hero-video 200 in 5ms :: {"heroVideo":null}
3:38:00 PM [express] GET /api/hero-video 200 in 4ms :: {"heroVideo":null}
3:38:01 PM [express] GET /api/hero-video 200 in 92ms :: {"heroVideo":null}

> rest-express@1.0.0 dev
> NODE_ENV=development tsx server/index.ts

3:38:28 PM [express] serving on port 5000
3:38:31 PM [express] GET /api/auth/me 304 in 9ms :: {"user":{"id":"f6849053-994c-4c43-8e28-2f8fcf3cc8d5","username":"Sanduo","email":"nichenavigator88@gmail.com","emailVerified":false,"verificationToken":null,"passwordResetToken":"9r49SbjDWxwCZ4qC-sI5V...
3:38:31 PM [express] GET /api/courses 304 in 12ms :: {"courses":[{"id":"1c1410f1-5fbb-4ecb-8975-962084c4419a","title":"AI CINEMATOGRAPHY & DIRECTION","slug":"ai-cinematography-and-direction","description":"Master the visual language of AI filmmaking. Fr...
3:38:31 PM [express] GET /api/featured-videos 304 in 8ms :: {"videos":[{"id":"7b4374bd-ddb5-4174-9946-4d886cdb09ec","title":"ECHO PROTOCOL","category":"Sci-Fi Short Film","description":"A cyberpunk detective navigates neon-soaked streets.","thumbnailUrl":"http...
3:38:31 PM [express] GET /api/hero-video 304 in 7ms :: {"heroVideo":null}
3:38:33 PM [express] GET /api/auth/me 304 in 5ms :: {"user":{"id":"f6849053-994c-4c43-8e28-2f8fcf3cc8d5","username":"Sanduo","email":"nichenavigator88@gmail.com","emailVerified":false,"verificationToken":null,"passwordResetToken":"9r49SbjDWxwCZ4qC-sI5V...
3:38:33 PM [express] GET /api/courses 304 in 7ms :: {"courses":[{"id":"1c1410f1-5fbb-4ecb-8975-962084c4419a","title":"AI CINEMATOGRAPHY & DIRECTION","slug":"ai-cinematography-and-direction","description":"Master the visual language of AI filmmaking. Fr...
3:38:33 PM [express] GET /api/hero-video 304 in 5ms :: {"heroVideo":null}
3:38:33 PM [express] GET /api/featured-videos 304 in 8ms :: {"videos":[{"id":"7b4374bd-ddb5-4174-9946-4d886cdb09ec","title":"ECHO PROTOCOL","category":"Sci-Fi Short Film","description":"A cyberpunk detective navigates neon-soaked streets.","thumbnailUrl":"http...
3:38:35 PM [express] GET /api/hero-video 200 in 2ms :: {"heroVideo":null}
3:38:42 PM [express] POST /api/auth/login 200 in 102ms :: {"user":{"id":"f6849053-994c-4c43-8e28-2f8fcf3cc8d5","username":"Sanduo","email":"nichenavigator88@gmail.com","emailVerified":false,"verificationToken":null,"passwordResetToken":"9r49SbjDWxwCZ4qC-sI5V...
3:38:42 PM [express] PUT /api/hero-video 200 in 11ms :: {"heroVideo":{"id":"9aa7ea8e-be68-4bd6-babe-5069834a2f8a","title":"DIRECT THE","subtitle":"ALGORITHM","videoUrl":null,"thumbnailUrl":null,"overlayText":"SHOWREEL_2025.MP4","badgeText":"VEO 3.1 RENDER"...
3:38:54 PM [express] GET /api/course-tiers 304 in 7ms :: {"tiers":[{"id":"568d3daf-117b-4513-b86d-84e9b9b9b86f","name":"Foundation","slug":"foundation","color":"#2962FF","sortOrder":0,"createdAt":"2026-02-22T18:06:42.931Z"},{"id":"999f52a8-feb6-4e16-99b1-18...
3:38:54 PM [express] GET /api/enrollments 200 in 9ms :: {"enrollments":[{"id":"4f069a05-b888-46bd-9477-c83f39afeff0","userId":"f6849053-994c-4c43-8e28-2f8fcf3cc8d5","courseId":"3da54ea4-8f54-4633-95b7-79860259a295","enrolledAt":"2025-12-16T10:06:08.502Z","...
3:38:54 PM [express] GET /api/courses 304 in 11ms :: {"courses":[{"id":"1c1410f1-5fbb-4ecb-8975-962084c4419a","title":"AI CINEMATOGRAPHY & DIRECTION","slug":"ai-cinematography-and-direction","description":"Master the visual language of AI filmmaking. Fr...

> rest-express@1.0.0 dev
> NODE_ENV=development tsx server/index.ts

3:39:13 PM [express] serving on port 5000
3:39:17 PM [express] GET /api/auth/me 304 in 10ms :: {"user":{"id":"f6849053-994c-4c43-8e28-2f8fcf3cc8d5","username":"Sanduo","email":"nichenavigator88@gmail.com","emailVerified":false,"verificationToken":null,"passwordResetToken":"9r49SbjDWxwCZ4qC-sI5V...
3:39:17 PM [express] GET /api/courses 304 in 9ms :: {"courses":[{"id":"1c1410f1-5fbb-4ecb-8975-962084c4419a","title":"AI CINEMATOGRAPHY & DIRECTION","slug":"ai-cinematography-and-direction","description":"Master the visual language of AI filmmaking. Fr...
3:39:17 PM [express] GET /api/hero-video 200 in 7ms :: {"heroVideo":{"id":"9aa7ea8e-be68-4bd6-babe-5069834a2f8a","title":"DIRECT THE","subtitle":"ALGORITHM","videoUrl":null,"thumbnailUrl":null,"overlayText":"SHOWREEL_2025.MP4","badgeText":"VEO 3.1 RENDER"...
3:39:17 PM [express] GET /api/featured-videos 304 in 13ms :: {"videos":[{"id":"7b4374bd-ddb5-4174-9946-4d886cdb09ec","title":"ECHO PROTOCOL","category":"Sci-Fi Short Film","description":"A cyberpunk detective navigates neon-soaked streets.","thumbnailUrl":"http...
3:39:17 PM [express] GET /api/hero-video 200 in 1ms :: {"heroVideo":{"id":"9aa7ea8e-be68-4bd6-babe-5069834a2f8a","title":"DIRECT THE","subtitle":"ALGORITHM","videoUrl":null,"thumbnailUrl":null,"overlayText":"SHOWREEL_2025.MP4","badgeText":"VEO 3.1 RENDER"...
3:39:18 PM [express] GET /api/enrollments 304 in 7ms :: {"enrollments":[{"id":"4f069a05-b888-46bd-9477-c83f39afeff0","userId":"f6849053-994c-4c43-8e28-2f8fcf3cc8d5","courseId":"3da54ea4-8f54-4633-95b7-79860259a295","enrolledAt":"2025-12-16T10:06:08.502Z","...
3:39:18 PM [express] GET /api/auth/me 304 in 4ms :: {"user":{"id":"f6849053-994c-4c43-8e28-2f8fcf3cc8d5","username":"Sanduo","email":"nichenavigator88@gmail.com","emailVerified":false,"verificationToken":null,"passwordResetToken":"9r49SbjDWxwCZ4qC-sI5V...
3:39:19 PM [express] GET /api/course-tiers 304 in 5ms :: {"tiers":[{"id":"568d3daf-117b-4513-b86d-84e9b9b9b86f","name":"Foundation","slug":"foundation","color":"#2962FF","sortOrder":0,"createdAt":"2026-02-22T18:06:42.931Z"},{"id":"999f52a8-feb6-4e16-99b1-18...
3:39:19 PM [express] GET /api/courses 304 in 8ms :: {"courses":[{"id":"1c1410f1-5fbb-4ecb-8975-962084c4419a","title":"AI CINEMATOGRAPHY & DIRECTION","slug":"ai-cinematography-and-direction","description":"Master the visual language of AI filmmaking. Fr...
3:39:19 PM [express] GET /api/featured-videos 304 in 7ms :: {"videos":[{"id":"7b4374bd-ddb5-4174-9946-4d886cdb09ec","title":"ECHO PROTOCOL","category":"Sci-Fi Short Film","description":"A cyberpunk detective navigates neon-soaked streets.","thumbnailUrl":"http...
3:39:19 PM [express] GET /api/hero-video 200 in 7ms :: {"heroVideo":{"id":"9aa7ea8e-be68-4bd6-babe-5069834a2f8a","title":"DIRECT THE","subtitle":"ALGORITHM","videoUrl":null,"thumbnailUrl":null,"overlayText":"SHOWREEL_2025.MP4","badgeText":"VEO 3.1 RENDER"...
3:39:21 PM [express] GET /api/hero-video 200 in 2ms :: {"heroVideo":{"id":"9aa7ea8e-be68-4bd6-babe-5069834a2f8a","title":"DIRECT THE","subtitle":"ALGORITHM","videoUrl":null,"thumbnailUrl":null,"overlayText":"SHOWREEL_2025.MP4","badgeText":"VEO 3.1 RENDER"...

> rest-express@1.0.0 dev
> NODE_ENV=development tsx server/index.ts

3:39:58 PM [express] serving on port 5000
3:40:01 PM [express] GET /api/auth/me 304 in 6ms :: {"user":{"id":"f6849053-994c-4c43-8e28-2f8fcf3cc8d5","username":"Sanduo","email":"nichenavigator88@gmail.com","emailVerified":false,"verificationToken":null,"passwordResetToken":"9r49SbjDWxwCZ4qC-sI5V...
3:40:01 PM [express] GET /api/hero-video 304 in 9ms :: {"heroVideo":{"id":"9aa7ea8e-be68-4bd6-babe-5069834a2f8a","title":"DIRECT THE","subtitle":"ALGORITHM","videoUrl":null,"thumbnailUrl":null,"overlayText":"SHOWREEL_2025.MP4","badgeText":"VEO 3.1 RENDER"...
3:40:01 PM [express] GET /api/courses 304 in 15ms :: {"courses":[{"id":"1c1410f1-5fbb-4ecb-8975-962084c4419a","title":"AI CINEMATOGRAPHY & DIRECTION","slug":"ai-cinematography-and-direction","description":"Master the visual language of AI filmmaking. Fr...
3:40:01 PM [express] GET /api/featured-videos 304 in 9ms :: {"videos":[{"id":"7b4374bd-ddb5-4174-9946-4d886cdb09ec","title":"ECHO PROTOCOL","category":"Sci-Fi Short Film","description":"A cyberpunk detective navigates neon-soaked streets.","thumbnailUrl":"http...
3:40:02 PM [express] GET /api/auth/me 401 in 1ms :: {"message":"Not authenticated"}
3:40:02 PM [express] GET /api/hero-video 200 in 1ms :: {"heroVideo":{"id":"9aa7ea8e-be68-4bd6-babe-5069834a2f8a","title":"DIRECT THE","subtitle":"ALGORITHM","videoUrl":null,"thumbnailUrl":null,"overlayText":"SHOWREEL_2025.MP4","badgeText":"VEO 3.1 RENDER"...
3:40:02 PM [express] GET /api/featured-videos 304 in 1ms :: {"videos":[{"id":"7b4374bd-ddb5-4174-9946-4d886cdb09ec","title":"ECHO PROTOCOL","category":"Sci-Fi Short Film","description":"A cyberpunk detective navigates neon-soaked streets.","thumbnailUrl":"http...
3:40:02 PM [express] GET /api/courses 304 in 2ms :: {"courses":[{"id":"1c1410f1-5fbb-4ecb-8975-962084c4419a","title":"AI CINEMATOGRAPHY & DIRECTION","slug":"ai-cinematography-and-direction","description":"Master the visual language of AI filmmaking. Fr...
3:40:03 PM [express] GET /api/hero-video 200 in 4ms :: {"heroVideo":{"id":"9aa7ea8e-be68-4bd6-babe-5069834a2f8a","title":"DIRECT THE","subtitle":"ALGORITHM","videoUrl":null,"thumbnailUrl":null,"overlayText":"SHOWREEL_2025.MP4","badgeText":"VEO 3.1 RENDER"...
3:40:03 PM [express] GET /api/auth/me 304 in 7ms :: {"user":{"id":"f6849053-994c-4c43-8e28-2f8fcf3cc8d5","username":"Sanduo","email":"nichenavigator88@gmail.com","emailVerified":false,"verificationToken":null,"passwordResetToken":"9r49SbjDWxwCZ4qC-sI5V...
3:40:03 PM [express] GET /api/courses 304 in 7ms :: {"courses":[{"id":"1c1410f1-5fbb-4ecb-8975-962084c4419a","title":"AI CINEMATOGRAPHY & DIRECTION","slug":"ai-cinematography-and-direction","description":"Master the visual language of AI filmmaking. Fr...
3:40:03 PM [express] GET /api/featured-videos 304 in 8ms :: {"videos":[{"id":"7b4374bd-ddb5-4174-9946-4d886cdb09ec","title":"ECHO PROTOCOL","category":"Sci-Fi Short Film","description":"A cyberpunk detective navigates neon-soaked streets.","thumbnailUrl":"http...

> rest-express@1.0.0 dev
> NODE_ENV=development tsx server/index.ts

4:13:44 PM [express] serving on port 5000
4:13:51 PM [express] GET /api/auth/me 401 in 1ms :: {"message":"Not authenticated"}
4:13:51 PM [express] GET /api/featured-videos 304 in 16ms :: {"videos":[{"id":"7b4374bd-ddb5-4174-9946-4d886cdb09ec","title":"ECHO PROTOCOL","category":"Sci-Fi Short Film","description":"A cyberpunk detective navigates neon-soaked streets.","thumbnailUrl":"http...
4:13:51 PM [express] GET /api/hero-video 304 in 8ms :: {"heroVideo":{"id":"9aa7ea8e-be68-4bd6-babe-5069834a2f8a","title":"DIRECT THE","subtitle":"ALGORITHM","videoUrl":null,"thumbnailUrl":null,"overlayText":"SHOWREEL_2025.MP4","badgeText":"VEO 3.1 RENDER"...
4:13:51 PM [express] GET /api/courses 304 in 4ms :: {"courses":[{"id":"1c1410f1-5fbb-4ecb-8975-962084c4419a","title":"AI CINEMATOGRAPHY & DIRECTION","slug":"ai-cinematography-and-direction","description":"Master the visual language of AI filmmaking. Fr...
4:13:53 PM [express] GET /api/auth/me 304 in 12ms :: {"user":{"id":"f6849053-994c-4c43-8e28-2f8fcf3cc8d5","username":"Sanduo","email":"nichenavigator88@gmail.com","emailVerified":false,"verificationToken":null,"passwordResetToken":"9r49SbjDWxwCZ4qC-sI5V...
4:13:53 PM [express] GET /api/featured-videos 304 in 13ms :: {"videos":[{"id":"7b4374bd-ddb5-4174-9946-4d886cdb09ec","title":"ECHO PROTOCOL","category":"Sci-Fi Short Film","description":"A cyberpunk detective navigates neon-soaked streets.","thumbnailUrl":"http...
4:13:53 PM [express] GET /api/hero-video 304 in 9ms :: {"heroVideo":{"id":"9aa7ea8e-be68-4bd6-babe-5069834a2f8a","title":"DIRECT THE","subtitle":"ALGORITHM","videoUrl":null,"thumbnailUrl":null,"overlayText":"SHOWREEL_2025.MP4","badgeText":"VEO 3.1 RENDER"...
4:13:53 PM [express] GET /api/courses 304 in 13ms :: {"courses":[{"id":"1c1410f1-5fbb-4ecb-8975-962084c4419a","title":"AI CINEMATOGRAPHY & DIRECTION","slug":"ai-cinematography-and-direction","description":"Master the visual language of AI filmmaking. Fr...
4:13:56 PM [express] GET /api/hero-video 304 in 6ms :: {"heroVideo":{"id":"9aa7ea8e-be68-4bd6-babe-5069834a2f8a","title":"DIRECT THE","subtitle":"ALGORITHM","videoUrl":null,"thumbnailUrl":null,"overlayText":"SHOWREEL_2025.MP4","badgeText":"VEO 3.1 RENDER"...
4:13:56 PM [express] GET /api/featured-videos 304 in 12ms :: {"videos":[{"id":"7b4374bd-ddb5-4174-9946-4d886cdb09ec","title":"ECHO PROTOCOL","category":"Sci-Fi Short Film","description":"A cyberpunk detective navigates neon-soaked streets.","thumbnailUrl":"http...
4:13:56 PM [express] GET /api/auth/me 304 in 13ms :: {"user":{"id":"f6849053-994c-4c43-8e28-2f8fcf3cc8d5","username":"Sanduo","email":"nichenavigator88@gmail.com","emailVerified":false,"verificationToken":null,"passwordResetToken":"9r49SbjDWxwCZ4qC-sI5V...
4:13:56 PM [express] GET /api/courses 304 in 15ms :: {"courses":[{"id":"1c1410f1-5fbb-4ecb-8975-962084c4419a","title":"AI CINEMATOGRAPHY & DIRECTION","slug":"ai-cinematography-and-direction","description":"Master the visual language of AI filmmaking. Fr...

> rest-express@1.0.0 dev
> NODE_ENV=development tsx server/index.ts

4:14:26 PM [express] serving on port 5000
4:14:34 PM [express] GET /api/auth/me 401 in 2ms :: {"message":"Not authenticated"}
4:14:34 PM [express] GET /api/courses 304 in 16ms :: {"courses":[{"id":"1c1410f1-5fbb-4ecb-8975-962084c4419a","title":"AI CINEMATOGRAPHY & DIRECTION","slug":"ai-cinematography-and-direction","description":"Master the visual language of AI filmmaking. Fr...
4:14:34 PM [express] GET /api/featured-videos 304 in 4ms :: {"videos":[{"id":"7b4374bd-ddb5-4174-9946-4d886cdb09ec","title":"ECHO PROTOCOL","category":"Sci-Fi Short Film","description":"A cyberpunk detective navigates neon-soaked streets.","thumbnailUrl":"http...
4:14:34 PM [express] GET /api/hero-video 304 in 2ms :: {"heroVideo":{"id":"9aa7ea8e-be68-4bd6-babe-5069834a2f8a","title":"DIRECT THE","subtitle":"ALGORITHM","videoUrl":null,"thumbnailUrl":null,"overlayText":"SHOWREEL_2025.MP4","badgeText":"VEO 3.1 RENDER"...
4:14:34 PM [express] GET /api/auth/me 304 in 11ms :: {"user":{"id":"f6849053-994c-4c43-8e28-2f8fcf3cc8d5","username":"Sanduo","email":"nichenavigator88@gmail.com","emailVerified":false,"verificationToken":null,"passwordResetToken":"9r49SbjDWxwCZ4qC-sI5V...
4:14:34 PM [express] GET /api/courses 200 in 18ms :: {"courses":[{"id":"1c1410f1-5fbb-4ecb-8975-962084c4419a","title":"AI CINEMATOGRAPHY & DIRECTION","slug":"ai-cinematography-and-direction","description":"Master the visual language of AI filmmaking. Fr...
4:14:34 PM [express] GET /api/featured-videos 304 in 15ms :: {"videos":[{"id":"7b4374bd-ddb5-4174-9946-4d886cdb09ec","title":"ECHO PROTOCOL","category":"Sci-Fi Short Film","description":"A cyberpunk detective navigates neon-soaked streets.","thumbnailUrl":"http...
4:14:34 PM [express] GET /api/hero-video 304 in 15ms :: {"heroVideo":{"id":"9aa7ea8e-be68-4bd6-babe-5069834a2f8a","title":"DIRECT THE","subtitle":"ALGORITHM","videoUrl":null,"thumbnailUrl":null,"overlayText":"SHOWREEL_2025.MP4","badgeText":"VEO 3.1 RENDER"...
4:14:34 PM [express] GET /api/auth/me 304 in 5ms :: {"user":{"id":"f6849053-994c-4c43-8e28-2f8fcf3cc8d5","username":"Sanduo","email":"nichenavigator88@gmail.com","emailVerified":false,"verificationToken":null,"passwordResetToken":"9r49SbjDWxwCZ4qC-sI5V...
4:14:34 PM [express] GET /api/courses 304 in 20ms :: {"courses":[{"id":"1c1410f1-5fbb-4ecb-8975-962084c4419a","title":"AI CINEMATOGRAPHY & DIRECTION","slug":"ai-cinematography-and-direction","description":"Master the visual language of AI filmmaking. Fr...
4:14:34 PM [express] GET /api/featured-videos 304 in 20ms :: {"videos":[{"id":"7b4374bd-ddb5-4174-9946-4d886cdb09ec","title":"ECHO PROTOCOL","category":"Sci-Fi Short Film","description":"A cyberpunk detective navigates neon-soaked streets.","thumbnailUrl":"http...
4:14:34 PM [express] GET /api/hero-video 304 in 12ms :: {"heroVideo":{"id":"9aa7ea8e-be68-4bd6-babe-5069834a2f8a","title":"DIRECT THE","subtitle":"ALGORITHM","videoUrl":null,"thumbnailUrl":null,"overlayText":"SHOWREEL_2025.MP4","badgeText":"VEO 3.1 RENDER"...
4:15:02 PM [express] GET /api/courses 304 in 16ms :: {"courses":[{"id":"1c1410f1-5fbb-4ecb-8975-962084c4419a","title":"AI CINEMATOGRAPHY & DIRECTION","slug":"ai-cinematography-and-direction","description":"Master the visual language of AI filmmaking. Fr...
4:15:02 PM [express] GET /api/course-tiers 200 in 6ms :: {"tiers":[{"id":"568d3daf-117b-4513-b86d-84e9b9b9b86f","name":"Foundation","slug":"foundation","color":"#2962FF","sortOrder":0,"createdAt":"2026-02-22T18:06:42.931Z"},{"id":"999f52a8-feb6-4e16-99b1-18...
4:15:02 PM [express] GET /api/enrollments 200 in 8ms :: {"enrollments":[{"id":"4f069a05-b888-46bd-9477-c83f39afeff0","userId":"f6849053-994c-4c43-8e28-2f8fcf3cc8d5","courseId":"3da54ea4-8f54-4633-95b7-79860259a295","enrolledAt":"2025-12-16T10:06:08.502Z","...

> rest-express@1.0.0 dev
> NODE_ENV=development tsx server/index.ts

4:17:40 PM [express] serving on port 5000
4:17:44 PM [express] GET /api/auth/me 304 in 10ms :: {"user":{"id":"f6849053-994c-4c43-8e28-2f8fcf3cc8d5","username":"Sanduo","email":"nichenavigator88@gmail.com","emailVerified":false,"verificationToken":null,"passwordResetToken":"9r49SbjDWxwCZ4qC-sI5V...
4:17:44 PM [express] GET /api/courses 304 in 9ms :: {"courses":[{"id":"1c1410f1-5fbb-4ecb-8975-962084c4419a","title":"AI CINEMATOGRAPHY & DIRECTION","slug":"ai-cinematography-and-direction","description":"Master the visual language of AI filmmaking. Fr...
4:17:44 PM [express] GET /api/hero-video 304 in 7ms :: {"heroVideo":{"id":"9aa7ea8e-be68-4bd6-babe-5069834a2f8a","title":"DIRECT THE","subtitle":"ALGORITHM","videoUrl":null,"thumbnailUrl":null,"overlayText":"SHOWREEL_2025.MP4","badgeText":"VEO 3.1 RENDER"...
4:17:44 PM [express] GET /api/featured-videos 304 in 9ms :: {"videos":[{"id":"7b4374bd-ddb5-4174-9946-4d886cdb09ec","title":"ECHO PROTOCOL","category":"Sci-Fi Short Film","description":"A cyberpunk detective navigates neon-soaked streets.","thumbnailUrl":"http...
4:17:46 PM [express] GET /api/auth/me 401 in 1ms :: {"message":"Not authenticated"}
4:17:46 PM [express] GET /api/courses 200 in 6ms :: {"courses":[{"id":"1c1410f1-5fbb-4ecb-8975-962084c4419a","title":"AI CINEMATOGRAPHY & DIRECTION","slug":"ai-cinematography-and-direction","description":"Master the visual language of AI filmmaking. Fr...
4:17:46 PM [express] GET /api/featured-videos 200 in 7ms :: {"videos":[{"id":"7b4374bd-ddb5-4174-9946-4d886cdb09ec","title":"ECHO PROTOCOL","category":"Sci-Fi Short Film","description":"A cyberpunk detective navigates neon-soaked streets.","thumbnailUrl":"http...
4:17:46 PM [express] GET /api/hero-video 200 in 3ms :: {"heroVideo":{"id":"9aa7ea8e-be68-4bd6-babe-5069834a2f8a","title":"DIRECT THE","subtitle":"ALGORITHM","videoUrl":null,"thumbnailUrl":null,"overlayText":"SHOWREEL_2025.MP4","badgeText":"VEO 3.1 RENDER"...
4:18:07 PM [vite] (client) hmr update /src/index.css, /src/pages/admin-dashboard.tsx
4:18:10 PM [vite] (client) hmr update /src/index.css, /src/pages/admin-dashboard.tsx
4:18:11 PM [vite] (client) hmr update /src/index.css, /src/pages/admin-dashboard.tsx

> rest-express@1.0.0 dev
> NODE_ENV=development tsx server/index.ts

Uncaught Exception: Error: listen EADDRINUSE: address already in use 0.0.0.0:5000
    at Server.setupListenHandle [as _listen2] (node:net:1908:16)
    at listenInCluster (node:net:1965:12)
    at doListen (node:net:2139:7)
    at process.processTicksAndRejections (node:internal/process/task_queues:83:21) {
  code: 'EADDRINUSE',
  errno: -98,
  syscall: 'listen',
  address: '0.0.0.0',
  port: 5000
}
4:18:27 PM [express] GET /api/auth/me 304 in 6ms :: {"user":{"id":"f6849053-994c-4c43-8e28-2f8fcf3cc8d5","username":"Sanduo","email":"nichenavigator88@gmail.com","emailVerified":false,"verificationToken":null,"passwordResetToken":"9r49SbjDWxwCZ4qC-sI5V...
4:18:27 PM [express] GET /api/featured-videos 304 in 34ms :: {"videos":[{"id":"7b4374bd-ddb5-4174-9946-4d886cdb09ec","title":"ECHO PROTOCOL","category":"Sci-Fi Short Film","description":"A cyberpunk detective navigates neon-soaked streets.","thumbnailUrl":"http...
4:18:27 PM [express] GET /api/hero-video 304 in 11ms :: {"heroVideo":{"id":"9aa7ea8e-be68-4bd6-babe-5069834a2f8a","title":"DIRECT THE","subtitle":"ALGORITHM","videoUrl":null,"thumbnailUrl":null,"overlayText":"SHOWREEL_2025.MP4","badgeText":"VEO 3.1 RENDER"...
4:18:27 PM [express] GET /api/courses 304 in 11ms :: {"courses":[{"id":"1c1410f1-5fbb-4ecb-8975-962084c4419a","title":"AI CINEMATOGRAPHY & DIRECTION","slug":"ai-cinematography-and-direction","description":"Master the visual language of AI filmmaking. Fr...
4:18:53 PM [vite] (client) hmr update /src/index.css, /src/pages/admin-dashboard.tsx

> rest-express@1.0.0 dev
> NODE_ENV=development tsx server/index.ts

4:19:02 PM [express] serving on port 5000

> rest-express@1.0.0 dev
> NODE_ENV=development tsx server/index.ts

4:34:57 PM [express] serving on port 5000
4:35:04 PM [express] GET /api/hero-video 304 in 14ms :: {"heroVideo":{"id":"9aa7ea8e-be68-4bd6-babe-5069834a2f8a","title":"DIRECT THE","subtitle":"ALGORITHM","videoUrl":null,"thumbnailUrl":null,"overlayText":"SHOWREEL_2025.MP4","badgeText":"VEO 3.1 RENDER"...
4:35:04 PM [express] GET /api/auth/me 304 in 22ms :: {"user":{"id":"f6849053-994c-4c43-8e28-2f8fcf3cc8d5","username":"Sanduo","email":"nichenavigator88@gmail.com","emailVerified":false,"verificationToken":null,"passwordResetToken":"9r49SbjDWxwCZ4qC-sI5V...
4:35:04 PM [express] GET /api/courses 304 in 19ms :: {"courses":[{"id":"1c1410f1-5fbb-4ecb-8975-962084c4419a","title":"AI CINEMATOGRAPHY & DIRECTION","slug":"ai-cinematography-and-direction","description":"Master the visual language of AI filmmaking. Fr...
4:35:04 PM [express] GET /api/featured-videos 304 in 22ms :: {"videos":[{"id":"7b4374bd-ddb5-4174-9946-4d886cdb09ec","title":"ECHO PROTOCOL","category":"Sci-Fi Short Film","description":"A cyberpunk detective navigates neon-soaked streets.","thumbnailUrl":"http...
4:35:04 PM [express] GET /api/auth/me 304 in 7ms :: {"user":{"id":"f6849053-994c-4c43-8e28-2f8fcf3cc8d5","username":"Sanduo","email":"nichenavigator88@gmail.com","emailVerified":false,"verificationToken":null,"passwordResetToken":"9r49SbjDWxwCZ4qC-sI5V...
4:35:04 PM [express] GET /api/hero-video 304 in 5ms :: {"heroVideo":{"id":"9aa7ea8e-be68-4bd6-babe-5069834a2f8a","title":"DIRECT THE","subtitle":"ALGORITHM","videoUrl":null,"thumbnailUrl":null,"overlayText":"SHOWREEL_2025.MP4","badgeText":"VEO 3.1 RENDER"...
4:35:04 PM [express] GET /api/featured-videos 304 in 12ms :: {"videos":[{"id":"7b4374bd-ddb5-4174-9946-4d886cdb09ec","title":"ECHO PROTOCOL","category":"Sci-Fi Short Film","description":"A cyberpunk detective navigates neon-soaked streets.","thumbnailUrl":"http...
4:35:04 PM [express] GET /api/courses 304 in 9ms :: {"courses":[{"id":"1c1410f1-5fbb-4ecb-8975-962084c4419a","title":"AI CINEMATOGRAPHY & DIRECTION","slug":"ai-cinematography-and-direction","description":"Master the visual language of AI filmmaking. Fr...

> rest-express@1.0.0 dev
> NODE_ENV=development tsx server/index.ts

4:38:55 PM [express] serving on port 5000
4:39:00 PM [express] GET /api/hero-video 304 in 9ms :: {"heroVideo":{"id":"9aa7ea8e-be68-4bd6-babe-5069834a2f8a","title":"DIRECT THE","subtitle":"ALGORITHM","videoUrl":null,"thumbnailUrl":null,"overlayText":"SHOWREEL_2025.MP4","badgeText":"VEO 3.1 RENDER"...
4:39:00 PM [express] GET /api/courses 200 in 17ms :: {"courses":[{"id":"1c1410f1-5fbb-4ecb-8975-962084c4419a","title":"AI CINEMATOGRAPHY & DIRECTION","slug":"ai-cinematography-and-direction","description":"Master the visual language of AI filmmaking. Fr...
4:39:00 PM [express] GET /api/auth/me 304 in 16ms :: {"user":{"id":"f6849053-994c-4c43-8e28-2f8fcf3cc8d5","username":"Sanduo","email":"nichenavigator88@gmail.com","emailVerified":false,"verificationToken":null,"passwordResetToken":"9r49SbjDWxwCZ4qC-sI5V...
4:39:00 PM [express] GET /api/featured-videos 304 in 9ms :: {"videos":[{"id":"7b4374bd-ddb5-4174-9946-4d886cdb09ec","title":"ECHO PROTOCOL","category":"Sci-Fi Short Film","description":"A cyberpunk detective navigates neon-soaked streets.","thumbnailUrl":"http...
4:39:00 PM [express] GET /api/auth/me 401 in 0ms :: {"message":"Not authenticated"}
4:39:00 PM [express] GET /api/courses 304 in 2ms :: {"courses":[{"id":"1c1410f1-5fbb-4ecb-8975-962084c4419a","title":"AI CINEMATOGRAPHY & DIRECTION","slug":"ai-cinematography-and-direction","description":"Master the visual language of AI filmmaking. Fr...
4:39:00 PM [express] GET /api/featured-videos 304 in 1ms :: {"videos":[{"id":"7b4374bd-ddb5-4174-9946-4d886cdb09ec","title":"ECHO PROTOCOL","category":"Sci-Fi Short Film","description":"A cyberpunk detective navigates neon-soaked streets.","thumbnailUrl":"http...
4:39:00 PM [express] GET /api/hero-video 304 in 2ms :: {"heroVideo":{"id":"9aa7ea8e-be68-4bd6-babe-5069834a2f8a","title":"DIRECT THE","subtitle":"ALGORITHM","videoUrl":null,"thumbnailUrl":null,"overlayText":"SHOWREEL_2025.MP4","badgeText":"VEO 3.1 RENDER"...
4:39:01 PM [express] GET /api/auth/me 304 in 4ms :: {"user":{"id":"f6849053-994c-4c43-8e28-2f8fcf3cc8d5","username":"Sanduo","email":"nichenavigator88@gmail.com","emailVerified":false,"verificationToken":null,"passwordResetToken":"9r49SbjDWxwCZ4qC-sI5V...
4:39:01 PM [express] GET /api/courses 304 in 6ms :: {"courses":[{"id":"1c1410f1-5fbb-4ecb-8975-962084c4419a","title":"AI CINEMATOGRAPHY & DIRECTION","slug":"ai-cinematography-and-direction","description":"Master the visual language of AI filmmaking. Fr...
4:39:01 PM [express] GET /api/featured-videos 304 in 6ms :: {"videos":[{"id":"7b4374bd-ddb5-4174-9946-4d886cdb09ec","title":"ECHO PROTOCOL","category":"Sci-Fi Short Film","description":"A cyberpunk detective navigates neon-soaked streets.","thumbnailUrl":"http...
4:39:01 PM [express] GET /api/hero-video 304 in 4ms :: {"heroVideo":{"id":"9aa7ea8e-be68-4bd6-babe-5069834a2f8a","title":"DIRECT THE","subtitle":"ALGORITHM","videoUrl":null,"thumbnailUrl":null,"overlayText":"SHOWREEL_2025.MP4","badgeText":"VEO 3.1 RENDER"...

> rest-express@1.0.0 dev
> NODE_ENV=development tsx server/index.ts

4:41:13 PM [express] serving on port 5000
4:41:20 PM [express] GET /api/auth/me 401 in 2ms :: {"message":"Not authenticated"}
4:41:20 PM [express] GET /api/hero-video 304 in 16ms :: {"heroVideo":{"id":"9aa7ea8e-be68-4bd6-babe-5069834a2f8a","title":"DIRECT THE","subtitle":"ALGORITHM","videoUrl":null,"thumbnailUrl":null,"overlayText":"SHOWREEL_2025.MP4","badgeText":"VEO 3.1 RENDER"...
4:41:20 PM [express] GET /api/featured-videos 304 in 9ms :: {"videos":[{"id":"7b4374bd-ddb5-4174-9946-4d886cdb09ec","title":"ECHO PROTOCOL","category":"Sci-Fi Short Film","description":"A cyberpunk detective navigates neon-soaked streets.","thumbnailUrl":"http...
4:41:20 PM [express] GET /api/courses 304 in 9ms :: {"courses":[{"id":"1c1410f1-5fbb-4ecb-8975-962084c4419a","title":"AI CINEMATOGRAPHY & DIRECTION","slug":"ai-cinematography-and-direction","description":"Master the visual language of AI filmmaking. Fr...
4:41:21 PM [express] GET /api/auth/me 304 in 11ms :: {"user":{"id":"f6849053-994c-4c43-8e28-2f8fcf3cc8d5","username":"Sanduo","email":"nichenavigator88@gmail.com","emailVerified":false,"verificationToken":null,"passwordResetToken":"9r49SbjDWxwCZ4qC-sI5V...
4:41:21 PM [express] GET /api/courses 304 in 28ms :: {"courses":[{"id":"1c1410f1-5fbb-4ecb-8975-962084c4419a","title":"AI CINEMATOGRAPHY & DIRECTION","slug":"ai-cinematography-and-direction","description":"Master the visual language of AI filmmaking. Fr...
4:41:21 PM [express] GET /api/featured-videos 304 in 27ms :: {"videos":[{"id":"7b4374bd-ddb5-4174-9946-4d886cdb09ec","title":"ECHO PROTOCOL","category":"Sci-Fi Short Film","description":"A cyberpunk detective navigates neon-soaked streets.","thumbnailUrl":"http...
4:41:21 PM [express] GET /api/hero-video 304 in 5ms :: {"heroVideo":{"id":"9aa7ea8e-be68-4bd6-babe-5069834a2f8a","title":"DIRECT THE","subtitle":"ALGORITHM","videoUrl":null,"thumbnailUrl":null,"overlayText":"SHOWREEL_2025.MP4","badgeText":"VEO 3.1 RENDER"...

> rest-express@1.0.0 dev
> NODE_ENV=development tsx server/index.ts

4:54:17 PM [express] serving on port 5000
4:54:22 PM [express] GET /api/hero-video 304 in 8ms :: {"heroVideo":{"id":"9aa7ea8e-be68-4bd6-babe-5069834a2f8a","title":"DIRECT THE","subtitle":"ALGORITHM","videoUrl":null,"thumbnailUrl":null,"overlayText":"SHOWREEL_2025.MP4","badgeText":"VEO 3.1 RENDER"...
4:54:22 PM [express] GET /api/auth/me 304 in 17ms :: {"user":{"id":"f6849053-994c-4c43-8e28-2f8fcf3cc8d5","username":"Sanduo","email":"nichenavigator88@gmail.com","emailVerified":false,"verificationToken":null,"passwordResetToken":"9r49SbjDWxwCZ4qC-sI5V...
4:54:22 PM [express] GET /api/courses 200 in 16ms :: {"courses":[{"id":"1c1410f1-5fbb-4ecb-8975-962084c4419a","title":"AI CINEMATOGRAPHY & DIRECTION","slug":"ai-cinematography-and-direction","description":"Master the visual language of AI filmmaking. Fr...
4:54:22 PM [express] GET /api/featured-videos 304 in 15ms :: {"videos":[{"id":"7b4374bd-ddb5-4174-9946-4d886cdb09ec","title":"ECHO PROTOCOL","category":"Sci-Fi Short Film","description":"A cyberpunk detective navigates neon-soaked streets.","thumbnailUrl":"http...

> rest-express@1.0.0 dev
> NODE_ENV=development tsx server/index.ts

4:54:31 PM [express] serving on port 5000
4:54:35 PM [express] GET /api/auth/me 304 in 10ms :: {"user":{"id":"f6849053-994c-4c43-8e28-2f8fcf3cc8d5","username":"Sanduo","email":"nichenavigator88@gmail.com","emailVerified":false,"verificationToken":null,"passwordResetToken":"9r49SbjDWxwCZ4qC-sI5V...
4:54:35 PM [express] GET /api/hero-video 304 in 10ms :: {"heroVideo":{"id":"9aa7ea8e-be68-4bd6-babe-5069834a2f8a","title":"DIRECT THE","subtitle":"ALGORITHM","videoUrl":null,"thumbnailUrl":null,"overlayText":"SHOWREEL_2025.MP4","badgeText":"VEO 3.1 RENDER"...
4:54:35 PM [express] GET /api/featured-videos 304 in 8ms :: {"videos":[{"id":"7b4374bd-ddb5-4174-9946-4d886cdb09ec","title":"ECHO PROTOCOL","category":"Sci-Fi Short Film","description":"A cyberpunk detective navigates neon-soaked streets.","thumbnailUrl":"http...
4:54:35 PM [express] GET /api/courses 304 in 9ms :: {"courses":[{"id":"1c1410f1-5fbb-4ecb-8975-962084c4419a","title":"AI CINEMATOGRAPHY & DIRECTION","slug":"ai-cinematography-and-direction","description":"Master the visual language of AI filmmaking. Fr...
4:54:36 PM [express] GET /api/auth/me 401 in 1ms :: {"message":"Not authenticated"}
4:54:36 PM [express] GET /api/courses 200 in 5ms :: {"courses":[{"id":"1c1410f1-5fbb-4ecb-8975-962084c4419a","title":"AI CINEMATOGRAPHY & DIRECTION","slug":"ai-cinematography-and-direction","description":"Master the visual language of AI filmmaking. Fr...
4:54:36 PM [express] GET /api/featured-videos 200 in 5ms :: {"videos":[{"id":"7b4374bd-ddb5-4174-9946-4d886cdb09ec","title":"ECHO PROTOCOL","category":"Sci-Fi Short Film","description":"A cyberpunk detective navigates neon-soaked streets.","thumbnailUrl":"http...
4:54:36 PM [express] GET /api/hero-video 200 in 4ms :: {"heroVideo":{"id":"9aa7ea8e-be68-4bd6-babe-5069834a2f8a","title":"DIRECT THE","subtitle":"ALGORITHM","videoUrl":null,"thumbnailUrl":null,"overlayText":"SHOWREEL_2025.MP4","badgeText":"VEO 3.1 RENDER"...
4:54:53 PM [express] GET /api/auth/me 304 in 5ms :: {"user":{"id":"f6849053-994c-4c43-8e28-2f8fcf3cc8d5","username":"Sanduo","email":"nichenavigator88@gmail.com","emailVerified":false,"verificationToken":null,"passwordResetToken":"9r49SbjDWxwCZ4qC-sI5V...
4:54:53 PM [express] GET /api/courses 304 in 7ms :: {"courses":[{"id":"1c1410f1-5fbb-4ecb-8975-962084c4419a","title":"AI CINEMATOGRAPHY & DIRECTION","slug":"ai-cinematography-and-direction","description":"Master the visual language of AI filmmaking. Fr...
4:54:53 PM [express] GET /api/hero-video 304 in 6ms :: {"heroVideo":{"id":"9aa7ea8e-be68-4bd6-babe-5069834a2f8a","title":"DIRECT THE","subtitle":"ALGORITHM","videoUrl":null,"thumbnailUrl":null,"overlayText":"SHOWREEL_2025.MP4","badgeText":"VEO 3.1 RENDER"...
4:54:53 PM [express] GET /api/featured-videos 304 in 10ms :: {"videos":[{"id":"7b4374bd-ddb5-4174-9946-4d886cdb09ec","title":"ECHO PROTOCOL","category":"Sci-Fi Short Film","description":"A cyberpunk detective navigates neon-soaked streets.","thumbnailUrl":"http...
4:54:54 PM [express] GET /api/auth/me 304 in 5ms :: {"user":{"id":"f6849053-994c-4c43-8e28-2f8fcf3cc8d5","username":"Sanduo","email":"nichenavigator88@gmail.com","emailVerified":false,"verificationToken":null,"passwordResetToken":"9r49SbjDWxwCZ4qC-sI5V...
4:54:54 PM [express] GET /api/courses/advanced-ai-cinematography 304 in 10ms :: {"course":{"id":"3da54ea4-8f54-4633-95b7-79860259a295","title":"ADVANCED AI CINEMATOGRAPHY","slug":"advanced-ai-cinematography","description":"Mastering physics, compound camera moves, and the uncanny...
4:54:54 PM [express] GET /api/course-tiers 304 in 7ms :: {"tiers":[{"id":"568d3daf-117b-4513-b86d-84e9b9b9b86f","name":"Foundation","slug":"foundation","color":"#2962FF","sortOrder":0,"createdAt":"2026-02-22T18:06:42.931Z"},{"id":"999f52a8-feb6-4e16-99b1-18...
4:54:59 PM [express] GET /api/course-tiers 200 in 4ms :: {"tiers":[{"id":"568d3daf-117b-4513-b86d-84e9b9b9b86f","name":"Foundation","slug":"foundation","color":"#2962FF","sortOrder":0,"createdAt":"2026-02-22T18:06:42.931Z"},{"id":"999f52a8-feb6-4e16-99b1-18...
4:54:59 PM [express] GET /api/courses 304 in 8ms :: {"courses":[{"id":"1c1410f1-5fbb-4ecb-8975-962084c4419a","title":"AI CINEMATOGRAPHY & DIRECTION","slug":"ai-cinematography-and-direction","description":"Master the visual language of AI filmmaking. Fr...
4:54:59 PM [express] GET /api/enrollments 200 in 12ms :: {"enrollments":[{"id":"4f069a05-b888-46bd-9477-c83f39afeff0","userId":"f6849053-994c-4c43-8e28-2f8fcf3cc8d5","courseId":"3da54ea4-8f54-4633-95b7-79860259a295","enrolledAt":"2025-12-16T10:06:08.502Z","...
4:55:15 PM [express] GET /api/auth/me 304 in 6ms :: {"user":{"id":"f6849053-994c-4c43-8e28-2f8fcf3cc8d5","username":"Sanduo","email":"nichenavigator88@gmail.com","emailVerified":false,"verificationToken":null,"passwordResetToken":"9r49SbjDWxwCZ4qC-sI5V...
4:55:15 PM [express] GET /api/enrollments 304 in 7ms :: {"enrollments":[{"id":"4f069a05-b888-46bd-9477-c83f39afeff0","userId":"f6849053-994c-4c43-8e28-2f8fcf3cc8d5","courseId":"3da54ea4-8f54-4633-95b7-79860259a295","enrolledAt":"2025-12-16T10:06:08.502Z","...
4:55:16 PM [express] GET /api/courses 304 in 8ms :: {"courses":[{"id":"1c1410f1-5fbb-4ecb-8975-962084c4419a","title":"AI CINEMATOGRAPHY & DIRECTION","slug":"ai-cinematography-and-direction","description":"Master the visual language of AI filmmaking. Fr...
4:55:16 PM [express] GET /api/course-tiers 304 in 8ms :: {"tiers":[{"id":"568d3daf-117b-4513-b86d-84e9b9b9b86f","name":"Foundation","slug":"foundation","color":"#2962FF","sortOrder":0,"createdAt":"2026-02-22T18:06:42.931Z"},{"id":"999f52a8-feb6-4e16-99b1-18...
4:55:16 PM [express] GET /api/featured-videos 304 in 11ms :: {"videos":[{"id":"7b4374bd-ddb5-4174-9946-4d886cdb09ec","title":"ECHO PROTOCOL","category":"Sci-Fi Short Film","description":"A cyberpunk detective navigates neon-soaked streets.","thumbnailUrl":"http...
4:55:16 PM [express] GET /api/hero-video 304 in 5ms :: {"heroVideo":{"id":"9aa7ea8e-be68-4bd6-babe-5069834a2f8a","title":"DIRECT THE","subtitle":"ALGORITHM","videoUrl":null,"thumbnailUrl":null,"overlayText":"SHOWREEL_2025.MP4","badgeText":"VEO 3.1 RENDER"...
4:55:25 PM [express] GET /api/course-tiers 304 in 4ms :: {"tiers":[{"id":"568d3daf-117b-4513-b86d-84e9b9b9b86f","name":"Foundation","slug":"foundation","color":"#2962FF","sortOrder":0,"createdAt":"2026-02-22T18:06:42.931Z"},{"id":"999f52a8-feb6-4e16-99b1-18...
4:55:27 PM [express] GET /api/courses/nano-banana-mastery 304 in 6ms :: {"course":{"id":"b1d2a61f-7698-4313-923f-3e6ab511aa11","title":"NANO BANANA MASTERY","slug":"nano-banana-mastery","description":"Create Consistent Digital Actors. Stop Rolling the Dice. Master charact...
4:55:33 PM [express] GET /api/courses 304 in 5ms :: {"courses":[{"id":"1c1410f1-5fbb-4ecb-8975-962084c4419a","title":"AI CINEMATOGRAPHY & DIRECTION","slug":"ai-cinematography-and-direction","description":"Master the visual language of AI filmmaking. Fr...
4:55:33 PM [express] GET /api/enrollments 304 in 6ms :: {"enrollments":[{"id":"4f069a05-b888-46bd-9477-c83f39afeff0","userId":"f6849053-994c-4c43-8e28-2f8fcf3cc8d5","courseId":"3da54ea4-8f54-4633-95b7-79860259a295","enrolledAt":"2025-12-16T10:06:08.502Z","...
4:55:34 PM [express] GET /api/courses/nano-banana-mastery 304 in 6ms :: {"course":{"id":"b1d2a61f-7698-4313-923f-3e6ab511aa11","title":"NANO BANANA MASTERY","slug":"nano-banana-mastery","description":"Create Consistent Digital Actors. Stop Rolling the Dice. Master charact...
4:55:34 PM [express] GET /api/courses/nano-banana-mastery 304 in 8ms :: {"course":{"id":"b1d2a61f-7698-4313-923f-3e6ab511aa11","title":"NANO BANANA MASTERY","slug":"nano-banana-mastery","description":"Create Consistent Digital Actors. Stop Rolling the Dice. Master charact...
4:55:34 PM [express] GET /api/courses/nano-banana-mastery 304 in 7ms :: {"course":{"id":"b1d2a61f-7698-4313-923f-3e6ab511aa11","title":"NANO BANANA MASTERY","slug":"nano-banana-mastery","description":"Create Consistent Digital Actors. Stop Rolling the Dice. Master charact...
4:55:46 PM [express] GET /api/courses/the-google-ai-filmmaker 200 in 54ms :: {"course":{"id":"ca8c0469-5fcb-49db-a22d-14c6acac4645","title":"THE GOOGLE AI FILMMAKER","slug":"the-google-ai-filmmaker","description":"The complete AI Production Pipeline. From Narrative Seed to Fin...
4:55:48 PM [express] GET /api/courses/the-google-ai-filmmaker 304 in 6ms :: {"course":{"id":"ca8c0469-5fcb-49db-a22d-14c6acac4645","title":"THE GOOGLE AI FILMMAKER","slug":"the-google-ai-filmmaker","description":"The complete AI Production Pipeline. From Narrative Seed to Fin...

> rest-express@1.0.0 dev
> NODE_ENV=development tsx server/index.ts


> rest-express@1.0.0 dev
> NODE_ENV=development tsx server/index.ts

Uncaught Exception: Error: listen EADDRINUSE: address already in use 0.0.0.0:5000
    at Server.setupListenHandle [as _listen2] (node:net:1908:16)
    at listenInCluster (node:net:1965:12)
    at doListen (node:net:2139:7)
    at process.processTicksAndRejections (node:internal/process/task_queues:83:21) {
  code: 'EADDRINUSE',
  errno: -98,
  syscall: 'listen',
  address: '0.0.0.0',
  port: 5000
}
4:57:52 PM [express] serving on port 5000
4:57:57 PM [express] GET /api/auth/me 304 in 16ms :: {"user":{"id":"f6849053-994c-4c43-8e28-2f8fcf3cc8d5","username":"Sanduo","email":"nichenavigator88@gmail.com","emailVerified":false,"verificationToken":null,"passwordResetToken":"9r49SbjDWxwCZ4qC-sI5V...
4:57:57 PM [express] GET /api/hero-video 304 in 11ms :: {"heroVideo":{"id":"9aa7ea8e-be68-4bd6-babe-5069834a2f8a","title":"DIRECT THE","subtitle":"ALGORITHM","videoUrl":null,"thumbnailUrl":null,"overlayText":"SHOWREEL_2025.MP4","badgeText":"VEO 3.1 RENDER"...
4:57:57 PM [express] GET /api/courses 304 in 19ms :: {"courses":[{"id":"1c1410f1-5fbb-4ecb-8975-962084c4419a","title":"AI CINEMATOGRAPHY & DIRECTION","slug":"ai-cinematography-and-direction","description":"Master the visual language of AI filmmaking. Fr...
4:57:57 PM [express] GET /api/featured-videos 304 in 16ms :: {"videos":[{"id":"7b4374bd-ddb5-4174-9946-4d886cdb09ec","title":"ECHO PROTOCOL","category":"Sci-Fi Short Film","description":"A cyberpunk detective navigates neon-soaked streets.","thumbnailUrl":"http...

> rest-express@1.0.0 dev
> NODE_ENV=development tsx server/index.ts

5:02:15 PM [express] serving on port 5000

> rest-express@1.0.0 dev
> NODE_ENV=development tsx server/index.ts

5:06:42 PM [express] serving on port 5000
5:06:48 PM [express] GET /api/auth/me 401 in 1ms :: {"message":"Not authenticated"}
5:06:48 PM [express] GET /api/hero-video 304 in 7ms :: {"heroVideo":{"id":"9aa7ea8e-be68-4bd6-babe-5069834a2f8a","title":"DIRECT THE","subtitle":"ALGORITHM","videoUrl":null,"thumbnailUrl":null,"overlayText":"SHOWREEL_2025.MP4","badgeText":"VEO 3.1 RENDER"...
5:06:48 PM [express] GET /api/courses 304 in 7ms :: {"courses":[{"id":"1c1410f1-5fbb-4ecb-8975-962084c4419a","title":"AI CINEMATOGRAPHY & DIRECTION","slug":"ai-cinematography-and-direction","description":"Master the visual language of AI filmmaking. Fr...
5:06:48 PM [express] GET /api/featured-videos 304 in 4ms :: {"videos":[{"id":"7b4374bd-ddb5-4174-9946-4d886cdb09ec","title":"ECHO PROTOCOL","category":"Sci-Fi Short Film","description":"A cyberpunk detective navigates neon-soaked streets.","thumbnailUrl":"http...
5:06:49 PM [express] GET /api/featured-videos 304 in 9ms :: {"videos":[{"id":"7b4374bd-ddb5-4174-9946-4d886cdb09ec","title":"ECHO PROTOCOL","category":"Sci-Fi Short Film","description":"A cyberpunk detective navigates neon-soaked streets.","thumbnailUrl":"http...
5:06:49 PM [express] GET /api/hero-video 304 in 5ms :: {"heroVideo":{"id":"9aa7ea8e-be68-4bd6-babe-5069834a2f8a","title":"DIRECT THE","subtitle":"ALGORITHM","videoUrl":null,"thumbnailUrl":null,"overlayText":"SHOWREEL_2025.MP4","badgeText":"VEO 3.1 RENDER"...
5:06:49 PM [express] GET /api/courses 304 in 8ms :: {"courses":[{"id":"1c1410f1-5fbb-4ecb-8975-962084c4419a","title":"AI CINEMATOGRAPHY & DIRECTION","slug":"ai-cinematography-and-direction","description":"Master the visual language of AI filmmaking. Fr...
5:06:49 PM [express] GET /api/auth/me 304 in 5ms :: {"user":{"id":"f6849053-994c-4c43-8e28-2f8fcf3cc8d5","username":"Sanduo","email":"nichenavigator88@gmail.com","emailVerified":false,"verificationToken":null,"passwordResetToken":"9r49SbjDWxwCZ4qC-sI5V...

> rest-express@1.0.0 dev
> NODE_ENV=development tsx server/index.ts

5:08:51 PM [express] serving on port 5000

> rest-express@1.0.0 dev
> NODE_ENV=development tsx server/index.ts

5:09:20 PM [express] serving on port 5000

> rest-express@1.0.0 dev
> NODE_ENV=development tsx server/index.ts

5:11:13 PM [express] serving on port 5000
5:11:19 PM [express] GET /api/auth/me 401 in 2ms :: {"message":"Not authenticated"}
5:11:19 PM [express] GET /api/hero-video 304 in 8ms :: {"heroVideo":{"id":"9aa7ea8e-be68-4bd6-babe-5069834a2f8a","title":"DIRECT THE","subtitle":"ALGORITHM","videoUrl":null,"thumbnailUrl":null,"overlayText":"SHOWREEL_2025.MP4","badgeText":"VEO 3.1 RENDER"...
5:11:19 PM [express] GET /api/featured-videos 304 in 7ms :: {"videos":[{"id":"7b4374bd-ddb5-4174-9946-4d886cdb09ec","title":"ECHO PROTOCOL","category":"Sci-Fi Short Film","description":"A cyberpunk detective navigates neon-soaked streets.","thumbnailUrl":"http...
5:11:19 PM [express] GET /api/courses 304 in 16ms :: {"courses":[{"id":"1c1410f1-5fbb-4ecb-8975-962084c4419a","title":"AI CINEMATOGRAPHY & DIRECTION","slug":"ai-cinematography-and-direction","description":"Master the visual language of AI filmmaking. Fr...
5:11:19 PM [express] GET /api/courses 304 in 5ms :: {"courses":[{"id":"1c1410f1-5fbb-4ecb-8975-962084c4419a","title":"AI CINEMATOGRAPHY & DIRECTION","slug":"ai-cinematography-and-direction","description":"Master the visual language of AI filmmaking. Fr...
5:11:19 PM [express] GET /api/auth/me 304 in 9ms :: {"user":{"id":"f6849053-994c-4c43-8e28-2f8fcf3cc8d5","username":"Sanduo","email":"nichenavigator88@gmail.com","emailVerified":false,"verificationToken":null,"passwordResetToken":"9r49SbjDWxwCZ4qC-sI5V...
5:11:19 PM [express] GET /api/featured-videos 304 in 6ms :: {"videos":[{"id":"7b4374bd-ddb5-4174-9946-4d886cdb09ec","title":"ECHO PROTOCOL","category":"Sci-Fi Short Film","description":"A cyberpunk detective navigates neon-soaked streets.","thumbnailUrl":"http...
5:11:19 PM [express] GET /api/hero-video 304 in 6ms :: {"heroVideo":{"id":"9aa7ea8e-be68-4bd6-babe-5069834a2f8a","title":"DIRECT THE","subtitle":"ALGORITHM","videoUrl":null,"thumbnailUrl":null,"overlayText":"SHOWREEL_2025.MP4","badgeText":"VEO 3.1 RENDER"...

> rest-express@1.0.0 dev
> NODE_ENV=development tsx server/index.ts

5:13:35 PM [express] serving on port 5000

> rest-express@1.0.0 dev
> NODE_ENV=development tsx server/index.ts

5:15:40 PM [express] serving on port 5000

> rest-express@1.0.0 dev
> NODE_ENV=development tsx server/index.ts

5:24:13 PM [express] serving on port 5000
5:24:24 PM [express] GET /api/hero-video 304 in 8ms :: {"heroVideo":{"id":"9aa7ea8e-be68-4bd6-babe-5069834a2f8a","title":"DIRECT THE","subtitle":"ALGORITHM","videoUrl":null,"thumbnailUrl":null,"overlayText":"SHOWREEL_2025.MP4","badgeText":"VEO 3.1 RENDER"...
5:24:24 PM [express] GET /api/auth/me 304 in 16ms :: {"user":{"id":"f6849053-994c-4c43-8e28-2f8fcf3cc8d5","username":"Sanduo","email":"nichenavigator88@gmail.com","emailVerified":false,"verificationToken":null,"passwordResetToken":"9r49SbjDWxwCZ4qC-sI5V...
5:24:24 PM [express] GET /api/courses 200 in 14ms :: {"courses":[{"id":"1c1410f1-5fbb-4ecb-8975-962084c4419a","title":"AI CINEMATOGRAPHY & DIRECTION","slug":"ai-cinematography-and-direction","description":"Master the visual language of AI filmmaking. Fr...
5:24:24 PM [express] GET /api/featured-videos 304 in 14ms :: {"videos":[{"id":"7b4374bd-ddb5-4174-9946-4d886cdb09ec","title":"ECHO PROTOCOL","category":"Sci-Fi Short Film","description":"A cyberpunk detective navigates neon-soaked streets.","thumbnailUrl":"http...
5:24:45 PM [express] GET /api/courses 304 in 64ms :: {"courses":[{"id":"1c1410f1-5fbb-4ecb-8975-962084c4419a","title":"AI CINEMATOGRAPHY & DIRECTION","slug":"ai-cinematography-and-direction","description":"Master the visual language of AI filmmaking. Fr...
5:24:45 PM [express] GET /api/course-tiers 200 in 64ms :: {"tiers":[{"id":"568d3daf-117b-4513-b86d-84e9b9b9b86f","name":"Foundation","slug":"foundation","color":"#2962FF","sortOrder":0,"createdAt":"2026-02-22T18:06:42.931Z"},{"id":"999f52a8-feb6-4e16-99b1-18...
5:24:45 PM [express] GET /api/enrollments 200 in 68ms :: {"enrollments":[{"id":"4f069a05-b888-46bd-9477-c83f39afeff0","userId":"f6849053-994c-4c43-8e28-2f8fcf3cc8d5","courseId":"3da54ea4-8f54-4633-95b7-79860259a295","enrolledAt":"2025-12-16T10:06:08.502Z","...
5:25:13 PM [express] GET /api/auth/me 304 in 6ms :: {"user":{"id":"f6849053-994c-4c43-8e28-2f8fcf3cc8d5","username":"Sanduo","email":"nichenavigator88@gmail.com","emailVerified":false,"verificationToken":null,"passwordResetToken":"9r49SbjDWxwCZ4qC-sI5V...
5:25:13 PM [express] GET /api/course-tiers 304 in 8ms :: {"tiers":[{"id":"568d3daf-117b-4513-b86d-84e9b9b9b86f","name":"Foundation","slug":"foundation","color":"#2962FF","sortOrder":0,"createdAt":"2026-02-22T18:06:42.931Z"},{"id":"999f52a8-feb6-4e16-99b1-18...
5:25:13 PM [express] GET /api/courses 304 in 8ms :: {"courses":[{"id":"1c1410f1-5fbb-4ecb-8975-962084c4419a","title":"AI CINEMATOGRAPHY & DIRECTION","slug":"ai-cinematography-and-direction","description":"Master the visual language of AI filmmaking. Fr...
5:25:15 PM [express] GET /api/featured-videos 304 in 5ms :: {"videos":[{"id":"7b4374bd-ddb5-4174-9946-4d886cdb09ec","title":"ECHO PROTOCOL","category":"Sci-Fi Short Film","description":"A cyberpunk detective navigates neon-soaked streets.","thumbnailUrl":"http...
5:25:15 PM [express] GET /api/hero-video 304 in 5ms :: {"heroVideo":{"id":"9aa7ea8e-be68-4bd6-babe-5069834a2f8a","title":"DIRECT THE","subtitle":"ALGORITHM","videoUrl":null,"thumbnailUrl":null,"overlayText":"SHOWREEL_2025.MP4","badgeText":"VEO 3.1 RENDER"...
5:27:16 PM [vite] (client) hmr update /src/index.css, /src/pages/admin-dashboard.tsx
5:27:27 PM [vite] (client) hmr update /src/pages/home.tsx, /src/index.css

> rest-express@1.0.0 dev
> NODE_ENV=development tsx server/index.ts

5:28:57 PM [express] serving on port 5000
5:29:03 PM [express] GET /api/hero-video 200 in 13ms :: {"heroVideo":{"id":"9aa7ea8e-be68-4bd6-babe-5069834a2f8a","title":"DIRECT THE","subtitle":"ALGORITHM","videoUrl":null,"thumbnailUrl":null,"overlayText":"SHOWREEL_2025.MP4","badgeText":"VEO 3.1 RENDER"...
5:29:03 PM [express] GET /api/auth/me 304 in 11ms :: {"user":{"id":"f6849053-994c-4c43-8e28-2f8fcf3cc8d5","username":"Sanduo","email":"nichenavigator88@gmail.com","emailVerified":false,"verificationToken":null,"passwordResetToken":"9r49SbjDWxwCZ4qC-sI5V...
5:29:03 PM [express] GET /api/courses 304 in 11ms :: {"courses":[{"id":"1c1410f1-5fbb-4ecb-8975-962084c4419a","title":"AI CINEMATOGRAPHY & DIRECTION","slug":"ai-cinematography-and-direction","description":"Master the visual language of AI filmmaking. Fr...
5:29:03 PM [express] GET /api/featured-videos 304 in 12ms :: {"videos":[{"id":"7b4374bd-ddb5-4174-9946-4d886cdb09ec","title":"ECHO PROTOCOL","category":"Sci-Fi Short Film","description":"A cyberpunk detective navigates neon-soaked streets.","thumbnailUrl":"http...

> rest-express@1.0.0 dev
> NODE_ENV=development tsx server/index.ts

5:31:56 PM [express] serving on port 5000
5:32:02 PM [express] GET /api/hero-video 304 in 12ms :: {"heroVideo":{"id":"9aa7ea8e-be68-4bd6-babe-5069834a2f8a","title":"DIRECT THE","subtitle":"ALGORITHM","videoUrl":null,"thumbnailUrl":null,"overlayText":"SHOWREEL_2025.MP4","badgeText":"VEO 3.1 RENDER"...
5:32:02 PM [express] GET /api/auth/me 304 in 10ms :: {"user":{"id":"f6849053-994c-4c43-8e28-2f8fcf3cc8d5","username":"Sanduo","email":"nichenavigator88@gmail.com","emailVerified":false,"verificationToken":null,"passwordResetToken":"9r49SbjDWxwCZ4qC-sI5V...
5:32:02 PM [express] GET /api/courses 304 in 13ms :: {"courses":[{"id":"1c1410f1-5fbb-4ecb-8975-962084c4419a","title":"AI CINEMATOGRAPHY & DIRECTION","slug":"ai-cinematography-and-direction","description":"Master the visual language of AI filmmaking. Fr...
5:32:02 PM [express] GET /api/featured-videos 304 in 14ms :: {"videos":[{"id":"7b4374bd-ddb5-4174-9946-4d886cdb09ec","title":"ECHO PROTOCOL","category":"Sci-Fi Short Film","description":"A cyberpunk detective navigates neon-soaked streets.","thumbnailUrl":"http...
5:32:21 PM [express] GET /api/auth/me 304 in 7ms :: {"user":{"id":"f6849053-994c-4c43-8e28-2f8fcf3cc8d5","username":"Sanduo","email":"nichenavigator88@gmail.com","emailVerified":false,"verificationToken":null,"passwordResetToken":"9r49SbjDWxwCZ4qC-sI5V...
5:32:21 PM [express] GET /api/courses/advanced-ai-cinematography 304 in 10ms :: {"course":{"id":"3da54ea4-8f54-4633-95b7-79860259a295","title":"ADVANCED AI CINEMATOGRAPHY","slug":"advanced-ai-cinematography","description":"Mastering physics, compound camera moves, and the uncanny...
5:32:21 PM [express] GET /api/course-tiers 304 in 11ms :: {"tiers":[{"id":"568d3daf-117b-4513-b86d-84e9b9b9b86f","name":"Foundation","slug":"foundation","color":"#2962FF","sortOrder":0,"createdAt":"2026-02-22T18:06:42.931Z"},{"id":"999f52a8-feb6-4e16-99b1-18...
5:32:26 PM [express] GET /api/auth/me 304 in 6ms :: {"user":{"id":"f6849053-994c-4c43-8e28-2f8fcf3cc8d5","username":"Sanduo","email":"nichenavigator88@gmail.com","emailVerified":false,"verificationToken":null,"passwordResetToken":"9r49SbjDWxwCZ4qC-sI5V...
5:32:29 PM [express] GET /api/auth/me 304 in 5ms :: {"user":{"id":"f6849053-994c-4c43-8e28-2f8fcf3cc8d5","username":"Sanduo","email":"nichenavigator88@gmail.com","emailVerified":false,"verificationToken":null,"passwordResetToken":"9r49SbjDWxwCZ4qC-sI5V...
5:32:29 PM [express] GET /api/courses 304 in 8ms :: {"courses":[{"id":"1c1410f1-5fbb-4ecb-8975-962084c4419a","title":"AI CINEMATOGRAPHY & DIRECTION","slug":"ai-cinematography-and-direction","description":"Master the visual language of AI filmmaking. Fr...
5:32:29 PM [express] GET /api/featured-videos 304 in 8ms :: {"videos":[{"id":"7b4374bd-ddb5-4174-9946-4d886cdb09ec","title":"ECHO PROTOCOL","category":"Sci-Fi Short Film","description":"A cyberpunk detective navigates neon-soaked streets.","thumbnailUrl":"http...
5:32:29 PM [express] GET /api/hero-video 304 in 6ms :: {"heroVideo":{"id":"9aa7ea8e-be68-4bd6-babe-5069834a2f8a","title":"DIRECT THE","subtitle":"ALGORITHM","videoUrl":null,"thumbnailUrl":null,"overlayText":"SHOWREEL_2025.MP4","badgeText":"VEO 3.1 RENDER"...
5:32:33 PM [express] GET /api/course-tiers 304 in 4ms :: {"tiers":[{"id":"568d3daf-117b-4513-b86d-84e9b9b9b86f","name":"Foundation","slug":"foundation","color":"#2962FF","sortOrder":0,"createdAt":"2026-02-22T18:06:42.931Z"},{"id":"999f52a8-feb6-4e16-99b1-18...
5:32:33 PM [express] GET /api/courses 304 in 8ms :: {"courses":[{"id":"1c1410f1-5fbb-4ecb-8975-962084c4419a","title":"AI CINEMATOGRAPHY & DIRECTION","slug":"ai-cinematography-and-direction","description":"Master the visual language of AI filmmaking. Fr...
5:32:33 PM [express] GET /api/enrollments 304 in 14ms :: {"enrollments":[{"id":"4f069a05-b888-46bd-9477-c83f39afeff0","userId":"f6849053-994c-4c43-8e28-2f8fcf3cc8d5","courseId":"3da54ea4-8f54-4633-95b7-79860259a295","enrolledAt":"2025-12-16T10:06:08.502Z","...
5:32:47 PM [express] GET /api/courses 304 in 17ms :: {"courses":[{"id":"1c1410f1-5fbb-4ecb-8975-962084c4419a","title":"AI CINEMATOGRAPHY & DIRECTION","slug":"ai-cinematography-and-direction","description":"Master the visual language of AI filmmaking. Fr...
5:32:47 PM [express] GET /api/enrollments 304 in 19ms :: {"enrollments":[{"id":"4f069a05-b888-46bd-9477-c83f39afeff0","userId":"f6849053-994c-4c43-8e28-2f8fcf3cc8d5","courseId":"3da54ea4-8f54-4633-95b7-79860259a295","enrolledAt":"2025-12-16T10:06:08.502Z","...
5:32:47 PM [express] GET /api/course-tiers 304 in 12ms :: {"tiers":[{"id":"568d3daf-117b-4513-b86d-84e9b9b9b86f","name":"Foundation","slug":"foundation","color":"#2962FF","sortOrder":0,"createdAt":"2026-02-22T18:06:42.931Z"},{"id":"999f52a8-feb6-4e16-99b1-18...
5:33:10 PM [vite] (client) hmr update /src/index.css, /src/pages/admin-dashboard.tsx

> rest-express@1.0.0 dev
> NODE_ENV=development tsx server/index.ts

5:33:13 PM [express] serving on port 5000
5:33:19 PM [express] GET /api/auth/me 304 in 8ms :: {"user":{"id":"f6849053-994c-4c43-8e28-2f8fcf3cc8d5","username":"Sanduo","email":"nichenavigator88@gmail.com","emailVerified":false,"verificationToken":null,"passwordResetToken":"9r49SbjDWxwCZ4qC-sI5V...
5:33:19 PM [express] GET /api/featured-videos 304 in 18ms :: {"videos":[{"id":"7b4374bd-ddb5-4174-9946-4d886cdb09ec","title":"ECHO PROTOCOL","category":"Sci-Fi Short Film","description":"A cyberpunk detective navigates neon-soaked streets.","thumbnailUrl":"http...
5:33:19 PM [express] GET /api/courses 304 in 17ms :: {"courses":[{"id":"1c1410f1-5fbb-4ecb-8975-962084c4419a","title":"AI CINEMATOGRAPHY & DIRECTION","slug":"ai-cinematography-and-direction","description":"Master the visual language of AI filmmaking. Fr...
5:33:19 PM [express] GET /api/hero-video 304 in 13ms :: {"heroVideo":{"id":"9aa7ea8e-be68-4bd6-babe-5069834a2f8a","title":"DIRECT THE","subtitle":"ALGORITHM","videoUrl":null,"thumbnailUrl":null,"overlayText":"SHOWREEL_2025.MP4","badgeText":"VEO 3.1 RENDER"...
5:33:20 PM [express] GET /api/auth/me 401 in 1ms :: {"message":"Not authenticated"}
5:33:20 PM [express] GET /api/courses 200 in 5ms :: {"courses":[{"id":"1c1410f1-5fbb-4ecb-8975-962084c4419a","title":"AI CINEMATOGRAPHY & DIRECTION","slug":"ai-cinematography-and-direction","description":"Master the visual language of AI filmmaking. Fr...
5:33:20 PM [express] GET /api/featured-videos 200 in 3ms :: {"videos":[{"id":"7b4374bd-ddb5-4174-9946-4d886cdb09ec","title":"ECHO PROTOCOL","category":"Sci-Fi Short Film","description":"A cyberpunk detective navigates neon-soaked streets.","thumbnailUrl":"http...
5:33:20 PM [express] GET /api/hero-video 200 in 4ms :: {"heroVideo":{"id":"9aa7ea8e-be68-4bd6-babe-5069834a2f8a","title":"DIRECT THE","subtitle":"ALGORITHM","videoUrl":null,"thumbnailUrl":null,"overlayText":"SHOWREEL_2025.MP4","badgeText":"VEO 3.1 RENDER"...
5:33:20 PM [express] GET /api/auth/me 304 in 6ms :: {"user":{"id":"f6849053-994c-4c43-8e28-2f8fcf3cc8d5","username":"Sanduo","email":"nichenavigator88@gmail.com","emailVerified":false,"verificationToken":null,"passwordResetToken":"9r49SbjDWxwCZ4qC-sI5V...
5:33:20 PM [express] GET /api/course-tiers 304 in 6ms :: {"tiers":[{"id":"568d3daf-117b-4513-b86d-84e9b9b9b86f","name":"Foundation","slug":"foundation","color":"#2962FF","sortOrder":0,"createdAt":"2026-02-22T18:06:42.931Z"},{"id":"999f52a8-feb6-4e16-99b1-18...
5:33:20 PM [express] GET /api/courses/advanced-ai-cinematography 304 in 10ms :: {"course":{"id":"3da54ea4-8f54-4633-95b7-79860259a295","title":"ADVANCED AI CINEMATOGRAPHY","slug":"advanced-ai-cinematography","description":"Mastering physics, compound camera moves, and the uncanny...
5:33:31 PM [vite] (client) hmr update /src/pages/home.tsx, /src/index.css
5:34:00 PM [express] GET /api/auth/me 304 in 8ms :: {"user":{"id":"f6849053-994c-4c43-8e28-2f8fcf3cc8d5","username":"Sanduo","email":"nichenavigator88@gmail.com","emailVerified":false,"verificationToken":null,"passwordResetToken":"9r49SbjDWxwCZ4qC-sI5V...
5:34:00 PM [express] GET /api/featured-videos 304 in 10ms :: {"videos":[{"id":"7b4374bd-ddb5-4174-9946-4d886cdb09ec","title":"ECHO PROTOCOL","category":"Sci-Fi Short Film","description":"A cyberpunk detective navigates neon-soaked streets.","thumbnailUrl":"http...
5:34:00 PM [express] GET /api/hero-video 304 in 9ms :: {"heroVideo":{"id":"9aa7ea8e-be68-4bd6-babe-5069834a2f8a","title":"DIRECT THE","subtitle":"ALGORITHM","videoUrl":null,"thumbnailUrl":null,"overlayText":"SHOWREEL_2025.MP4","badgeText":"VEO 3.1 RENDER"...
5:34:00 PM [express] GET /api/courses 304 in 14ms :: {"courses":[{"id":"1c1410f1-5fbb-4ecb-8975-962084c4419a","title":"AI CINEMATOGRAPHY & DIRECTION","slug":"ai-cinematography-and-direction","description":"Master the visual language of AI filmmaking. Fr...
5:34:40 PM [express] GET /api/courses 304 in 9ms :: {"courses":[{"id":"1c1410f1-5fbb-4ecb-8975-962084c4419a","title":"AI CINEMATOGRAPHY & DIRECTION","slug":"ai-cinematography-and-direction","description":"Master the visual language of AI filmmaking. Fr...
5:34:40 PM [express] GET /api/course-tiers 304 in 8ms :: {"tiers":[{"id":"568d3daf-117b-4513-b86d-84e9b9b9b86f","name":"Foundation","slug":"foundation","color":"#2962FF","sortOrder":0,"createdAt":"2026-02-22T18:06:42.931Z"},{"id":"999f52a8-feb6-4e16-99b1-18...
5:34:40 PM [express] GET /api/enrollments 304 in 13ms :: {"enrollments":[{"id":"4f069a05-b888-46bd-9477-c83f39afeff0","userId":"f6849053-994c-4c43-8e28-2f8fcf3cc8d5","courseId":"3da54ea4-8f54-4633-95b7-79860259a295","enrolledAt":"2025-12-16T10:06:08.502Z","...
5:36:27 PM [vite] (client) hmr update /src/index.css, /src/pages/admin-dashboard.tsx
5:37:08 PM [express] GET /api/auth/me 304 in 7ms :: {"user":{"id":"f6849053-994c-4c43-8e28-2f8fcf3cc8d5","username":"Sanduo","email":"nichenavigator88@gmail.com","emailVerified":false,"verificationToken":null,"passwordResetToken":"9r49SbjDWxwCZ4qC-sI5V...
5:37:08 PM [express] GET /api/featured-videos 304 in 8ms :: {"videos":[{"id":"7b4374bd-ddb5-4174-9946-4d886cdb09ec","title":"ECHO PROTOCOL","category":"Sci-Fi Short Film","description":"A cyberpunk detective navigates neon-soaked streets.","thumbnailUrl":"http...
5:37:08 PM [express] GET /api/hero-video 304 in 9ms :: {"heroVideo":{"id":"9aa7ea8e-be68-4bd6-babe-5069834a2f8a","title":"DIRECT THE","subtitle":"ALGORITHM","videoUrl":null,"thumbnailUrl":null,"overlayText":"SHOWREEL_2025.MP4","badgeText":"VEO 3.1 RENDER"...
5:37:08 PM [express] GET /api/courses 304 in 10ms :: {"courses":[{"id":"1c1410f1-5fbb-4ecb-8975-962084c4419a","title":"AI CINEMATOGRAPHY & DIRECTION","slug":"ai-cinematography-and-direction","description":"Master the visual language of AI filmmaking. Fr...
5:39:14 PM [vite] (client) hmr update /src/pages/home.tsx, /src/index.css
5:39:20 PM [vite] (client) hmr update /src/index.css, /src/pages/admin-dashboard.tsx
5:45:28 PM [express] PUT /api/course-tiers/2edb85ae-812f-4a14-a4a0-343259cd9cf2 200 in 40ms :: {"tier":{"id":"2edb85ae-812f-4a14-a4a0-343259cd9cf2","name":"Flagship","slug":"flagship","color":"#A855F8","sortOrder":2,"createdAt":"2026-02-22T19:27:58.928Z"}}
5:45:28 PM [express] GET /api/course-tiers 200 in 14ms :: {"tiers":[{"id":"568d3daf-117b-4513-b86d-84e9b9b9b86f","name":"Foundation","slug":"foundation","color":"#2962FF","sortOrder":0,"createdAt":"2026-02-22T18:06:42.931Z"},{"id":"999f52a8-feb6-4e16-99b1-18...
5:45:35 PM [express] PUT /api/course-tiers/2edb85ae-812f-4a14-a4a0-343259cd9cf2 200 in 9ms :: {"tier":{"id":"2edb85ae-812f-4a14-a4a0-343259cd9cf2","name":"Flagship","slug":"flagship","color":"#A855F9","sortOrder":2,"createdAt":"2026-02-22T19:27:58.928Z"}}
5:45:36 PM [express] GET /api/course-tiers 200 in 5ms :: {"tiers":[{"id":"568d3daf-117b-4513-b86d-84e9b9b9b86f","name":"Foundation","slug":"foundation","color":"#2962FF","sortOrder":0,"createdAt":"2026-02-22T18:06:42.931Z"},{"id":"999f52a8-feb6-4e16-99b1-18...
5:45:48 PM [express] PUT /api/course-tiers/2edb85ae-812f-4a14-a4a0-343259cd9cf2 200 in 10ms :: {"tier":{"id":"2edb85ae-812f-4a14-a4a0-343259cd9cf2","name":"Flagship","slug":"flagship","color":"#A855F7","sortOrder":2,"createdAt":"2026-02-22T19:27:58.928Z"}}
5:45:48 PM [express] GET /api/course-tiers 200 in 7ms :: {"tiers":[{"id":"568d3daf-117b-4513-b86d-84e9b9b9b86f","name":"Foundation","slug":"foundation","color":"#2962FF","sortOrder":0,"createdAt":"2026-02-22T18:06:42.931Z"},{"id":"999f52a8-feb6-4e16-99b1-18...
5:53:38 PM [express] GET /api/courses 304 in 40ms :: {"courses":[{"id":"1c1410f1-5fbb-4ecb-8975-962084c4419a","title":"AI CINEMATOGRAPHY & DIRECTION","slug":"ai-cinematography-and-direction","description":"Master the visual language of AI filmmaking. Fr...
5:53:38 PM [express] GET /api/course-tiers 304 in 50ms :: {"tiers":[{"id":"568d3daf-117b-4513-b86d-84e9b9b9b86f","name":"Foundation","slug":"foundation","color":"#2962FF","sortOrder":0,"createdAt":"2026-02-22T18:06:42.931Z"},{"id":"999f52a8-feb6-4e16-99b1-18...
5:53:38 PM [express] GET /api/enrollments 304 in 56ms :: {"enrollments":[{"id":"4f069a05-b888-46bd-9477-c83f39afeff0","userId":"f6849053-994c-4c43-8e28-2f8fcf3cc8d5","courseId":"3da54ea4-8f54-4633-95b7-79860259a295","enrolledAt":"2025-12-16T10:06:08.502Z","...

> rest-express@1.0.0 dev
> NODE_ENV=development tsx server/index.ts

5:54:25 PM [express] serving on port 5000
5:54:30 PM [express] GET /api/auth/me 304 in 8ms :: {"user":{"id":"f6849053-994c-4c43-8e28-2f8fcf3cc8d5","username":"Sanduo","email":"nichenavigator88@gmail.com","emailVerified":false,"verificationToken":null,"passwordResetToken":"9r49SbjDWxwCZ4qC-sI5V...
5:54:30 PM [express] GET /api/courses 304 in 6ms :: {"courses":[{"id":"1c1410f1-5fbb-4ecb-8975-962084c4419a","title":"AI CINEMATOGRAPHY & DIRECTION","slug":"ai-cinematography-and-direction","description":"Master the visual language of AI filmmaking. Fr...
5:54:30 PM [express] GET /api/hero-video 304 in 8ms :: {"heroVideo":{"id":"9aa7ea8e-be68-4bd6-babe-5069834a2f8a","title":"DIRECT THE","subtitle":"ALGORITHM","videoUrl":null,"thumbnailUrl":null,"overlayText":"SHOWREEL_2025.MP4","badgeText":"VEO 3.1 RENDER"...
5:54:30 PM [express] GET /api/featured-videos 304 in 10ms :: {"videos":[{"id":"7b4374bd-ddb5-4174-9946-4d886cdb09ec","title":"ECHO PROTOCOL","category":"Sci-Fi Short Film","description":"A cyberpunk detective navigates neon-soaked streets.","thumbnailUrl":"http...
5:54:33 PM [express] GET /api/course-tiers 200 in 6ms :: {"tiers":[{"id":"568d3daf-117b-4513-b86d-84e9b9b9b86f","name":"Foundation","slug":"foundation","color":"#2962FF","sortOrder":0,"createdAt":"2026-02-22T18:06:42.931Z"},{"id":"999f52a8-feb6-4e16-99b1-18...
5:54:33 PM [express] GET /api/courses/advanced-ai-cinematography 304 in 10ms :: {"course":{"id":"3da54ea4-8f54-4633-95b7-79860259a295","title":"ADVANCED AI CINEMATOGRAPHY","slug":"advanced-ai-cinematography","description":"Mastering physics, compound camera moves, and the uncanny...
5:54:33 PM [express] GET /api/auth/me 304 in 7ms :: {"user":{"id":"f6849053-994c-4c43-8e28-2f8fcf3cc8d5","username":"Sanduo","email":"nichenavigator88@gmail.com","emailVerified":false,"verificationToken":null,"passwordResetToken":"9r49SbjDWxwCZ4qC-sI5V...
5:54:42 PM [vite] (client) hmr update /src/index.css, /src/components/navbar.tsx
5:55:32 PM [express] GET /api/course-tiers 304 in 9ms :: {"tiers":[{"id":"568d3daf-117b-4513-b86d-84e9b9b9b86f","name":"Foundation","slug":"foundation","color":"#2962FF","sortOrder":0,"createdAt":"2026-02-22T18:06:42.931Z"},{"id":"999f52a8-feb6-4e16-99b1-18...
5:57:24 PM [vite] (client) hmr update /src/pages/home.tsx, /src/index.css
5:57:30 PM [vite] (client) hmr update /src/pages/home.tsx, /src/index.css
6:00:50 PM [vite] (client) hmr update /src/pages/home.tsx, /src/index.css
