
> rest-express@1.0.0 dev
> NODE_ENV=development tsx server/index.ts

2:44:26 PM [express] serving on port 5000
2:44:32 PM [express] GET /api/auth/me 304 in 14ms :: {"user":{"id":"f6849053-994c-4c43-8e28-2f8fcf3cc8d5","username":"Sanduo","email":"nichenavigator88@gmail.com","emailVerified":false,"verificationToken":null,"passwordResetToken":"9r49SbjDWxwCZ4qC-sI5V...
2:44:32 PM [express] GET /api/courses 304 in 14ms :: {"courses":[{"id":"1c1410f1-5fbb-4ecb-8975-962084c4419a","title":"AI CINEMATOGRAPHY & DIRECTION","slug":"ai-cinematography-and-direction","description":"Master the visual language of AI filmmaking. Fr...
2:44:32 PM [express] GET /api/auth/me 401 in 1ms :: {"message":"Not authenticated"}
2:44:32 PM [express] GET /api/courses 304 in 3ms :: {"courses":[{"id":"1c1410f1-5fbb-4ecb-8975-962084c4419a","title":"AI CINEMATOGRAPHY & DIRECTION","slug":"ai-cinematography-and-direction","description":"Master the visual language of AI filmmaking. Fr...
2:44:37 PM [express] GET /api/auth/me 401 in 0ms :: {"message":"Not authenticated"}
2:44:37 PM [express] GET /api/courses 304 in 3ms :: {"courses":[{"id":"1c1410f1-5fbb-4ecb-8975-962084c4419a","title":"AI CINEMATOGRAPHY & DIRECTION","slug":"ai-cinematography-and-direction","description":"Master the visual language of AI filmmaking. Fr...
2:44:37 PM [express] GET /api/auth/me 304 in 7ms :: {"user":{"id":"f6849053-994c-4c43-8e28-2f8fcf3cc8d5","username":"Sanduo","email":"nichenavigator88@gmail.com","emailVerified":false,"verificationToken":null,"passwordResetToken":"9r49SbjDWxwCZ4qC-sI5V...
2:44:37 PM [express] GET /api/courses 304 in 5ms :: {"courses":[{"id":"1c1410f1-5fbb-4ecb-8975-962084c4419a","title":"AI CINEMATOGRAPHY & DIRECTION","slug":"ai-cinematography-and-direction","description":"Master the visual language of AI filmmaking. Fr...
2:49:11 PM [express] GET /api/course-tiers 304 in 43ms :: {"tiers":[{"id":"568d3daf-117b-4513-b86d-84e9b9b9b86f","name":"Foundation","slug":"foundation","color":"#2962FF","sortOrder":0,"createdAt":"2026-02-22T18:06:42.931Z"},{"id":"999f52a8-feb6-4e16-99b1-18...
2:50:18 PM [express] GET /api/courses 304 in 102ms :: {"courses":[{"id":"1c1410f1-5fbb-4ecb-8975-962084c4419a","title":"AI CINEMATOGRAPHY & DIRECTION","slug":"ai-cinematography-and-direction","description":"Master the visual language of AI filmmaking. Fr...
2:50:18 PM [express] GET /api/enrollments 304 in 123ms :: {"enrollments":[{"id":"4f069a05-b888-46bd-9477-c83f39afeff0","userId":"f6849053-994c-4c43-8e28-2f8fcf3cc8d5","courseId":"3da54ea4-8f54-4633-95b7-79860259a295","enrolledAt":"2025-12-16T10:06:08.502Z","...

> rest-express@1.0.0 dev
> NODE_ENV=development tsx server/index.ts

2:58:30 PM [express] serving on port 5000
2:58:35 PM [express] GET /api/auth/me 304 in 10ms :: {"user":{"id":"f6849053-994c-4c43-8e28-2f8fcf3cc8d5","username":"Sanduo","email":"nichenavigator88@gmail.com","emailVerified":false,"verificationToken":null,"passwordResetToken":"9r49SbjDWxwCZ4qC-sI5V...
2:58:35 PM [express] GET /api/courses 304 in 10ms :: {"courses":[{"id":"1c1410f1-5fbb-4ecb-8975-962084c4419a","title":"AI CINEMATOGRAPHY & DIRECTION","slug":"ai-cinematography-and-direction","description":"Master the visual language of AI filmmaking. Fr...
2:58:36 PM [express] GET /api/auth/me 401 in 0ms :: {"message":"Not authenticated"}
2:58:36 PM [express] GET /api/courses 200 in 3ms :: {"courses":[{"id":"1c1410f1-5fbb-4ecb-8975-962084c4419a","title":"AI CINEMATOGRAPHY & DIRECTION","slug":"ai-cinematography-and-direction","description":"Master the visual language of AI filmmaking. Fr...

> rest-express@1.0.0 dev
> NODE_ENV=development tsx server/index.ts

3:00:26 PM [express] serving on port 5000
3:00:30 PM [express] GET /api/auth/me 304 in 8ms :: {"user":{"id":"f6849053-994c-4c43-8e28-2f8fcf3cc8d5","username":"Sanduo","email":"nichenavigator88@gmail.com","emailVerified":false,"verificationToken":null,"passwordResetToken":"9r49SbjDWxwCZ4qC-sI5V...
3:00:30 PM [express] GET /api/courses 304 in 6ms :: {"courses":[{"id":"1c1410f1-5fbb-4ecb-8975-962084c4419a","title":"AI CINEMATOGRAPHY & DIRECTION","slug":"ai-cinematography-and-direction","description":"Master the visual language of AI filmmaking. Fr...
3:00:31 PM [express] GET /api/auth/me 304 in 4ms :: {"user":{"id":"f6849053-994c-4c43-8e28-2f8fcf3cc8d5","username":"Sanduo","email":"nichenavigator88@gmail.com","emailVerified":false,"verificationToken":null,"passwordResetToken":"9r49SbjDWxwCZ4qC-sI5V...
3:00:31 PM [express] GET /api/courses 304 in 9ms :: {"courses":[{"id":"1c1410f1-5fbb-4ecb-8975-962084c4419a","title":"AI CINEMATOGRAPHY & DIRECTION","slug":"ai-cinematography-and-direction","description":"Master the visual language of AI filmmaking. Fr...
3:00:31 PM [express] GET /api/auth/me 401 in 1ms :: {"message":"Not authenticated"}
3:00:31 PM [express] GET /api/courses 304 in 2ms :: {"courses":[{"id":"1c1410f1-5fbb-4ecb-8975-962084c4419a","title":"AI CINEMATOGRAPHY & DIRECTION","slug":"ai-cinematography-and-direction","description":"Master the visual language of AI filmmaking. Fr...
3:00:32 PM [vite] (client) hmr update /src/index.css, /src/pages/admin-dashboard.tsx
3:00:38 PM [vite] (client) hmr update /src/index.css, /src/pages/admin-dashboard.tsx

> rest-express@1.0.0 dev
> NODE_ENV=development tsx server/index.ts

3:02:44 PM [express] serving on port 5000
3:02:49 PM [express] GET /api/auth/me 304 in 6ms :: {"user":{"id":"f6849053-994c-4c43-8e28-2f8fcf3cc8d5","username":"Sanduo","email":"nichenavigator88@gmail.com","emailVerified":false,"verificationToken":null,"passwordResetToken":"9r49SbjDWxwCZ4qC-sI5V...
3:02:49 PM [express] GET /api/featured-videos 200 in 12ms :: {"videos":[]}
3:02:49 PM [express] GET /api/courses 304 in 8ms :: {"courses":[{"id":"1c1410f1-5fbb-4ecb-8975-962084c4419a","title":"AI CINEMATOGRAPHY & DIRECTION","slug":"ai-cinematography-and-direction","description":"Master the visual language of AI filmmaking. Fr...
3:02:49 PM [express] GET /api/auth/me 401 in 1ms :: {"message":"Not authenticated"}
3:02:49 PM [express] GET /api/featured-videos 200 in 2ms :: {"videos":[]}
3:02:49 PM [express] GET /api/courses 304 in 2ms :: {"courses":[{"id":"1c1410f1-5fbb-4ecb-8975-962084c4419a","title":"AI CINEMATOGRAPHY & DIRECTION","slug":"ai-cinematography-and-direction","description":"Master the visual language of AI filmmaking. Fr...
3:02:50 PM [express] GET /api/featured-videos 200 in 6ms :: {"videos":[]}
3:02:50 PM [express] GET /api/auth/me 304 in 5ms :: {"user":{"id":"f6849053-994c-4c43-8e28-2f8fcf3cc8d5","username":"Sanduo","email":"nichenavigator88@gmail.com","emailVerified":false,"verificationToken":null,"passwordResetToken":"9r49SbjDWxwCZ4qC-sI5V...
3:02:50 PM [express] GET /api/courses 304 in 6ms :: {"courses":[{"id":"1c1410f1-5fbb-4ecb-8975-962084c4419a","title":"AI CINEMATOGRAPHY & DIRECTION","slug":"ai-cinematography-and-direction","description":"Master the visual language of AI filmmaking. Fr...

> rest-express@1.0.0 dev
> NODE_ENV=development tsx server/index.ts

3:03:38 PM [express] serving on port 5000
3:03:42 PM [express] GET /api/featured-videos 304 in 10ms :: {"videos":[]}
3:03:42 PM [express] GET /api/courses 304 in 19ms :: {"courses":[{"id":"1c1410f1-5fbb-4ecb-8975-962084c4419a","title":"AI CINEMATOGRAPHY & DIRECTION","slug":"ai-cinematography-and-direction","description":"Master the visual language of AI filmmaking. Fr...
3:03:42 PM [express] GET /api/auth/me 304 in 19ms :: {"user":{"id":"f6849053-994c-4c43-8e28-2f8fcf3cc8d5","username":"Sanduo","email":"nichenavigator88@gmail.com","emailVerified":false,"verificationToken":null,"passwordResetToken":"9r49SbjDWxwCZ4qC-sI5V...
3:03:43 PM [express] GET /api/auth/me 401 in 0ms :: {"message":"Not authenticated"}
3:03:43 PM [express] GET /api/featured-videos 200 in 3ms :: {"videos":[]}
3:03:43 PM [express] GET /api/courses 304 in 2ms :: {"courses":[{"id":"1c1410f1-5fbb-4ecb-8975-962084c4419a","title":"AI CINEMATOGRAPHY & DIRECTION","slug":"ai-cinematography-and-direction","description":"Master the visual language of AI filmmaking. Fr...
3:03:44 PM [express] GET /api/auth/me 304 in 5ms :: {"user":{"id":"f6849053-994c-4c43-8e28-2f8fcf3cc8d5","username":"Sanduo","email":"nichenavigator88@gmail.com","emailVerified":false,"verificationToken":null,"passwordResetToken":"9r49SbjDWxwCZ4qC-sI5V...
3:03:44 PM [express] GET /api/courses 304 in 6ms :: {"courses":[{"id":"1c1410f1-5fbb-4ecb-8975-962084c4419a","title":"AI CINEMATOGRAPHY & DIRECTION","slug":"ai-cinematography-and-direction","description":"Master the visual language of AI filmmaking. Fr...
3:03:44 PM [express] GET /api/featured-videos 304 in 5ms :: {"videos":[]}

> rest-express@1.0.0 dev
> NODE_ENV=development tsx server/index.ts

3:04:13 PM [express] serving on port 5000
3:04:17 PM [express] GET /api/auth/me 304 in 8ms :: {"user":{"id":"f6849053-994c-4c43-8e28-2f8fcf3cc8d5","username":"Sanduo","email":"nichenavigator88@gmail.com","emailVerified":false,"verificationToken":null,"passwordResetToken":"9r49SbjDWxwCZ4qC-sI5V...
3:04:17 PM [express] GET /api/featured-videos 304 in 6ms :: {"videos":[]}
3:04:17 PM [express] GET /api/courses 304 in 8ms :: {"courses":[{"id":"1c1410f1-5fbb-4ecb-8975-962084c4419a","title":"AI CINEMATOGRAPHY & DIRECTION","slug":"ai-cinematography-and-direction","description":"Master the visual language of AI filmmaking. Fr...
3:04:17 PM [express] GET /api/auth/me 304 in 4ms :: {"user":{"id":"f6849053-994c-4c43-8e28-2f8fcf3cc8d5","username":"Sanduo","email":"nichenavigator88@gmail.com","emailVerified":false,"verificationToken":null,"passwordResetToken":"9r49SbjDWxwCZ4qC-sI5V...
3:04:17 PM [express] GET /api/featured-videos 304 in 6ms :: {"videos":[]}
3:04:17 PM [express] GET /api/courses 304 in 6ms :: {"courses":[{"id":"1c1410f1-5fbb-4ecb-8975-962084c4419a","title":"AI CINEMATOGRAPHY & DIRECTION","slug":"ai-cinematography-and-direction","description":"Master the visual language of AI filmmaking. Fr...

> rest-express@1.0.0 dev
> NODE_ENV=development tsx server/index.ts

3:04:37 PM [express] serving on port 5000
3:04:40 PM [express] GET /api/auth/me 401 in 2ms :: {"message":"Not authenticated"}
3:04:40 PM [express] GET /api/courses 200 in 18ms :: {"courses":[{"id":"1c1410f1-5fbb-4ecb-8975-962084c4419a","title":"AI CINEMATOGRAPHY & DIRECTION","slug":"ai-cinematography-and-direction","description":"Master the visual language of AI filmmaking. Fr...
3:04:40 PM [express] GET /api/featured-videos 200 in 5ms :: {"videos":[]}
3:04:42 PM [express] GET /api/auth/me 304 in 8ms :: {"user":{"id":"f6849053-994c-4c43-8e28-2f8fcf3cc8d5","username":"Sanduo","email":"nichenavigator88@gmail.com","emailVerified":false,"verificationToken":null,"passwordResetToken":"9r49SbjDWxwCZ4qC-sI5V...
3:04:42 PM [express] GET /api/featured-videos 304 in 9ms :: {"videos":[]}
3:04:42 PM [express] GET /api/courses 304 in 19ms :: {"courses":[{"id":"1c1410f1-5fbb-4ecb-8975-962084c4419a","title":"AI CINEMATOGRAPHY & DIRECTION","slug":"ai-cinematography-and-direction","description":"Master the visual language of AI filmmaking. Fr...
3:04:42 PM [express] GET /api/auth/me 401 in 0ms :: {"message":"Not authenticated"}
3:04:42 PM [express] GET /api/courses 304 in 10ms :: {"courses":[{"id":"1c1410f1-5fbb-4ecb-8975-962084c4419a","title":"AI CINEMATOGRAPHY & DIRECTION","slug":"ai-cinematography-and-direction","description":"Master the visual language of AI filmmaking. Fr...
3:04:42 PM [express] GET /api/featured-videos 304 in 5ms :: {"videos":[]}
3:04:42 PM [express] GET /api/auth/me 304 in 6ms :: {"user":{"id":"f6849053-994c-4c43-8e28-2f8fcf3cc8d5","username":"Sanduo","email":"nichenavigator88@gmail.com","emailVerified":false,"verificationToken":null,"passwordResetToken":"9r49SbjDWxwCZ4qC-sI5V...
3:04:42 PM [express] GET /api/courses 304 in 9ms :: {"courses":[{"id":"1c1410f1-5fbb-4ecb-8975-962084c4419a","title":"AI CINEMATOGRAPHY & DIRECTION","slug":"ai-cinematography-and-direction","description":"Master the visual language of AI filmmaking. Fr...
3:04:42 PM [express] GET /api/featured-videos 304 in 11ms :: {"videos":[]}
3:04:48 PM [express] POST /api/auth/login 401 in 135ms :: {"message":"Invalid credentials"}

> rest-express@1.0.0 dev
> NODE_ENV=development tsx server/index.ts

3:05:19 PM [express] serving on port 5000
3:05:24 PM [express] GET /api/auth/me 304 in 9ms :: {"user":{"id":"f6849053-994c-4c43-8e28-2f8fcf3cc8d5","username":"Sanduo","email":"nichenavigator88@gmail.com","emailVerified":false,"verificationToken":null,"passwordResetToken":"9r49SbjDWxwCZ4qC-sI5V...
3:05:24 PM [express] GET /api/featured-videos 304 in 10ms :: {"videos":[]}
3:05:24 PM [express] GET /api/courses 304 in 8ms :: {"courses":[{"id":"1c1410f1-5fbb-4ecb-8975-962084c4419a","title":"AI CINEMATOGRAPHY & DIRECTION","slug":"ai-cinematography-and-direction","description":"Master the visual language of AI filmmaking. Fr...
3:05:24 PM [express] GET /api/auth/me 304 in 4ms :: {"user":{"id":"f6849053-994c-4c43-8e28-2f8fcf3cc8d5","username":"Sanduo","email":"nichenavigator88@gmail.com","emailVerified":false,"verificationToken":null,"passwordResetToken":"9r49SbjDWxwCZ4qC-sI5V...
3:05:24 PM [express] GET /api/courses 304 in 6ms :: {"courses":[{"id":"1c1410f1-5fbb-4ecb-8975-962084c4419a","title":"AI CINEMATOGRAPHY & DIRECTION","slug":"ai-cinematography-and-direction","description":"Master the visual language of AI filmmaking. Fr...
3:05:24 PM [express] GET /api/featured-videos 304 in 5ms :: {"videos":[]}
3:05:30 PM [express] GET /api/featured-videos 200 in 2ms :: {"videos":[]}

> rest-express@1.0.0 dev
> NODE_ENV=development tsx server/index.ts

3:05:53 PM [express] serving on port 5000
3:05:56 PM [express] GET /api/auth/me 401 in 2ms :: {"message":"Not authenticated"}
3:05:56 PM [express] GET /api/courses 200 in 11ms :: {"courses":[{"id":"1c1410f1-5fbb-4ecb-8975-962084c4419a","title":"AI CINEMATOGRAPHY & DIRECTION","slug":"ai-cinematography-and-direction","description":"Master the visual language of AI filmmaking. Fr...
3:05:56 PM [express] GET /api/featured-videos 200 in 4ms :: {"videos":[]}
3:05:57 PM [express] GET /api/courses 304 in 13ms :: {"courses":[{"id":"1c1410f1-5fbb-4ecb-8975-962084c4419a","title":"AI CINEMATOGRAPHY & DIRECTION","slug":"ai-cinematography-and-direction","description":"Master the visual language of AI filmmaking. Fr...
3:05:57 PM [express] GET /api/featured-videos 304 in 18ms :: {"videos":[]}
3:05:57 PM [express] GET /api/auth/me 304 in 16ms :: {"user":{"id":"f6849053-994c-4c43-8e28-2f8fcf3cc8d5","username":"Sanduo","email":"nichenavigator88@gmail.com","emailVerified":false,"verificationToken":null,"passwordResetToken":"9r49SbjDWxwCZ4qC-sI5V...
3:05:58 PM [express] GET /api/auth/me 401 in 1ms :: {"message":"Not authenticated"}
3:05:58 PM [express] GET /api/courses 304 in 3ms :: {"courses":[{"id":"1c1410f1-5fbb-4ecb-8975-962084c4419a","title":"AI CINEMATOGRAPHY & DIRECTION","slug":"ai-cinematography-and-direction","description":"Master the visual language of AI filmmaking. Fr...
3:05:58 PM [express] GET /api/featured-videos 304 in 2ms :: {"videos":[]}
3:05:59 PM [express] GET /api/courses 304 in 6ms :: {"courses":[{"id":"1c1410f1-5fbb-4ecb-8975-962084c4419a","title":"AI CINEMATOGRAPHY & DIRECTION","slug":"ai-cinematography-and-direction","description":"Master the visual language of AI filmmaking. Fr...
3:05:59 PM [express] GET /api/featured-videos 304 in 8ms :: {"videos":[]}
3:05:59 PM [express] GET /api/auth/me 304 in 8ms :: {"user":{"id":"f6849053-994c-4c43-8e28-2f8fcf3cc8d5","username":"Sanduo","email":"nichenavigator88@gmail.com","emailVerified":false,"verificationToken":null,"passwordResetToken":"9r49SbjDWxwCZ4qC-sI5V...
3:06:03 PM [express] POST /api/auth/login 401 in 122ms :: {"message":"Invalid credentials"}
3:06:11 PM [express] POST /api/auth/login 401 in 108ms :: {"message":"Invalid credentials"}

> rest-express@1.0.0 dev
> NODE_ENV=development tsx server/index.ts

3:06:55 PM [express] serving on port 5000
3:07:00 PM [express] GET /api/auth/me 304 in 8ms :: {"user":{"id":"f6849053-994c-4c43-8e28-2f8fcf3cc8d5","username":"Sanduo","email":"nichenavigator88@gmail.com","emailVerified":false,"verificationToken":null,"passwordResetToken":"9r49SbjDWxwCZ4qC-sI5V...
3:07:00 PM [express] GET /api/courses 304 in 9ms :: {"courses":[{"id":"1c1410f1-5fbb-4ecb-8975-962084c4419a","title":"AI CINEMATOGRAPHY & DIRECTION","slug":"ai-cinematography-and-direction","description":"Master the visual language of AI filmmaking. Fr...
3:07:00 PM [express] GET /api/featured-videos 304 in 6ms :: {"videos":[]}
3:07:05 PM [express] POST /api/auth/login 401 in 92ms :: {"message":"Invalid credentials"}
3:07:13 PM [express] GET /api/auth/me 304 in 6ms :: {"user":{"id":"f6849053-994c-4c43-8e28-2f8fcf3cc8d5","username":"Sanduo","email":"nichenavigator88@gmail.com","emailVerified":false,"verificationToken":null,"passwordResetToken":"9r49SbjDWxwCZ4qC-sI5V...
3:07:13 PM [express] GET /api/featured-videos 304 in 9ms :: {"videos":[]}
3:07:13 PM [express] GET /api/courses 304 in 7ms :: {"courses":[{"id":"1c1410f1-5fbb-4ecb-8975-962084c4419a","title":"AI CINEMATOGRAPHY & DIRECTION","slug":"ai-cinematography-and-direction","description":"Master the visual language of AI filmmaking. Fr...

> rest-express@1.0.0 dev
> NODE_ENV=development tsx server/index.ts

3:07:31 PM [express] serving on port 5000
3:07:35 PM [express] GET /api/auth/me 401 in 2ms :: {"message":"Not authenticated"}
3:07:35 PM [express] GET /api/featured-videos 304 in 6ms :: {"videos":[]}
3:07:35 PM [express] GET /api/courses 304 in 7ms :: {"courses":[{"id":"1c1410f1-5fbb-4ecb-8975-962084c4419a","title":"AI CINEMATOGRAPHY & DIRECTION","slug":"ai-cinematography-and-direction","description":"Master the visual language of AI filmmaking. Fr...
3:07:35 PM [express] GET /api/auth/me 304 in 5ms :: {"user":{"id":"f6849053-994c-4c43-8e28-2f8fcf3cc8d5","username":"Sanduo","email":"nichenavigator88@gmail.com","emailVerified":false,"verificationToken":null,"passwordResetToken":"9r49SbjDWxwCZ4qC-sI5V...
3:07:35 PM [express] GET /api/courses 304 in 7ms :: {"courses":[{"id":"1c1410f1-5fbb-4ecb-8975-962084c4419a","title":"AI CINEMATOGRAPHY & DIRECTION","slug":"ai-cinematography-and-direction","description":"Master the visual language of AI filmmaking. Fr...
3:07:35 PM [express] GET /api/featured-videos 304 in 10ms :: {"videos":[]}
3:07:35 PM [express] GET /api/auth/me 304 in 5ms :: {"user":{"id":"f6849053-994c-4c43-8e28-2f8fcf3cc8d5","username":"Sanduo","email":"nichenavigator88@gmail.com","emailVerified":false,"verificationToken":null,"passwordResetToken":"9r49SbjDWxwCZ4qC-sI5V...
3:07:35 PM [express] GET /api/courses 304 in 8ms :: {"courses":[{"id":"1c1410f1-5fbb-4ecb-8975-962084c4419a","title":"AI CINEMATOGRAPHY & DIRECTION","slug":"ai-cinematography-and-direction","description":"Master the visual language of AI filmmaking. Fr...
3:07:35 PM [express] GET /api/featured-videos 304 in 6ms :: {"videos":[]}
3:07:44 PM [express] POST /api/auth/login 200 in 101ms :: {"user":{"id":"f6849053-994c-4c43-8e28-2f8fcf3cc8d5","username":"Sanduo","email":"nichenavigator88@gmail.com","emailVerified":false,"verificationToken":null,"passwordResetToken":"9r49SbjDWxwCZ4qC-sI5V...
3:07:52 PM [express] POST /api/featured-videos 201 in 11ms :: {"video":{"id":"7b4374bd-ddb5-4174-9946-4d886cdb09ec","title":"ECHO PROTOCOL","category":"Sci-Fi Short Film","description":"A cyberpunk detective navigates neon-soaked streets.","thumbnailUrl":"https:...
3:07:56 PM [express] GET /api/featured-videos 200 in 2ms :: {"videos":[{"id":"7b4374bd-ddb5-4174-9946-4d886cdb09ec","title":"ECHO PROTOCOL","category":"Sci-Fi Short Film","description":"A cyberpunk detective navigates neon-soaked streets.","thumbnailUrl":"http...

> rest-express@1.0.0 dev
> NODE_ENV=development tsx server/index.ts

3:08:06 PM [express] serving on port 5000
3:08:11 PM [express] GET /api/auth/me 401 in 1ms :: {"message":"Not authenticated"}
3:08:11 PM [express] GET /api/featured-videos 200 in 7ms :: {"videos":[{"id":"7b4374bd-ddb5-4174-9946-4d886cdb09ec","title":"ECHO PROTOCOL","category":"Sci-Fi Short Film","description":"A cyberpunk detective navigates neon-soaked streets.","thumbnailUrl":"http...
3:08:11 PM [express] GET /api/courses 304 in 3ms :: {"courses":[{"id":"1c1410f1-5fbb-4ecb-8975-962084c4419a","title":"AI CINEMATOGRAPHY & DIRECTION","slug":"ai-cinematography-and-direction","description":"Master the visual language of AI filmmaking. Fr...
3:08:11 PM [express] GET /api/auth/me 304 in 5ms :: {"user":{"id":"f6849053-994c-4c43-8e28-2f8fcf3cc8d5","username":"Sanduo","email":"nichenavigator88@gmail.com","emailVerified":false,"verificationToken":null,"passwordResetToken":"9r49SbjDWxwCZ4qC-sI5V...
3:08:11 PM [express] GET /api/featured-videos 200 in 6ms :: {"videos":[{"id":"7b4374bd-ddb5-4174-9946-4d886cdb09ec","title":"ECHO PROTOCOL","category":"Sci-Fi Short Film","description":"A cyberpunk detective navigates neon-soaked streets.","thumbnailUrl":"http...
3:08:11 PM [express] GET /api/courses 304 in 7ms :: {"courses":[{"id":"1c1410f1-5fbb-4ecb-8975-962084c4419a","title":"AI CINEMATOGRAPHY & DIRECTION","slug":"ai-cinematography-and-direction","description":"Master the visual language of AI filmmaking. Fr...
3:08:11 PM [express] GET /api/auth/me 304 in 4ms :: {"user":{"id":"f6849053-994c-4c43-8e28-2f8fcf3cc8d5","username":"Sanduo","email":"nichenavigator88@gmail.com","emailVerified":false,"verificationToken":null,"passwordResetToken":"9r49SbjDWxwCZ4qC-sI5V...
3:08:11 PM [express] GET /api/courses 304 in 6ms :: {"courses":[{"id":"1c1410f1-5fbb-4ecb-8975-962084c4419a","title":"AI CINEMATOGRAPHY & DIRECTION","slug":"ai-cinematography-and-direction","description":"Master the visual language of AI filmmaking. Fr...
3:08:11 PM [express] GET /api/featured-videos 200 in 8ms :: {"videos":[{"id":"7b4374bd-ddb5-4174-9946-4d886cdb09ec","title":"ECHO PROTOCOL","category":"Sci-Fi Short Film","description":"A cyberpunk detective navigates neon-soaked streets.","thumbnailUrl":"http...
3:08:13 PM [express] GET /api/featured-videos 200 in 2ms :: {"videos":[{"id":"7b4374bd-ddb5-4174-9946-4d886cdb09ec","title":"ECHO PROTOCOL","category":"Sci-Fi Short Film","description":"A cyberpunk detective navigates neon-soaked streets.","thumbnailUrl":"http...

> rest-express@1.0.0 dev
> NODE_ENV=development tsx server/index.ts

3:08:35 PM [express] serving on port 5000
3:08:37 PM [express] GET /api/auth/me 401 in 2ms :: {"message":"Not authenticated"}
3:08:37 PM [express] GET /api/courses 200 in 15ms :: {"courses":[{"id":"1c1410f1-5fbb-4ecb-8975-962084c4419a","title":"AI CINEMATOGRAPHY & DIRECTION","slug":"ai-cinematography-and-direction","description":"Master the visual language of AI filmmaking. Fr...
3:08:37 PM [express] GET /api/featured-videos 200 in 22ms :: {"videos":[{"id":"7b4374bd-ddb5-4174-9946-4d886cdb09ec","title":"ECHO PROTOCOL","category":"Sci-Fi Short Film","description":"A cyberpunk detective navigates neon-soaked streets.","thumbnailUrl":"http...
3:08:39 PM [express] GET /api/auth/me 401 in 0ms :: {"message":"Not authenticated"}
3:08:39 PM [express] GET /api/courses 304 in 3ms :: {"courses":[{"id":"1c1410f1-5fbb-4ecb-8975-962084c4419a","title":"AI CINEMATOGRAPHY & DIRECTION","slug":"ai-cinematography-and-direction","description":"Master the visual language of AI filmmaking. Fr...
3:08:39 PM [express] GET /api/featured-videos 304 in 2ms :: {"videos":[{"id":"7b4374bd-ddb5-4174-9946-4d886cdb09ec","title":"ECHO PROTOCOL","category":"Sci-Fi Short Film","description":"A cyberpunk detective navigates neon-soaked streets.","thumbnailUrl":"http...
3:08:40 PM [express] GET /api/auth/me 304 in 6ms :: {"user":{"id":"f6849053-994c-4c43-8e28-2f8fcf3cc8d5","username":"Sanduo","email":"nichenavigator88@gmail.com","emailVerified":false,"verificationToken":null,"passwordResetToken":"9r49SbjDWxwCZ4qC-sI5V...
3:08:40 PM [express] GET /api/courses 304 in 7ms :: {"courses":[{"id":"1c1410f1-5fbb-4ecb-8975-962084c4419a","title":"AI CINEMATOGRAPHY & DIRECTION","slug":"ai-cinematography-and-direction","description":"Master the visual language of AI filmmaking. Fr...
3:08:40 PM [express] GET /api/featured-videos 304 in 6ms :: {"videos":[{"id":"7b4374bd-ddb5-4174-9946-4d886cdb09ec","title":"ECHO PROTOCOL","category":"Sci-Fi Short Film","description":"A cyberpunk detective navigates neon-soaked streets.","thumbnailUrl":"http...
3:08:44 PM [express] POST /api/auth/login 200 in 118ms :: {"user":{"id":"f6849053-994c-4c43-8e28-2f8fcf3cc8d5","username":"Sanduo","email":"nichenavigator88@gmail.com","emailVerified":false,"verificationToken":null,"passwordResetToken":"9r49SbjDWxwCZ4qC-sI5V...
3:08:47 PM [express] GET /api/auth/me 304 in 5ms :: {"user":{"id":"f6849053-994c-4c43-8e28-2f8fcf3cc8d5","username":"Sanduo","email":"nichenavigator88@gmail.com","emailVerified":false,"verificationToken":null,"passwordResetToken":"9r49SbjDWxwCZ4qC-sI5V...
3:08:47 PM [express] GET /api/courses 304 in 11ms :: {"courses":[{"id":"1c1410f1-5fbb-4ecb-8975-962084c4419a","title":"AI CINEMATOGRAPHY & DIRECTION","slug":"ai-cinematography-and-direction","description":"Master the visual language of AI filmmaking. Fr...
3:08:47 PM [express] GET /api/featured-videos 304 in 7ms :: {"videos":[{"id":"7b4374bd-ddb5-4174-9946-4d886cdb09ec","title":"ECHO PROTOCOL","category":"Sci-Fi Short Film","description":"A cyberpunk detective navigates neon-soaked streets.","thumbnailUrl":"http...
3:08:57 PM [express] GET /api/auth/me 200 in 14ms :: {"user":{"id":"f6849053-994c-4c43-8e28-2f8fcf3cc8d5","username":"Sanduo","email":"nichenavigator88@gmail.com","emailVerified":false,"verificationToken":null,"passwordResetToken":"9r49SbjDWxwCZ4qC-sI5V...
3:08:57 PM [express] GET /api/enrollments 200 in 22ms :: {"enrollments":[{"id":"4f069a05-b888-46bd-9477-c83f39afeff0","userId":"f6849053-994c-4c43-8e28-2f8fcf3cc8d5","courseId":"3da54ea4-8f54-4633-95b7-79860259a295","enrolledAt":"2025-12-16T10:06:08.502Z","...
3:08:57 PM [express] GET /api/featured-videos 304 in 8ms :: {"videos":[{"id":"7b4374bd-ddb5-4174-9946-4d886cdb09ec","title":"ECHO PROTOCOL","category":"Sci-Fi Short Film","description":"A cyberpunk detective navigates neon-soaked streets.","thumbnailUrl":"http...
3:08:57 PM [express] GET /api/course-tiers 200 in 9ms :: {"tiers":[{"id":"568d3daf-117b-4513-b86d-84e9b9b9b86f","name":"Foundation","slug":"foundation","color":"#2962FF","sortOrder":0,"createdAt":"2026-02-22T18:06:42.931Z"},{"id":"999f52a8-feb6-4e16-99b1-18...
3:08:57 PM [express] GET /api/courses 200 in 15ms :: {"courses":[{"id":"1c1410f1-5fbb-4ecb-8975-962084c4419a","title":"AI CINEMATOGRAPHY & DIRECTION","slug":"ai-cinematography-and-direction","description":"Master the visual language of AI filmmaking. Fr...

> rest-express@1.0.0 dev
> NODE_ENV=development tsx server/index.ts

3:10:04 PM [express] serving on port 5000
3:10:09 PM [express] GET /api/auth/me 401 in 2ms :: {"message":"Not authenticated"}
3:10:09 PM [express] GET /api/courses 304 in 10ms :: {"courses":[{"id":"1c1410f1-5fbb-4ecb-8975-962084c4419a","title":"AI CINEMATOGRAPHY & DIRECTION","slug":"ai-cinematography-and-direction","description":"Master the visual language of AI filmmaking. Fr...
3:10:09 PM [express] GET /api/featured-videos 304 in 5ms :: {"videos":[{"id":"7b4374bd-ddb5-4174-9946-4d886cdb09ec","title":"ECHO PROTOCOL","category":"Sci-Fi Short Film","description":"A cyberpunk detective navigates neon-soaked streets.","thumbnailUrl":"http...
3:10:09 PM [express] GET /api/auth/me 304 in 6ms :: {"user":{"id":"f6849053-994c-4c43-8e28-2f8fcf3cc8d5","username":"Sanduo","email":"nichenavigator88@gmail.com","emailVerified":false,"verificationToken":null,"passwordResetToken":"9r49SbjDWxwCZ4qC-sI5V...
3:10:09 PM [express] GET /api/courses 304 in 9ms :: {"courses":[{"id":"1c1410f1-5fbb-4ecb-8975-962084c4419a","title":"AI CINEMATOGRAPHY & DIRECTION","slug":"ai-cinematography-and-direction","description":"Master the visual language of AI filmmaking. Fr...
3:10:09 PM [express] GET /api/featured-videos 304 in 7ms :: {"videos":[{"id":"7b4374bd-ddb5-4174-9946-4d886cdb09ec","title":"ECHO PROTOCOL","category":"Sci-Fi Short Film","description":"A cyberpunk detective navigates neon-soaked streets.","thumbnailUrl":"http...
3:10:09 PM [express] GET /api/auth/me 304 in 7ms :: {"user":{"id":"f6849053-994c-4c43-8e28-2f8fcf3cc8d5","username":"Sanduo","email":"nichenavigator88@gmail.com","emailVerified":false,"verificationToken":null,"passwordResetToken":"9r49SbjDWxwCZ4qC-sI5V...
3:10:09 PM [express] GET /api/courses 304 in 9ms :: {"courses":[{"id":"1c1410f1-5fbb-4ecb-8975-962084c4419a","title":"AI CINEMATOGRAPHY & DIRECTION","slug":"ai-cinematography-and-direction","description":"Master the visual language of AI filmmaking. Fr...
3:10:09 PM [express] GET /api/featured-videos 304 in 8ms :: {"videos":[{"id":"7b4374bd-ddb5-4174-9946-4d886cdb09ec","title":"ECHO PROTOCOL","category":"Sci-Fi Short Film","description":"A cyberpunk detective navigates neon-soaked streets.","thumbnailUrl":"http...
3:10:26 PM [express] POST /api/auth/login 200 in 109ms :: {"user":{"id":"f6849053-994c-4c43-8e28-2f8fcf3cc8d5","username":"Sanduo","email":"nichenavigator88@gmail.com","emailVerified":false,"verificationToken":null,"passwordResetToken":"9r49SbjDWxwCZ4qC-sI5V...
3:10:26 PM [express] POST /api/featured-videos 201 in 9ms :: {"video":{"id":"49c689e2-cc2b-4ec3-90a1-68138282cbc1","title":"AURUM DYNAMICS","category":"Luxury Brand Commercial","description":"Visual journey through liquid gold","thumbnailUrl":"https://images.un...

> rest-express@1.0.0 dev
> NODE_ENV=development tsx server/index.ts

3:10:46 PM [express] serving on port 5000
3:10:50 PM [express] GET /api/auth/me 401 in 2ms :: {"message":"Not authenticated"}
3:10:50 PM [express] GET /api/courses 200 in 17ms :: {"courses":[{"id":"1c1410f1-5fbb-4ecb-8975-962084c4419a","title":"AI CINEMATOGRAPHY & DIRECTION","slug":"ai-cinematography-and-direction","description":"Master the visual language of AI filmmaking. Fr...
3:10:50 PM [express] GET /api/featured-videos 200 in 12ms :: {"videos":[{"id":"7b4374bd-ddb5-4174-9946-4d886cdb09ec","title":"ECHO PROTOCOL","category":"Sci-Fi Short Film","description":"A cyberpunk detective navigates neon-soaked streets.","thumbnailUrl":"http...
3:10:51 PM [express] GET /api/auth/me 401 in 3ms :: {"message":"Not authenticated"}
3:10:51 PM [express] GET /api/courses 304 in 4ms :: {"courses":[{"id":"1c1410f1-5fbb-4ecb-8975-962084c4419a","title":"AI CINEMATOGRAPHY & DIRECTION","slug":"ai-cinematography-and-direction","description":"Master the visual language of AI filmmaking. Fr...
3:10:51 PM [express] GET /api/featured-videos 200 in 4ms :: {"videos":[{"id":"7b4374bd-ddb5-4174-9946-4d886cdb09ec","title":"ECHO PROTOCOL","category":"Sci-Fi Short Film","description":"A cyberpunk detective navigates neon-soaked streets.","thumbnailUrl":"http...
3:10:52 PM [express] GET /api/auth/me 304 in 6ms :: {"user":{"id":"f6849053-994c-4c43-8e28-2f8fcf3cc8d5","username":"Sanduo","email":"nichenavigator88@gmail.com","emailVerified":false,"verificationToken":null,"passwordResetToken":"9r49SbjDWxwCZ4qC-sI5V...
3:10:52 PM [express] GET /api/featured-videos 200 in 17ms :: {"videos":[{"id":"7b4374bd-ddb5-4174-9946-4d886cdb09ec","title":"ECHO PROTOCOL","category":"Sci-Fi Short Film","description":"A cyberpunk detective navigates neon-soaked streets.","thumbnailUrl":"http...
3:10:52 PM [express] GET /api/courses 304 in 13ms :: {"courses":[{"id":"1c1410f1-5fbb-4ecb-8975-962084c4419a","title":"AI CINEMATOGRAPHY & DIRECTION","slug":"ai-cinematography-and-direction","description":"Master the visual language of AI filmmaking. Fr...
3:10:52 PM [express] GET /api/auth/me 304 in 7ms :: {"user":{"id":"f6849053-994c-4c43-8e28-2f8fcf3cc8d5","username":"Sanduo","email":"nichenavigator88@gmail.com","emailVerified":false,"verificationToken":null,"passwordResetToken":"9r49SbjDWxwCZ4qC-sI5V...
3:10:52 PM [express] GET /api/courses 304 in 9ms :: {"courses":[{"id":"1c1410f1-5fbb-4ecb-8975-962084c4419a","title":"AI CINEMATOGRAPHY & DIRECTION","slug":"ai-cinematography-and-direction","description":"Master the visual language of AI filmmaking. Fr...
3:10:52 PM [express] GET /api/featured-videos 200 in 6ms :: {"videos":[{"id":"7b4374bd-ddb5-4174-9946-4d886cdb09ec","title":"ECHO PROTOCOL","category":"Sci-Fi Short Film","description":"A cyberpunk detective navigates neon-soaked streets.","thumbnailUrl":"http...
3:10:56 PM [express] POST /api/auth/login 200 in 121ms :: {"user":{"id":"f6849053-994c-4c43-8e28-2f8fcf3cc8d5","username":"Sanduo","email":"nichenavigator88@gmail.com","emailVerified":false,"verificationToken":null,"passwordResetToken":"9r49SbjDWxwCZ4qC-sI5V...
3:11:03 PM [express] GET /api/auth/me 200 in 8ms :: {"user":{"id":"f6849053-994c-4c43-8e28-2f8fcf3cc8d5","username":"Sanduo","email":"nichenavigator88@gmail.com","emailVerified":false,"verificationToken":null,"passwordResetToken":"9r49SbjDWxwCZ4qC-sI5V...
3:11:03 PM [express] GET /api/enrollments 200 in 12ms :: {"enrollments":[{"id":"4f069a05-b888-46bd-9477-c83f39afeff0","userId":"f6849053-994c-4c43-8e28-2f8fcf3cc8d5","courseId":"3da54ea4-8f54-4633-95b7-79860259a295","enrolledAt":"2025-12-16T10:06:08.502Z","...
3:11:03 PM [express] GET /api/course-tiers 200 in 9ms :: {"tiers":[{"id":"568d3daf-117b-4513-b86d-84e9b9b9b86f","name":"Foundation","slug":"foundation","color":"#2962FF","sortOrder":0,"createdAt":"2026-02-22T18:06:42.931Z"},{"id":"999f52a8-feb6-4e16-99b1-18...
3:11:03 PM [express] GET /api/featured-videos 304 in 11ms :: {"videos":[{"id":"7b4374bd-ddb5-4174-9946-4d886cdb09ec","title":"ECHO PROTOCOL","category":"Sci-Fi Short Film","description":"A cyberpunk detective navigates neon-soaked streets.","thumbnailUrl":"http...
3:11:03 PM [express] GET /api/courses 200 in 14ms :: {"courses":[{"id":"1c1410f1-5fbb-4ecb-8975-962084c4419a","title":"AI CINEMATOGRAPHY & DIRECTION","slug":"ai-cinematography-and-direction","description":"Master the visual language of AI filmmaking. Fr...

> rest-express@1.0.0 dev
> NODE_ENV=development tsx server/index.ts

3:11:32 PM [express] serving on port 5000
3:11:37 PM [express] GET /api/auth/me 304 in 9ms :: {"user":{"id":"f6849053-994c-4c43-8e28-2f8fcf3cc8d5","username":"Sanduo","email":"nichenavigator88@gmail.com","emailVerified":false,"verificationToken":null,"passwordResetToken":"9r49SbjDWxwCZ4qC-sI5V...
3:11:37 PM [express] GET /api/courses 304 in 8ms :: {"courses":[{"id":"1c1410f1-5fbb-4ecb-8975-962084c4419a","title":"AI CINEMATOGRAPHY & DIRECTION","slug":"ai-cinematography-and-direction","description":"Master the visual language of AI filmmaking. Fr...
3:11:37 PM [express] GET /api/featured-videos 304 in 8ms :: {"videos":[{"id":"7b4374bd-ddb5-4174-9946-4d886cdb09ec","title":"ECHO PROTOCOL","category":"Sci-Fi Short Film","description":"A cyberpunk detective navigates neon-soaked streets.","thumbnailUrl":"http...

> rest-express@1.0.0 dev
> NODE_ENV=development tsx server/index.ts

3:11:47 PM [express] serving on port 5000
3:11:52 PM [express] GET /api/auth/me 304 in 11ms :: {"user":{"id":"f6849053-994c-4c43-8e28-2f8fcf3cc8d5","username":"Sanduo","email":"nichenavigator88@gmail.com","emailVerified":false,"verificationToken":null,"passwordResetToken":"9r49SbjDWxwCZ4qC-sI5V...
3:11:52 PM [express] GET /api/courses 304 in 7ms :: {"courses":[{"id":"1c1410f1-5fbb-4ecb-8975-962084c4419a","title":"AI CINEMATOGRAPHY & DIRECTION","slug":"ai-cinematography-and-direction","description":"Master the visual language of AI filmmaking. Fr...
3:11:52 PM [express] GET /api/featured-videos 304 in 9ms :: {"videos":[{"id":"7b4374bd-ddb5-4174-9946-4d886cdb09ec","title":"ECHO PROTOCOL","category":"Sci-Fi Short Film","description":"A cyberpunk detective navigates neon-soaked streets.","thumbnailUrl":"http...
3:12:07 PM [express] GET /api/auth/me 304 in 5ms :: {"user":{"id":"f6849053-994c-4c43-8e28-2f8fcf3cc8d5","username":"Sanduo","email":"nichenavigator88@gmail.com","emailVerified":false,"verificationToken":null,"passwordResetToken":"9r49SbjDWxwCZ4qC-sI5V...
3:12:07 PM [express] GET /api/courses 304 in 9ms :: {"courses":[{"id":"1c1410f1-5fbb-4ecb-8975-962084c4419a","title":"AI CINEMATOGRAPHY & DIRECTION","slug":"ai-cinematography-and-direction","description":"Master the visual language of AI filmmaking. Fr...
3:12:07 PM [express] GET /api/auth/me 401 in 0ms :: {"message":"Not authenticated"}
3:12:07 PM [express] GET /api/featured-videos 304 in 7ms :: {"videos":[{"id":"7b4374bd-ddb5-4174-9946-4d886cdb09ec","title":"ECHO PROTOCOL","category":"Sci-Fi Short Film","description":"A cyberpunk detective navigates neon-soaked streets.","thumbnailUrl":"http...
3:12:07 PM [express] GET /api/featured-videos 304 in 2ms :: {"videos":[{"id":"7b4374bd-ddb5-4174-9946-4d886cdb09ec","title":"ECHO PROTOCOL","category":"Sci-Fi Short Film","description":"A cyberpunk detective navigates neon-soaked streets.","thumbnailUrl":"http...
3:12:07 PM [express] GET /api/courses 304 in 2ms :: {"courses":[{"id":"1c1410f1-5fbb-4ecb-8975-962084c4419a","title":"AI CINEMATOGRAPHY & DIRECTION","slug":"ai-cinematography-and-direction","description":"Master the visual language of AI filmmaking. Fr...
3:12:09 PM [express] GET /api/courses 304 in 7ms :: {"courses":[{"id":"1c1410f1-5fbb-4ecb-8975-962084c4419a","title":"AI CINEMATOGRAPHY & DIRECTION","slug":"ai-cinematography-and-direction","description":"Master the visual language of AI filmmaking. Fr...
3:12:09 PM [express] GET /api/course-tiers 304 in 5ms :: {"tiers":[{"id":"568d3daf-117b-4513-b86d-84e9b9b9b86f","name":"Foundation","slug":"foundation","color":"#2962FF","sortOrder":0,"createdAt":"2026-02-22T18:06:42.931Z"},{"id":"999f52a8-feb6-4e16-99b1-18...
3:12:09 PM [express] GET /api/enrollments 304 in 9ms :: {"enrollments":[{"id":"4f069a05-b888-46bd-9477-c83f39afeff0","userId":"f6849053-994c-4c43-8e28-2f8fcf3cc8d5","courseId":"3da54ea4-8f54-4633-95b7-79860259a295","enrolledAt":"2025-12-16T10:06:08.502Z","...

> rest-express@1.0.0 dev
> NODE_ENV=development tsx server/index.ts

3:12:17 PM [express] serving on port 5000
3:12:22 PM [express] GET /api/auth/me 401 in 1ms :: {"message":"Not authenticated"}
3:12:22 PM [express] GET /api/courses 304 in 7ms :: {"courses":[{"id":"1c1410f1-5fbb-4ecb-8975-962084c4419a","title":"AI CINEMATOGRAPHY & DIRECTION","slug":"ai-cinematography-and-direction","description":"Master the visual language of AI filmmaking. Fr...
3:12:22 PM [express] GET /api/featured-videos 304 in 3ms :: {"videos":[{"id":"7b4374bd-ddb5-4174-9946-4d886cdb09ec","title":"ECHO PROTOCOL","category":"Sci-Fi Short Film","description":"A cyberpunk detective navigates neon-soaked streets.","thumbnailUrl":"http...
3:12:22 PM [express] GET /api/auth/me 304 in 5ms :: {"user":{"id":"f6849053-994c-4c43-8e28-2f8fcf3cc8d5","username":"Sanduo","email":"nichenavigator88@gmail.com","emailVerified":false,"verificationToken":null,"passwordResetToken":"9r49SbjDWxwCZ4qC-sI5V...
3:12:22 PM [express] GET /api/courses 304 in 8ms :: {"courses":[{"id":"1c1410f1-5fbb-4ecb-8975-962084c4419a","title":"AI CINEMATOGRAPHY & DIRECTION","slug":"ai-cinematography-and-direction","description":"Master the visual language of AI filmmaking. Fr...
3:12:22 PM [express] GET /api/featured-videos 304 in 9ms :: {"videos":[{"id":"7b4374bd-ddb5-4174-9946-4d886cdb09ec","title":"ECHO PROTOCOL","category":"Sci-Fi Short Film","description":"A cyberpunk detective navigates neon-soaked streets.","thumbnailUrl":"http...
3:12:23 PM [express] GET /api/courses 304 in 5ms :: {"courses":[{"id":"1c1410f1-5fbb-4ecb-8975-962084c4419a","title":"AI CINEMATOGRAPHY & DIRECTION","slug":"ai-cinematography-and-direction","description":"Master the visual language of AI filmmaking. Fr...
3:12:23 PM [express] GET /api/auth/me 304 in 5ms :: {"user":{"id":"f6849053-994c-4c43-8e28-2f8fcf3cc8d5","username":"Sanduo","email":"nichenavigator88@gmail.com","emailVerified":false,"verificationToken":null,"passwordResetToken":"9r49SbjDWxwCZ4qC-sI5V...
3:12:23 PM [express] GET /api/featured-videos 304 in 6ms :: {"videos":[{"id":"7b4374bd-ddb5-4174-9946-4d886cdb09ec","title":"ECHO PROTOCOL","category":"Sci-Fi Short Film","description":"A cyberpunk detective navigates neon-soaked streets.","thumbnailUrl":"http...
3:12:25 PM [express] GET /api/courses 304 in 5ms :: {"courses":[{"id":"1c1410f1-5fbb-4ecb-8975-962084c4419a","title":"AI CINEMATOGRAPHY & DIRECTION","slug":"ai-cinematography-and-direction","description":"Master the visual language of AI filmmaking. Fr...
3:12:25 PM [express] GET /api/course-tiers 304 in 4ms :: {"tiers":[{"id":"568d3daf-117b-4513-b86d-84e9b9b9b86f","name":"Foundation","slug":"foundation","color":"#2962FF","sortOrder":0,"createdAt":"2026-02-22T18:06:42.931Z"},{"id":"999f52a8-feb6-4e16-99b1-18...
3:12:25 PM [express] GET /api/enrollments 304 in 7ms :: {"enrollments":[{"id":"4f069a05-b888-46bd-9477-c83f39afeff0","userId":"f6849053-994c-4c43-8e28-2f8fcf3cc8d5","courseId":"3da54ea4-8f54-4633-95b7-79860259a295","enrolledAt":"2025-12-16T10:06:08.502Z","...
3:16:27 PM [vite] (client) hmr update /src/index.css, /src/pages/admin-dashboard.tsx
3:16:48 PM [express] GET /api/courses/nano-banana-mastery 304 in 10ms :: {"course":{"id":"b1d2a61f-7698-4313-923f-3e6ab511aa11","title":"NANO BANANA MASTERY","slug":"nano-banana-mastery","description":"Create Consistent Digital Actors. Stop Rolling the Dice. Master charact...
3:17:03 PM [vite] (client) hmr update /src/index.css, /src/pages/admin-dashboard.tsx

> rest-express@1.0.0 dev
> NODE_ENV=development tsx server/index.ts

3:17:15 PM [express] serving on port 5000
3:17:22 PM [express] GET /api/auth/me 304 in 10ms :: {"user":{"id":"f6849053-994c-4c43-8e28-2f8fcf3cc8d5","username":"Sanduo","email":"nichenavigator88@gmail.com","emailVerified":false,"verificationToken":null,"passwordResetToken":"9r49SbjDWxwCZ4qC-sI5V...
3:17:22 PM [express] GET /api/courses 304 in 8ms :: {"courses":[{"id":"1c1410f1-5fbb-4ecb-8975-962084c4419a","title":"AI CINEMATOGRAPHY & DIRECTION","slug":"ai-cinematography-and-direction","description":"Master the visual language of AI filmmaking. Fr...
3:17:22 PM [express] GET /api/featured-videos 304 in 9ms :: {"videos":[{"id":"7b4374bd-ddb5-4174-9946-4d886cdb09ec","title":"ECHO PROTOCOL","category":"Sci-Fi Short Film","description":"A cyberpunk detective navigates neon-soaked streets.","thumbnailUrl":"http...
3:17:26 PM [express] GET /api/courses 304 in 41ms :: {"courses":[{"id":"1c1410f1-5fbb-4ecb-8975-962084c4419a","title":"AI CINEMATOGRAPHY & DIRECTION","slug":"ai-cinematography-and-direction","description":"Master the visual language of AI filmmaking. Fr...
3:17:26 PM [express] GET /api/course-tiers 304 in 40ms :: {"tiers":[{"id":"568d3daf-117b-4513-b86d-84e9b9b9b86f","name":"Foundation","slug":"foundation","color":"#2962FF","sortOrder":0,"createdAt":"2026-02-22T18:06:42.931Z"},{"id":"999f52a8-feb6-4e16-99b1-18...
3:17:26 PM [express] GET /api/enrollments 304 in 47ms :: {"enrollments":[{"id":"4f069a05-b888-46bd-9477-c83f39afeff0","userId":"f6849053-994c-4c43-8e28-2f8fcf3cc8d5","courseId":"3da54ea4-8f54-4633-95b7-79860259a295","enrolledAt":"2025-12-16T10:06:08.502Z","...

> rest-express@1.0.0 dev
> NODE_ENV=development tsx server/index.ts

3:17:59 PM [express] serving on port 5000
3:18:03 PM [express] GET /api/auth/me 304 in 9ms :: {"user":{"id":"f6849053-994c-4c43-8e28-2f8fcf3cc8d5","username":"Sanduo","email":"nichenavigator88@gmail.com","emailVerified":false,"verificationToken":null,"passwordResetToken":"9r49SbjDWxwCZ4qC-sI5V...
3:18:03 PM [express] GET /api/courses 304 in 10ms :: {"courses":[{"id":"1c1410f1-5fbb-4ecb-8975-962084c4419a","title":"AI CINEMATOGRAPHY & DIRECTION","slug":"ai-cinematography-and-direction","description":"Master the visual language of AI filmmaking. Fr...
3:18:03 PM [express] GET /api/featured-videos 304 in 8ms :: {"videos":[{"id":"7b4374bd-ddb5-4174-9946-4d886cdb09ec","title":"ECHO PROTOCOL","category":"Sci-Fi Short Film","description":"A cyberpunk detective navigates neon-soaked streets.","thumbnailUrl":"http...
3:18:05 PM [express] GET /api/auth/me 401 in 1ms :: {"message":"Not authenticated"}
3:18:05 PM [express] GET /api/featured-videos 304 in 3ms :: {"videos":[{"id":"7b4374bd-ddb5-4174-9946-4d886cdb09ec","title":"ECHO PROTOCOL","category":"Sci-Fi Short Film","description":"A cyberpunk detective navigates neon-soaked streets.","thumbnailUrl":"http...
3:18:05 PM [express] GET /api/courses 304 in 3ms :: {"courses":[{"id":"1c1410f1-5fbb-4ecb-8975-962084c4419a","title":"AI CINEMATOGRAPHY & DIRECTION","slug":"ai-cinematography-and-direction","description":"Master the visual language of AI filmmaking. Fr...
3:18:05 PM [express] GET /api/featured-videos 304 in 5ms :: {"videos":[{"id":"7b4374bd-ddb5-4174-9946-4d886cdb09ec","title":"ECHO PROTOCOL","category":"Sci-Fi Short Film","description":"A cyberpunk detective navigates neon-soaked streets.","thumbnailUrl":"http...
3:18:05 PM [express] GET /api/auth/me 304 in 4ms :: {"user":{"id":"f6849053-994c-4c43-8e28-2f8fcf3cc8d5","username":"Sanduo","email":"nichenavigator88@gmail.com","emailVerified":false,"verificationToken":null,"passwordResetToken":"9r49SbjDWxwCZ4qC-sI5V...
3:18:05 PM [express] GET /api/courses 304 in 6ms :: {"courses":[{"id":"1c1410f1-5fbb-4ecb-8975-962084c4419a","title":"AI CINEMATOGRAPHY & DIRECTION","slug":"ai-cinematography-and-direction","description":"Master the visual language of AI filmmaking. Fr...
3:18:08 PM [express] GET /api/courses 304 in 5ms :: {"courses":[{"id":"1c1410f1-5fbb-4ecb-8975-962084c4419a","title":"AI CINEMATOGRAPHY & DIRECTION","slug":"ai-cinematography-and-direction","description":"Master the visual language of AI filmmaking. Fr...
3:18:08 PM [express] GET /api/course-tiers 304 in 4ms :: {"tiers":[{"id":"568d3daf-117b-4513-b86d-84e9b9b9b86f","name":"Foundation","slug":"foundation","color":"#2962FF","sortOrder":0,"createdAt":"2026-02-22T18:06:42.931Z"},{"id":"999f52a8-feb6-4e16-99b1-18...
3:18:08 PM [express] GET /api/enrollments 304 in 6ms :: {"enrollments":[{"id":"4f069a05-b888-46bd-9477-c83f39afeff0","userId":"f6849053-994c-4c43-8e28-2f8fcf3cc8d5","courseId":"3da54ea4-8f54-4633-95b7-79860259a295","enrolledAt":"2025-12-16T10:06:08.502Z","...
3:20:20 PM [express] GET /api/featured-videos 200 in 11ms :: {"videos":[{"id":"7b4374bd-ddb5-4174-9946-4d886cdb09ec","title":"ECHO PROTOCOL","category":"Sci-Fi Short Film","description":"A cyberpunk detective navigates neon-soaked streets.","thumbnailUrl":"http...
3:20:37 PM [express] POST /api/auth/login 200 in 126ms :: {"user":{"id":"f6849053-994c-4c43-8e28-2f8fcf3cc8d5","username":"Sanduo","email":"nichenavigator88@gmail.com","emailVerified":false,"verificationToken":null,"passwordResetToken":"9r49SbjDWxwCZ4qC-sI5V...
3:20:37 PM [express] POST /api/featured-videos 201 in 10ms :: {"video":{"id":"36d018c5-5a44-4cf6-ab6d-34322a026875","title":"NEURAL BLOOM","category":"Experimental Art Film","description":"An abstract exploration of consciousness, where neural networks blossom i...
3:20:38 PM [express] POST /api/featured-videos 201 in 9ms :: {"video":{"id":"b3d6c119-8a3b-40e7-8c33-7580add3fed2","title":"PHANTOM SIGNAL","category":"Sci-Fi Short Film","description":"A lone astronaut receives a mysterious transmission that challenges everyth...
